{smcl}
{com}{sf}{ul off}{txt}{.-}
      name:  {res}<unnamed>
       {txt}log:  {res}C:\Users\hp\OneDrive\Documents\Reg_Model.smcl
  {txt}log type:  {res}smcl
 {txt}opened on:  {res} 7 Dec 2024, 21:49:12

{com}. generate d2_l1 = d2/l1
{txt}(4,328 missing values generated)

{com}. graph matrix d2_l1 GVC_OU
{res}
{com}. regress d2_l1 GVC_OU

{txt}      Source {c |}       SS           df       MS      Number of obs   ={res}    11,879
{txt}{hline 13}{c +}{hline 34}   F(1, 11877)     = {res}     0.05
{txt}       Model {c |} {res} 7.6259e+10         1  7.6259e+10   {txt}Prob > F        ={res}    0.8194
{txt}    Residual {c |} {res} 1.7379e+16    11,877  1.4633e+12   {txt}R-squared       ={res}    0.0000
{txt}{hline 13}{c +}{hline 34}   Adj R-squared   ={res}   -0.0001
{txt}       Total {c |} {res} 1.7379e+16    11,878  1.4631e+12   {txt}Root MSE        =   {res} 1.2e+06

{txt}{hline 13}{c TT}{hline 11}{hline 11}{hline 9}{hline 8}{hline 13}{hline 12}
{col 1}       d2_l1{col 14}{c |} Coefficient{col 26}  Std. err.{col 38}      t{col 46}   P>|t|{col 54}     [95% con{col 67}f. interval]
{hline 13}{c +}{hline 11}{hline 11}{hline 9}{hline 8}{hline 13}{hline 12}
{space 6}GVC_OU {c |}{col 14}{res}{space 2}-2430.051{col 26}{space 2} 10644.62{col 37}{space 1}   -0.23{col 46}{space 3}0.819{col 54}{space 4}-23295.24{col 67}{space 3} 18435.14
{txt}{space 7}_cons {c |}{col 14}{res}{space 2} 138104.6{col 26}{space 2} 25561.53{col 37}{space 1}    5.40{col 46}{space 3}0.000{col 54}{space 4} 87999.78{col 67}{space 3} 188209.4
{txt}{hline 13}{c BT}{hline 11}{hline 11}{hline 9}{hline 8}{hline 13}{hline 12}
{res}
{com}. generate log_d2_l1 = log(d2_l1)
{txt}(5,215 missing values generated)

{com}. regress log_d2_l1 GVC_OU

{txt}      Source {c |}       SS           df       MS      Number of obs   ={res}    10,992
{txt}{hline 13}{c +}{hline 34}   F(1, 10990)     = {res}    22.21
{txt}       Model {c |} {res} 53.9296894         1  53.9296894   {txt}Prob > F        ={res}    0.0000
{txt}    Residual {c |} {res}  26680.783    10,990  2.42773275   {txt}R-squared       ={res}    0.0020
{txt}{hline 13}{c +}{hline 34}   Adj R-squared   ={res}    0.0019
{txt}       Total {c |} {res} 26734.7127    10,991  2.43241858   {txt}Root MSE        =   {res} 1.5581

{txt}{hline 13}{c TT}{hline 11}{hline 11}{hline 9}{hline 8}{hline 13}{hline 12}
{col 1}   log_d2_l1{col 14}{c |} Coefficient{col 26}  Std. err.{col 38}      t{col 46}   P>|t|{col 54}     [95% con{col 67}f. interval]
{hline 13}{c +}{hline 11}{hline 11}{hline 9}{hline 8}{hline 13}{hline 12}
{space 6}GVC_OU {c |}{col 14}{res}{space 2}-.0689592{col 26}{space 2} .0146312{col 37}{space 1}   -4.71{col 46}{space 3}0.000{col 54}{space 4}-.0976389{col 67}{space 3}-.0402795
{txt}{space 7}_cons {c |}{col 14}{res}{space 2}  10.6829{col 26}{space 2} .0346332{col 37}{space 1}  308.46{col 46}{space 3}0.000{col 54}{space 4} 10.61501{col 67}{space 3} 10.75079
{txt}{hline 13}{c BT}{hline 11}{hline 11}{hline 9}{hline 8}{hline 13}{hline 12}
{res}
{com}. codebook log_d2_l1

{txt}{hline}
{res}log_d2_l1{right:(unlabeled)}
{txt}{hline}

{col 19}Type: Numeric ({res}float{txt})

{col 18}Range: [{res}-3.2418437{txt},{res}17.224018{txt}]{col 55}Units: {res}1.000e-08
{col 10}{txt}Unique values: {res}7,120{col 51}{txt}Missing .: {res}5,215{txt}/{res}16,207

{txt}{col 19}Mean: {res}{ralign 7:10.5355}
{txt}{col 14}Std. dev.: {res}{ralign 7:1.55962}

{txt}{col 12}Percentiles: {col 25}{ralign 7:10%}{ralign 10:25%}{ralign 10:50%}{ralign 10:75%}{ralign 10:90%}
{res}{col 25}{ralign 7:8.9359}{ralign 10: 9.70459}{ralign 10: 10.4916}{ralign 10: 11.3066}{ralign 10: 12.2556}

{com}. regress log_d2_l1 GVC_OU c.GVC_OU#ECAo3
{err}ECAo3:  factor variables may not contain negative values
{txt}{search r(452), local:r(452);}

{com}. recode ECAo3 (-9=0)
{txt}(56 changes made to {bf:ECAo3})

{com}. regress log_d2_l1 GVC_OU c.GVC_OU#ECAo3

{txt}      Source {c |}       SS           df       MS      Number of obs   ={res}     7,334
{txt}{hline 13}{c +}{hline 34}   F(3, 7330)      = {res}    73.51
{txt}       Model {c |} {res} 539.817051         3  179.939017   {txt}Prob > F        ={res}    0.0000
{txt}    Residual {c |} {res} 17942.0197     7,330  2.44775166   {txt}R-squared       ={res}    0.0292
{txt}{hline 13}{c +}{hline 34}   Adj R-squared   ={res}    0.0288
{txt}       Total {c |} {res} 18481.8367     7,333  2.52036503   {txt}Root MSE        =   {res} 1.5645

{txt}{hline 15}{c TT}{hline 11}{hline 11}{hline 9}{hline 8}{hline 13}{hline 12}
{col 1}     log_d2_l1{col 16}{c |} Coefficient{col 28}  Std. err.{col 40}      t{col 48}   P>|t|{col 56}     [95% con{col 69}f. interval]
{hline 15}{c +}{hline 11}{hline 11}{hline 9}{hline 8}{hline 13}{hline 12}
{space 8}GVC_OU {c |}{col 16}{res}{space 2}-1.572675{col 28}{space 2} .1062453{col 39}{space 1}  -14.80{col 48}{space 3}0.000{col 56}{space 4}-1.780946{col 69}{space 3}-1.364404
{txt}{space 14} {c |}
ECAo3#c.GVC_OU {c |}
{space 10}Yes  {c |}{col 16}{res}{space 2} 1.517425{col 28}{space 2} .1061766{col 39}{space 1}   14.29{col 48}{space 3}0.000{col 56}{space 4} 1.309289{col 69}{space 3} 1.725562
{txt}{space 11}No  {c |}{col 16}{res}{space 2}  1.53722{col 28}{space 2} .1056362{col 39}{space 1}   14.55{col 48}{space 3}0.000{col 56}{space 4} 1.330142{col 69}{space 3} 1.744297
{txt}{space 14} {c |}
{space 9}_cons {c |}{col 16}{res}{space 2} 10.68404{col 28}{space 2} .0430438{col 39}{space 1}  248.21{col 48}{space 3}0.000{col 56}{space 4} 10.59966{col 69}{space 3} 10.76841
{txt}{hline 15}{c BT}{hline 11}{hline 11}{hline 9}{hline 8}{hline 13}{hline 12}
{res}
{com}. recode b4 (-9=0)
{txt}(0 changes made to {bf:b4})

{com}. regress log_d2_l1 GVC_OU c.GVC_OU#b4

{txt}      Source {c |}       SS           df       MS      Number of obs   ={res}     7,633
{txt}{hline 13}{c +}{hline 34}   F(3, 7629)      = {res}    11.03
{txt}       Model {c |} {res} 91.1402313         3  30.3800771   {txt}Prob > F        ={res}    0.0000
{txt}    Residual {c |} {res} 21017.7133     7,629  2.75497618   {txt}R-squared       ={res}    0.0043
{txt}{hline 13}{c +}{hline 34}   Adj R-squared   ={res}    0.0039
{txt}       Total {c |} {res} 21108.8535     7,632  2.76583511   {txt}Root MSE        =   {res} 1.6598

{txt}{hline 13}{c TT}{hline 11}{hline 11}{hline 9}{hline 8}{hline 13}{hline 12}
{col 1}   log_d2_l1{col 14}{c |} Coefficient{col 26}  Std. err.{col 38}      t{col 46}   P>|t|{col 54}     [95% con{col 67}f. interval]
{hline 13}{c +}{hline 11}{hline 11}{hline 9}{hline 8}{hline 13}{hline 12}
{space 6}GVC_OU {c |}{col 14}{res}{space 2}-.1682328{col 26}{space 2}  .056505{col 37}{space 1}   -2.98{col 46}{space 3}0.003{col 54}{space 4}-.2789981{col 67}{space 3}-.0574674
{txt}{space 12} {c |}
{space 1}b4#c.GVC_OU {c |}
{space 8}Yes  {c |}{col 14}{res}{space 2} .0564021{col 26}{space 2}  .056386{col 37}{space 1}    1.00{col 46}{space 3}0.317{col 54}{space 4}  -.05413{col 67}{space 3} .1669342
{txt}{space 9}No  {c |}{col 14}{res}{space 2}  .115284{col 26}{space 2} .0556722{col 37}{space 1}    2.07{col 46}{space 3}0.038{col 54}{space 4} .0061511{col 67}{space 3} .2244169
{txt}{space 12} {c |}
{space 7}_cons {c |}{col 14}{res}{space 2} 10.94342{col 26}{space 2} .0430679{col 37}{space 1}  254.10{col 46}{space 3}0.000{col 54}{space 4} 10.85899{col 67}{space 3} 11.02784
{txt}{hline 13}{c BT}{hline 11}{hline 11}{hline 9}{hline 8}{hline 13}{hline 12}
{res}
{com}. generate d2_n2a = d2/n2a
{txt}(6,866 missing values generated)

{com}. regress d2_n2a GVC_OU

{txt}      Source {c |}       SS           df       MS      Number of obs   ={res}     9,341
{txt}{hline 13}{c +}{hline 34}   F(1, 9339)      = {res}    11.70
{txt}       Model {c |} {res} 4.0046e+16         1  4.0046e+16   {txt}Prob > F        ={res}    0.0006
{txt}    Residual {c |} {res} 3.1957e+19     9,339  3.4219e+15   {txt}R-squared       ={res}    0.0013
{txt}{hline 13}{c +}{hline 34}   Adj R-squared   ={res}    0.0011
{txt}       Total {c |} {res} 3.1997e+19     9,340  3.4258e+15   {txt}Root MSE        =   {res} 5.8e+07

{txt}{hline 13}{c TT}{hline 11}{hline 11}{hline 9}{hline 8}{hline 13}{hline 12}
{col 1}      d2_n2a{col 14}{c |} Coefficient{col 26}  Std. err.{col 38}      t{col 46}   P>|t|{col 54}     [95% con{col 67}f. interval]
{hline 13}{c +}{hline 11}{hline 11}{hline 9}{hline 8}{hline 13}{hline 12}
{space 6}GVC_OU {c |}{col 14}{res}{space 2} -1945065{col 26}{space 2} 568573.4{col 37}{space 1}   -3.42{col 46}{space 3}0.001{col 54}{space 4} -3059593{col 67}{space 3}-830537.5
{txt}{space 7}_cons {c |}{col 14}{res}{space 2}  2821136{col 26}{space 2}  1375188{col 37}{space 1}    2.05{col 46}{space 3}0.040{col 54}{space 4} 125467.1{col 67}{space 3}  5516804
{txt}{hline 13}{c BT}{hline 11}{hline 11}{hline 9}{hline 8}{hline 13}{hline 12}
{res}
{com}. regress d2_n2a GVC_OU c.GVC_OU#ECAo3

{txt}      Source {c |}       SS           df       MS      Number of obs   ={res}     7,174
{txt}{hline 13}{c +}{hline 34}   F(3, 7170)      = {res}     8.40
{txt}       Model {c |} {res} 1.1190e+17         3  3.7300e+16   {txt}Prob > F        ={res}    0.0000
{txt}    Residual {c |} {res} 3.1856e+19     7,170  4.4429e+15   {txt}R-squared       ={res}    0.0035
{txt}{hline 13}{c +}{hline 34}   Adj R-squared   ={res}    0.0031
{txt}       Total {c |} {res} 3.1967e+19     7,173  4.4566e+15   {txt}Root MSE        =   {res} 6.7e+07

{txt}{hline 15}{c TT}{hline 11}{hline 11}{hline 9}{hline 8}{hline 13}{hline 12}
{col 1}        d2_n2a{col 16}{c |} Coefficient{col 28}  Std. err.{col 40}      t{col 48}   P>|t|{col 56}     [95% con{col 69}f. interval]
{hline 15}{c +}{hline 11}{hline 11}{hline 9}{hline 8}{hline 13}{hline 12}
{space 8}GVC_OU {c |}{col 16}{res}{space 2} -3616775{col 28}{space 2}  3071535{col 39}{space 1}   -1.18{col 48}{space 3}0.239{col 56}{space 4} -9637888{col 69}{space 3}  2404339
{txt}{space 14} {c |}
ECAo3#c.GVC_OU {c |}
{space 10}Yes  {c |}{col 16}{res}{space 2}-892317.4{col 28}{space 2}  3094222{col 39}{space 1}   -0.29{col 48}{space 3}0.773{col 56}{space 4} -6957905{col 69}{space 3}  5173270
{txt}{space 11}No  {c |}{col 16}{res}{space 2}  2047843{col 28}{space 2}  3043520{col 39}{space 1}    0.67{col 48}{space 3}0.501{col 56}{space 4} -3918354{col 69}{space 3}  8014039
{txt}{space 14} {c |}
{space 9}_cons {c |}{col 16}{res}{space 2}  3363821{col 28}{space 2}  1798298{col 39}{space 1}    1.87{col 48}{space 3}0.061{col 56}{space 4}-161373.8{col 69}{space 3}  6889015
{txt}{hline 15}{c BT}{hline 11}{hline 11}{hline 9}{hline 8}{hline 13}{hline 12}
{res}
{com}. generate log_d2_n2a = log(d2_n2a)
{txt}(7,566 missing values generated)

{com}. regress log_d2_n2a GVC_OU c.GVC_OU#ECAo3

{txt}      Source {c |}       SS           df       MS      Number of obs   ={res}     6,582
{txt}{hline 13}{c +}{hline 34}   F(3, 6578)      = {res}     9.56
{txt}       Model {c |} {res} 37.0856126         3  12.3618709   {txt}Prob > F        ={res}    0.0000
{txt}    Residual {c |} {res} 8501.62278     6,578  1.29243277   {txt}R-squared       ={res}    0.0043
{txt}{hline 13}{c +}{hline 34}   Adj R-squared   ={res}    0.0039
{txt}       Total {c |} {res} 8538.70839     6,581  1.29747886   {txt}Root MSE        =   {res} 1.1369

{txt}{hline 15}{c TT}{hline 11}{hline 11}{hline 9}{hline 8}{hline 13}{hline 12}
{col 1}    log_d2_n2a{col 16}{c |} Coefficient{col 28}  Std. err.{col 40}      t{col 48}   P>|t|{col 56}     [95% con{col 69}f. interval]
{hline 15}{c +}{hline 11}{hline 11}{hline 9}{hline 8}{hline 13}{hline 12}
{space 8}GVC_OU {c |}{col 16}{res}{space 2}-.3443487{col 28}{space 2} .0678253{col 39}{space 1}   -5.08{col 48}{space 3}0.000{col 56}{space 4}-.4773084{col 69}{space 3} -.211389
{txt}{space 14} {c |}
ECAo3#c.GVC_OU {c |}
{space 10}Yes  {c |}{col 16}{res}{space 2} .3640514{col 28}{space 2} .0682013{col 39}{space 1}    5.34{col 48}{space 3}0.000{col 56}{space 4} .2303547{col 69}{space 3} .4977482
{txt}{space 11}No  {c |}{col 16}{res}{space 2} .3475942{col 28}{space 2} .0674528{col 39}{space 1}    5.15{col 48}{space 3}0.000{col 56}{space 4} .2153649{col 69}{space 3} .4798235
{txt}{space 14} {c |}
{space 9}_cons {c |}{col 16}{res}{space 2} 1.820972{col 28}{space 2} .0323027{col 39}{space 1}   56.37{col 48}{space 3}0.000{col 56}{space 4} 1.757648{col 69}{space 3} 1.884296
{txt}{hline 15}{c BT}{hline 11}{hline 11}{hline 9}{hline 8}{hline 13}{hline 12}
{res}
{com}. generate neg = -log_d2_n2a
{txt}(7,566 missing values generated)

{com}. regress neg GVC_OU c.GVC_OU#ECAo3

{txt}      Source {c |}       SS           df       MS      Number of obs   ={res}     6,582
{txt}{hline 13}{c +}{hline 34}   F(3, 6578)      = {res}     9.56
{txt}       Model {c |} {res} 37.0856126         3  12.3618709   {txt}Prob > F        ={res}    0.0000
{txt}    Residual {c |} {res} 8501.62278     6,578  1.29243277   {txt}R-squared       ={res}    0.0043
{txt}{hline 13}{c +}{hline 34}   Adj R-squared   ={res}    0.0039
{txt}       Total {c |} {res} 8538.70839     6,581  1.29747886   {txt}Root MSE        =   {res} 1.1369

{txt}{hline 15}{c TT}{hline 11}{hline 11}{hline 9}{hline 8}{hline 13}{hline 12}
{col 1}           neg{col 16}{c |} Coefficient{col 28}  Std. err.{col 40}      t{col 48}   P>|t|{col 56}     [95% con{col 69}f. interval]
{hline 15}{c +}{hline 11}{hline 11}{hline 9}{hline 8}{hline 13}{hline 12}
{space 8}GVC_OU {c |}{col 16}{res}{space 2} .3443487{col 28}{space 2} .0678253{col 39}{space 1}    5.08{col 48}{space 3}0.000{col 56}{space 4}  .211389{col 69}{space 3} .4773084
{txt}{space 14} {c |}
ECAo3#c.GVC_OU {c |}
{space 10}Yes  {c |}{col 16}{res}{space 2}-.3640514{col 28}{space 2} .0682013{col 39}{space 1}   -5.34{col 48}{space 3}0.000{col 56}{space 4}-.4977482{col 69}{space 3}-.2303547
{txt}{space 11}No  {c |}{col 16}{res}{space 2}-.3475942{col 28}{space 2} .0674528{col 39}{space 1}   -5.15{col 48}{space 3}0.000{col 56}{space 4}-.4798235{col 69}{space 3}-.2153649
{txt}{space 14} {c |}
{space 9}_cons {c |}{col 16}{res}{space 2}-1.820972{col 28}{space 2} .0323027{col 39}{space 1}  -56.37{col 48}{space 3}0.000{col 56}{space 4}-1.884296{col 69}{space 3}-1.757648
{txt}{hline 15}{c BT}{hline 11}{hline 11}{hline 9}{hline 8}{hline 13}{hline 12}
{res}
{com}. generate s_l = ((d3a/100)*d2)/l1
{err}variable {bf}s_l{sf} already defined
{txt}{search r(110), local:r(110);}

{com}. generate labour_prod = ((d3a/100)*d2)/l1
{txt}(4,348 missing values generated)

{com}. regress labour_prod GVC_OU c.GVC_OU#ECAo3

{txt}      Source {c |}       SS           df       MS      Number of obs   ={res}     8,144
{txt}{hline 13}{c +}{hline 34}   F(3, 8140)      = {res}     0.73
{txt}       Model {c |} {res} 3.3215e+12         3  1.1072e+12   {txt}Prob > F        ={res}    0.5341
{txt}    Residual {c |} {res} 1.2349e+16     8,140  1.5171e+12   {txt}R-squared       ={res}    0.0003
{txt}{hline 13}{c +}{hline 34}   Adj R-squared   ={res}   -0.0001
{txt}       Total {c |} {res} 1.2352e+16     8,143  1.5169e+12   {txt}Root MSE        =   {res} 1.2e+06

{txt}{hline 15}{c TT}{hline 11}{hline 11}{hline 9}{hline 8}{hline 13}{hline 12}
{col 1}   labour_prod{col 16}{c |} Coefficient{col 28}  Std. err.{col 40}      t{col 48}   P>|t|{col 56}     [95% con{col 69}f. interval]
{hline 15}{c +}{hline 11}{hline 11}{hline 9}{hline 8}{hline 13}{hline 12}
{space 8}GVC_OU {c |}{col 16}{res}{space 2}-5852.703{col 28}{space 2} 56675.08{col 39}{space 1}   -0.10{col 48}{space 3}0.918{col 56}{space 4}-116950.3{col 69}{space 3} 105244.9
{txt}{space 14} {c |}
ECAo3#c.GVC_OU {c |}
{space 10}Yes  {c |}{col 16}{res}{space 2} 78.50614{col 28}{space 2} 56823.42{col 39}{space 1}    0.00{col 48}{space 3}0.999{col 56}{space 4}-111309.9{col 69}{space 3} 111466.9
{txt}{space 11}No  {c |}{col 16}{res}{space 2}  16674.7{col 28}{space 2} 56230.93{col 39}{space 1}    0.30{col 48}{space 3}0.767{col 56}{space 4}-93552.28{col 69}{space 3} 126901.7
{txt}{space 14} {c |}
{space 9}_cons {c |}{col 16}{res}{space 2} 100772.9{col 28}{space 2} 31688.11{col 39}{space 1}    3.18{col 48}{space 3}0.001{col 56}{space 4} 38656.09{col 69}{space 3} 162889.7
{txt}{hline 15}{c BT}{hline 11}{hline 11}{hline 9}{hline 8}{hline 13}{hline 12}
{res}
{com}. generate log_y = log(labour_prod)
{txt}(5,516 missing values generated)

{com}. regress log_y GVC_OU c.GVC_OU#ECAo3

{txt}      Source {c |}       SS           df       MS      Number of obs   ={res}     7,202
{txt}{hline 13}{c +}{hline 34}   F(3, 7198)      = {res}    85.10
{txt}       Model {c |} {res} 806.196543         3  268.732181   {txt}Prob > F        ={res}    0.0000
{txt}    Residual {c |} {res} 22730.8896     7,198  3.15794521   {txt}R-squared       ={res}    0.0343
{txt}{hline 13}{c +}{hline 34}   Adj R-squared   ={res}    0.0338
{txt}       Total {c |} {res} 23537.0862     7,201  3.26858578   {txt}Root MSE        =   {res} 1.7771

{txt}{hline 15}{c TT}{hline 11}{hline 11}{hline 9}{hline 8}{hline 13}{hline 12}
{col 1}         log_y{col 16}{c |} Coefficient{col 28}  Std. err.{col 40}      t{col 48}   P>|t|{col 56}     [95% con{col 69}f. interval]
{hline 15}{c +}{hline 11}{hline 11}{hline 9}{hline 8}{hline 13}{hline 12}
{space 8}GVC_OU {c |}{col 16}{res}{space 2} -1.76929{col 28}{space 2} .1166724{col 39}{space 1}  -15.16{col 48}{space 3}0.000{col 56}{space 4}-1.998002{col 69}{space 3}-1.540578
{txt}{space 14} {c |}
ECAo3#c.GVC_OU {c |}
{space 10}Yes  {c |}{col 16}{res}{space 2} 1.729182{col 28}{space 2} .1165737{col 39}{space 1}   14.83{col 48}{space 3}0.000{col 56}{space 4} 1.500664{col 69}{space 3} 1.957701
{txt}{space 11}No  {c |}{col 16}{res}{space 2} 1.807737{col 28}{space 2} .1159209{col 39}{space 1}   15.59{col 48}{space 3}0.000{col 56}{space 4} 1.580498{col 69}{space 3} 2.034976
{txt}{space 14} {c |}
{space 9}_cons {c |}{col 16}{res}{space 2}  10.3174{col 28}{space 2} .0494993{col 39}{space 1}  208.44{col 48}{space 3}0.000{col 56}{space 4} 10.22037{col 69}{space 3} 10.41443
{txt}{hline 15}{c BT}{hline 11}{hline 11}{hline 9}{hline 8}{hline 13}{hline 12}
{res}
{com}. regress log_y GVC_OU c.GVC_OU#ECAo4
{err}ECAo4:  factor variables may not contain noninteger values
{txt}{search r(452), local:r(452);}

{com}. regress log_y GVC_OU c.GVC_OU#ECAo6
{err}ECAo6:  factor variables may not contain negative values
{txt}{search r(452), local:r(452);}

{com}. regress log_y GVC_OU c.GVC_OU#c.ECAo4

{txt}      Source {c |}       SS           df       MS      Number of obs   ={res}     4,329
{txt}{hline 13}{c +}{hline 34}   F(2, 4326)      = {res}     3.53
{txt}       Model {c |} {res} 10.4428799         2  5.22143995   {txt}Prob > F        ={res}    0.0294
{txt}    Residual {c |} {res}  6401.3014     4,326  1.47972755   {txt}R-squared       ={res}    0.0016
{txt}{hline 13}{c +}{hline 34}   Adj R-squared   ={res}    0.0012
{txt}       Total {c |} {res} 6411.74428     4,328  1.48145663   {txt}Root MSE        =   {res} 1.2164

{txt}{hline 17}{c TT}{hline 11}{hline 11}{hline 9}{hline 8}{hline 13}{hline 12}
{col 1}           log_y{col 18}{c |} Coefficient{col 30}  Std. err.{col 42}      t{col 50}   P>|t|{col 58}     [95% con{col 71}f. interval]
{hline 17}{c +}{hline 11}{hline 11}{hline 9}{hline 8}{hline 13}{hline 12}
{space 10}GVC_OU {c |}{col 18}{res}{space 2} .0351755{col 30}{space 2} .0196669{col 41}{space 1}    1.79{col 50}{space 3}0.074{col 58}{space 4}-.0033816{col 71}{space 3} .0737326
{txt}{space 16} {c |}
c.GVC_OU#c.ECAo4 {c |}{col 18}{res}{space 2} 1.44e-08{col 30}{space 2} 7.61e-09{col 41}{space 1}    1.90{col 50}{space 3}0.058{col 58}{space 4}-4.95e-10{col 71}{space 3} 2.93e-08
{txt}{space 16} {c |}
{space 11}_cons {c |}{col 18}{res}{space 2} 10.03415{col 30}{space 2} .0468018{col 41}{space 1}  214.40{col 50}{space 3}0.000{col 58}{space 4} 9.942396{col 71}{space 3} 10.12591
{txt}{hline 17}{c BT}{hline 11}{hline 11}{hline 9}{hline 8}{hline 13}{hline 12}
{res}
{com}. regress labour_prod GVC_OU c.GVC_OU#ECAo6
{err}ECAo6:  factor variables may not contain negative values
{txt}{search r(452), local:r(452);}

{com}. regress labour_prod GVC_OU c.GVC_OU#c.ECAo4

{txt}      Source {c |}       SS           df       MS      Number of obs   ={res}     4,499
{txt}{hline 13}{c +}{hline 34}   F(2, 4496)      = {res}     1.57
{txt}       Model {c |} {res} 3.9453e+11         2  1.9726e+11   {txt}Prob > F        ={res}    0.2083
{txt}    Residual {c |} {res} 5.6518e+14     4,496  1.2571e+11   {txt}R-squared       ={res}    0.0007
{txt}{hline 13}{c +}{hline 34}   Adj R-squared   ={res}    0.0003
{txt}       Total {c |} {res} 5.6558e+14     4,498  1.2574e+11   {txt}Root MSE        =   {res} 3.5e+05

{txt}{hline 17}{c TT}{hline 11}{hline 11}{hline 9}{hline 8}{hline 13}{hline 12}
{col 1}     labour_prod{col 18}{c |} Coefficient{col 30}  Std. err.{col 42}      t{col 50}   P>|t|{col 58}     [95% con{col 71}f. interval]
{hline 17}{c +}{hline 11}{hline 11}{hline 9}{hline 8}{hline 13}{hline 12}
{space 10}GVC_OU {c |}{col 18}{res}{space 2}-7769.785{col 30}{space 2} 5610.893{col 41}{space 1}   -1.38{col 50}{space 3}0.166{col 58}{space 4} -18769.9{col 71}{space 3} 3230.325
{txt}{space 16} {c |}
c.GVC_OU#c.ECAo4 {c |}{col 18}{res}{space 2} .0021755{col 30}{space 2} .0019055{col 41}{space 1}    1.14{col 50}{space 3}0.254{col 58}{space 4}-.0015602{col 71}{space 3} .0059112
{txt}{space 16} {c |}
{space 11}_cons {c |}{col 18}{res}{space 2} 64824.79{col 30}{space 2} 13317.57{col 41}{space 1}    4.87{col 50}{space 3}0.000{col 58}{space 4}  38715.8{col 71}{space 3} 90933.78
{txt}{hline 17}{c BT}{hline 11}{hline 11}{hline 9}{hline 8}{hline 13}{hline 12}
{res}
{com}. regress log_d2_n2a GVC_OU c.GVC_OU#c.ECAo4

{txt}      Source {c |}       SS           df       MS      Number of obs   ={res}     3,444
{txt}{hline 13}{c +}{hline 34}   F(2, 3441)      = {res}     0.72
{txt}       Model {c |} {res} .990286533         2  .495143266   {txt}Prob > F        ={res}    0.4866
{txt}    Residual {c |} {res} 2364.56164     3,441  .687172811   {txt}R-squared       ={res}    0.0004
{txt}{hline 13}{c +}{hline 34}   Adj R-squared   ={res}   -0.0002
{txt}       Total {c |} {res} 2365.55193     3,443  .687061264   {txt}Root MSE        =   {res} .82896

{txt}{hline 17}{c TT}{hline 11}{hline 11}{hline 9}{hline 8}{hline 13}{hline 12}
{col 1}      log_d2_n2a{col 18}{c |} Coefficient{col 30}  Std. err.{col 42}      t{col 50}   P>|t|{col 58}     [95% con{col 71}f. interval]
{hline 17}{c +}{hline 11}{hline 11}{hline 9}{hline 8}{hline 13}{hline 12}
{space 10}GVC_OU {c |}{col 18}{res}{space 2} .0106056{col 30}{space 2}   .01446{col 41}{space 1}    0.73{col 50}{space 3}0.463{col 58}{space 4}-.0177453{col 71}{space 3} .0389566
{txt}{space 16} {c |}
c.GVC_OU#c.ECAo4 {c |}{col 18}{res}{space 2} 5.21e-09{col 30}{space 2} 5.48e-09{col 41}{space 1}    0.95{col 50}{space 3}0.342{col 58}{space 4}-5.53e-09{col 71}{space 3} 1.59e-08
{txt}{space 16} {c |}
{space 11}_cons {c |}{col 18}{res}{space 2} 1.855803{col 30}{space 2} .0349615{col 41}{space 1}   53.08{col 50}{space 3}0.000{col 58}{space 4} 1.787256{col 71}{space 3} 1.924351
{txt}{hline 17}{c BT}{hline 11}{hline 11}{hline 9}{hline 8}{hline 13}{hline 12}
{res}
{com}. regress log_d2_l1 GVC_OU c.GVC_OU#c.ECAo4

{txt}      Source {c |}       SS           df       MS      Number of obs   ={res}     4,407
{txt}{hline 13}{c +}{hline 34}   F(2, 4404)      = {res}    35.38
{txt}       Model {c |} {res} 79.0870993         2  39.5435497   {txt}Prob > F        ={res}    0.0000
{txt}    Residual {c |} {res} 4921.93838     4,404  1.11760635   {txt}R-squared       ={res}    0.0158
{txt}{hline 13}{c +}{hline 34}   Adj R-squared   ={res}    0.0154
{txt}       Total {c |} {res} 5001.02548     4,406  1.13504891   {txt}Root MSE        =   {res} 1.0572

{txt}{hline 17}{c TT}{hline 11}{hline 11}{hline 9}{hline 8}{hline 13}{hline 12}
{col 1}       log_d2_l1{col 18}{c |} Coefficient{col 30}  Std. err.{col 42}      t{col 50}   P>|t|{col 58}     [95% con{col 71}f. interval]
{hline 17}{c +}{hline 11}{hline 11}{hline 9}{hline 8}{hline 13}{hline 12}
{space 10}GVC_OU {c |}{col 18}{res}{space 2}-.0667939{col 30}{space 2} .0168975{col 41}{space 1}   -3.95{col 50}{space 3}0.000{col 58}{space 4}-.0999214{col 71}{space 3}-.0336664
{txt}{space 16} {c |}
c.GVC_OU#c.ECAo4 {c |}{col 18}{res}{space 2} 4.28e-08{col 30}{space 2} 5.68e-09{col 41}{space 1}    7.53{col 50}{space 3}0.000{col 58}{space 4} 3.16e-08{col 71}{space 3} 5.39e-08
{txt}{space 16} {c |}
{space 11}_cons {c |}{col 18}{res}{space 2} 10.49542{col 30}{space 2} .0401395{col 41}{space 1}  261.47{col 50}{space 3}0.000{col 58}{space 4} 10.41672{col 71}{space 3} 10.57411
{txt}{hline 17}{c BT}{hline 11}{hline 11}{hline 9}{hline 8}{hline 13}{hline 12}
{res}
{com}. generate center_y = log_d2_l1-mean(log_d2_l1)
{err}unknown function mean()
{txt}{search r(133), local:r(133);}

{com}. generate center_y = log_d2_l1-(mean log_d2_l1)
{err}meanlog_d2_l1 not found
{txt}{search r(111), local:r(111);}

{com}. mean log_d2_l1
{res}
{txt}{col 1}Mean estimation{col 41}{lalign 13:Number of obs}{col 54} = {res}{ralign 6:10,992}

{txt}{hline 13}{c TT}{hline 11}{hline 11}{hline 14}{hline 12}
{col 14}{c |}       Mean{col 26}   Std. err.{col 38}     [95% con{col 51}f. interval]
{hline 13}{c +}{hline 11}{hline 11}{hline 14}{hline 12}
{space 3}log_d2_l1 {c |}{col 14}{res}{space 2} 10.53546{col 26}{space 2} .0148758{col 37}{space 5}  10.5063{col 51}{space 3} 10.56462
{txt}{hline 13}{c BT}{hline 11}{hline 11}{hline 14}{hline 12}

{com}. generate center_y = log_d2_l1-10.54
{txt}(5,215 missing values generated)

{com}. regress log_d2_l1 GVC_OU c.GVC_OU#c.ECAo4

{txt}      Source {c |}       SS           df       MS      Number of obs   ={res}     4,407
{txt}{hline 13}{c +}{hline 34}   F(2, 4404)      = {res}    35.38
{txt}       Model {c |} {res} 79.0870993         2  39.5435497   {txt}Prob > F        ={res}    0.0000
{txt}    Residual {c |} {res} 4921.93838     4,404  1.11760635   {txt}R-squared       ={res}    0.0158
{txt}{hline 13}{c +}{hline 34}   Adj R-squared   ={res}    0.0154
{txt}       Total {c |} {res} 5001.02548     4,406  1.13504891   {txt}Root MSE        =   {res} 1.0572

{txt}{hline 17}{c TT}{hline 11}{hline 11}{hline 9}{hline 8}{hline 13}{hline 12}
{col 1}       log_d2_l1{col 18}{c |} Coefficient{col 30}  Std. err.{col 42}      t{col 50}   P>|t|{col 58}     [95% con{col 71}f. interval]
{hline 17}{c +}{hline 11}{hline 11}{hline 9}{hline 8}{hline 13}{hline 12}
{space 10}GVC_OU {c |}{col 18}{res}{space 2}-.0667939{col 30}{space 2} .0168975{col 41}{space 1}   -3.95{col 50}{space 3}0.000{col 58}{space 4}-.0999214{col 71}{space 3}-.0336664
{txt}{space 16} {c |}
c.GVC_OU#c.ECAo4 {c |}{col 18}{res}{space 2} 4.28e-08{col 30}{space 2} 5.68e-09{col 41}{space 1}    7.53{col 50}{space 3}0.000{col 58}{space 4} 3.16e-08{col 71}{space 3} 5.39e-08
{txt}{space 16} {c |}
{space 11}_cons {c |}{col 18}{res}{space 2} 10.49542{col 30}{space 2} .0401395{col 41}{space 1}  261.47{col 50}{space 3}0.000{col 58}{space 4} 10.41672{col 71}{space 3} 10.57411
{txt}{hline 17}{c BT}{hline 11}{hline 11}{hline 9}{hline 8}{hline 13}{hline 12}
{res}
{com}. regress center_y GVC_OU c.GVC_OU#c.ECAo4

{txt}      Source {c |}       SS           df       MS      Number of obs   ={res}     4,407
{txt}{hline 13}{c +}{hline 34}   F(2, 4404)      = {res}    35.38
{txt}       Model {c |} {res} 79.0871006         2  39.5435503   {txt}Prob > F        ={res}    0.0000
{txt}    Residual {c |} {res} 4921.93834     4,404  1.11760634   {txt}R-squared       ={res}    0.0158
{txt}{hline 13}{c +}{hline 34}   Adj R-squared   ={res}    0.0154
{txt}       Total {c |} {res} 5001.02544     4,406   1.1350489   {txt}Root MSE        =   {res} 1.0572

{txt}{hline 17}{c TT}{hline 11}{hline 11}{hline 9}{hline 8}{hline 13}{hline 12}
{col 1}        center_y{col 18}{c |} Coefficient{col 30}  Std. err.{col 42}      t{col 50}   P>|t|{col 58}     [95% con{col 71}f. interval]
{hline 17}{c +}{hline 11}{hline 11}{hline 9}{hline 8}{hline 13}{hline 12}
{space 10}GVC_OU {c |}{col 18}{res}{space 2}-.0667939{col 30}{space 2} .0168975{col 41}{space 1}   -3.95{col 50}{space 3}0.000{col 58}{space 4}-.0999214{col 71}{space 3}-.0336664
{txt}{space 16} {c |}
c.GVC_OU#c.ECAo4 {c |}{col 18}{res}{space 2} 4.28e-08{col 30}{space 2} 5.68e-09{col 41}{space 1}    7.53{col 50}{space 3}0.000{col 58}{space 4} 3.16e-08{col 71}{space 3} 5.39e-08
{txt}{space 16} {c |}
{space 11}_cons {c |}{col 18}{res}{space 2}-.0445839{col 30}{space 2} .0401395{col 41}{space 1}   -1.11{col 50}{space 3}0.267{col 58}{space 4}-.1232774{col 71}{space 3} .0341096
{txt}{hline 17}{c BT}{hline 11}{hline 11}{hline 9}{hline 8}{hline 13}{hline 12}
{res}
{com}. regress center_y GVC_OU c.GVC_OU#ECAo3

{txt}      Source {c |}       SS           df       MS      Number of obs   ={res}     7,334
{txt}{hline 13}{c +}{hline 34}   F(3, 7330)      = {res}    73.51
{txt}       Model {c |} {res} 539.817087         3  179.939029   {txt}Prob > F        ={res}    0.0000
{txt}    Residual {c |} {res} 17942.0199     7,330  2.44775169   {txt}R-squared       ={res}    0.0292
{txt}{hline 13}{c +}{hline 34}   Adj R-squared   ={res}    0.0288
{txt}       Total {c |} {res}  18481.837     7,333  2.52036506   {txt}Root MSE        =   {res} 1.5645

{txt}{hline 15}{c TT}{hline 11}{hline 11}{hline 9}{hline 8}{hline 13}{hline 12}
{col 1}      center_y{col 16}{c |} Coefficient{col 28}  Std. err.{col 40}      t{col 48}   P>|t|{col 56}     [95% con{col 69}f. interval]
{hline 15}{c +}{hline 11}{hline 11}{hline 9}{hline 8}{hline 13}{hline 12}
{space 8}GVC_OU {c |}{col 16}{res}{space 2}-1.572675{col 28}{space 2} .1062453{col 39}{space 1}  -14.80{col 48}{space 3}0.000{col 56}{space 4}-1.780946{col 69}{space 3}-1.364404
{txt}{space 14} {c |}
ECAo3#c.GVC_OU {c |}
{space 10}Yes  {c |}{col 16}{res}{space 2} 1.517426{col 28}{space 2} .1061766{col 39}{space 1}   14.29{col 48}{space 3}0.000{col 56}{space 4} 1.309289{col 69}{space 3} 1.725562
{txt}{space 11}No  {c |}{col 16}{res}{space 2}  1.53722{col 28}{space 2} .1056362{col 39}{space 1}   14.55{col 48}{space 3}0.000{col 56}{space 4} 1.330142{col 69}{space 3} 1.744297
{txt}{space 14} {c |}
{space 9}_cons {c |}{col 16}{res}{space 2} .1440356{col 28}{space 2} .0430438{col 39}{space 1}    3.35{col 48}{space 3}0.001{col 56}{space 4} .0596575{col 69}{space 3} .2284138
{txt}{hline 15}{c BT}{hline 11}{hline 11}{hline 9}{hline 8}{hline 13}{hline 12}
{res}
{com}. mean GVC_OU
{res}
{txt}{col 1}Mean estimation{col 41}{lalign 13:Number of obs}{col 54} = {res}{ralign 6:16,207}

{txt}{hline 13}{c TT}{hline 11}{hline 11}{hline 14}{hline 12}
{col 14}{c |}       Mean{col 26}   Std. err.{col 38}     [95% con{col 51}f. interval]
{hline 13}{c +}{hline 11}{hline 11}{hline 14}{hline 12}
{space 6}GVC_OU {c |}{col 14}{res}{space 2}  2.14483{col 26}{space 2}  .008438{col 37}{space 5} 2.128291{col 51}{space 3}  2.16137
{txt}{hline 13}{c BT}{hline 11}{hline 11}{hline 14}{hline 12}

{com}. generate center_GVC = GVC_OU-2.14483

. regress log_d2_l1 center_GVC c.GVC_OU#c.ECAo4

{txt}      Source {c |}       SS           df       MS      Number of obs   ={res}     4,407
{txt}{hline 13}{c +}{hline 34}   F(2, 4404)      = {res}    35.38
{txt}       Model {c |} {res} 79.0870985         2  39.5435493   {txt}Prob > F        ={res}    0.0000
{txt}    Residual {c |} {res} 4921.93838     4,404  1.11760635   {txt}R-squared       ={res}    0.0158
{txt}{hline 13}{c +}{hline 34}   Adj R-squared   ={res}    0.0154
{txt}       Total {c |} {res} 5001.02548     4,406  1.13504891   {txt}Root MSE        =   {res} 1.0572

{txt}{hline 17}{c TT}{hline 11}{hline 11}{hline 9}{hline 8}{hline 13}{hline 12}
{col 1}       log_d2_l1{col 18}{c |} Coefficient{col 30}  Std. err.{col 42}      t{col 50}   P>|t|{col 58}     [95% con{col 71}f. interval]
{hline 17}{c +}{hline 11}{hline 11}{hline 9}{hline 8}{hline 13}{hline 12}
{space 6}center_GVC {c |}{col 18}{res}{space 2}-.0667939{col 30}{space 2} .0168975{col 41}{space 1}   -3.95{col 50}{space 3}0.000{col 58}{space 4}-.0999214{col 71}{space 3}-.0336664
{txt}{space 16} {c |}
c.GVC_OU#c.ECAo4 {c |}{col 18}{res}{space 2} 4.28e-08{col 30}{space 2} 5.68e-09{col 41}{space 1}    7.53{col 50}{space 3}0.000{col 58}{space 4} 3.16e-08{col 71}{space 3} 5.39e-08
{txt}{space 16} {c |}
{space 11}_cons {c |}{col 18}{res}{space 2} 10.35215{col 30}{space 2} .0160051{col 41}{space 1}  646.80{col 50}{space 3}0.000{col 58}{space 4} 10.32078{col 71}{space 3} 10.38353
{txt}{hline 17}{c BT}{hline 11}{hline 11}{hline 9}{hline 8}{hline 13}{hline 12}
{res}
{com}. regress log_d2_l1 center_GVC c.centerGVC#c.ECAo4
{err}variable {bf}centerGVC{sf} not found
{txt}{search r(111), local:r(111);}

{com}. regress log_d2_l1 center_GVC c.center_GVC#c.ECAo4

{txt}      Source {c |}       SS           df       MS      Number of obs   ={res}     4,407
{txt}{hline 13}{c +}{hline 34}   F(2, 4404)      = {res}    17.43
{txt}       Model {c |} {res} 39.2682386         2  19.6341193   {txt}Prob > F        ={res}    0.0000
{txt}    Residual {c |} {res} 4961.75724     4,404  1.12664787   {txt}R-squared       ={res}    0.0079
{txt}{hline 13}{c +}{hline 34}   Adj R-squared   ={res}    0.0074
{txt}       Total {c |} {res} 5001.02548     4,406  1.13504891   {txt}Root MSE        =   {res} 1.0614

{txt}{hline 21}{c TT}{hline 11}{hline 11}{hline 9}{hline 8}{hline 13}{hline 12}
{col 1}           log_d2_l1{col 22}{c |} Coefficient{col 34}  Std. err.{col 46}      t{col 54}   P>|t|{col 62}     [95% con{col 75}f. interval]
{hline 21}{c +}{hline 11}{hline 11}{hline 9}{hline 8}{hline 13}{hline 12}
{space 10}center_GVC {c |}{col 22}{res}{space 2} -.056507{col 34}{space 2} .0170262{col 45}{space 1}   -3.32{col 54}{space 3}0.001{col 62}{space 4}-.0898869{col 75}{space 3}-.0231271
{txt}{space 20} {c |}
c.center_GVC#c.ECAo4 {c |}{col 22}{res}{space 2}-5.58e-08{col 34}{space 2} 1.22e-08{col 45}{space 1}   -4.57{col 54}{space 3}0.000{col 62}{space 4}-7.97e-08{col 75}{space 3}-3.19e-08
{txt}{space 20} {c |}
{space 15}_cons {c |}{col 22}{res}{space 2}  10.3623{col 34}{space 2} .0160024{col 45}{space 1}  647.55{col 54}{space 3}0.000{col 62}{space 4} 10.33093{col 75}{space 3} 10.39367
{txt}{hline 21}{c BT}{hline 11}{hline 11}{hline 9}{hline 8}{hline 13}{hline 12}
{res}
{com}. regress log_d2_l1 center_GVC c.center_GVC#ECAo3

{txt}      Source {c |}       SS           df       MS      Number of obs   ={res}     7,334
{txt}{hline 13}{c +}{hline 34}   F(3, 7330)      = {res}    35.32
{txt}       Model {c |} {res} 263.356428         3  87.7854759   {txt}Prob > F        ={res}    0.0000
{txt}    Residual {c |} {res} 18218.4803     7,330  2.48546798   {txt}R-squared       ={res}    0.0142
{txt}{hline 13}{c +}{hline 34}   Adj R-squared   ={res}    0.0138
{txt}       Total {c |} {res} 18481.8367     7,333  2.52036503   {txt}Root MSE        =   {res} 1.5765

{txt}{hline 19}{c TT}{hline 11}{hline 11}{hline 9}{hline 8}{hline 13}{hline 12}
{col 1}         log_d2_l1{col 20}{c |} Coefficient{col 32}  Std. err.{col 44}      t{col 52}   P>|t|{col 60}     [95% con{col 73}f. interval]
{hline 19}{c +}{hline 11}{hline 11}{hline 9}{hline 8}{hline 13}{hline 12}
{space 8}center_GVC {c |}{col 20}{res}{space 2}-2.485035{col 32}{space 2} .2472817{col 43}{space 1}  -10.05{col 52}{space 3}0.000{col 60}{space 4}-2.969778{col 73}{space 3}-2.000292
{txt}{space 18} {c |}
ECAo3#c.center_GVC {c |}
{space 14}Yes  {c |}{col 20}{res}{space 2} 2.459821{col 32}{space 2} .2494416{col 43}{space 1}    9.86{col 52}{space 3}0.000{col 60}{space 4} 1.970844{col 73}{space 3} 2.948798
{txt}{space 15}No  {c |}{col 20}{res}{space 2} 2.440769{col 32}{space 2} .2481381{col 43}{space 1}    9.84{col 52}{space 3}0.000{col 60}{space 4} 1.954347{col 73}{space 3} 2.927191
{txt}{space 18} {c |}
{space 13}_cons {c |}{col 20}{res}{space 2} 10.58312{col 32}{space 2} .0184875{col 43}{space 1}  572.45{col 52}{space 3}0.000{col 60}{space 4} 10.54688{col 73}{space 3} 10.61936
{txt}{hline 19}{c BT}{hline 11}{hline 11}{hline 9}{hline 8}{hline 13}{hline 12}
{res}
{com}. generate y = -log_d2_l1
{txt}(5,215 missing values generated)

{com}. regress y center_GVC c.center_GVC#c.ECAo4

{txt}      Source {c |}       SS           df       MS      Number of obs   ={res}     4,407
{txt}{hline 13}{c +}{hline 34}   F(2, 4404)      = {res}    17.43
{txt}       Model {c |} {res} 39.2682386         2  19.6341193   {txt}Prob > F        ={res}    0.0000
{txt}    Residual {c |} {res} 4961.75724     4,404  1.12664787   {txt}R-squared       ={res}    0.0079
{txt}{hline 13}{c +}{hline 34}   Adj R-squared   ={res}    0.0074
{txt}       Total {c |} {res} 5001.02548     4,406  1.13504891   {txt}Root MSE        =   {res} 1.0614

{txt}{hline 21}{c TT}{hline 11}{hline 11}{hline 9}{hline 8}{hline 13}{hline 12}
{col 1}                   y{col 22}{c |} Coefficient{col 34}  Std. err.{col 46}      t{col 54}   P>|t|{col 62}     [95% con{col 75}f. interval]
{hline 21}{c +}{hline 11}{hline 11}{hline 9}{hline 8}{hline 13}{hline 12}
{space 10}center_GVC {c |}{col 22}{res}{space 2}  .056507{col 34}{space 2} .0170262{col 45}{space 1}    3.32{col 54}{space 3}0.001{col 62}{space 4} .0231271{col 75}{space 3} .0898869
{txt}{space 20} {c |}
c.center_GVC#c.ECAo4 {c |}{col 22}{res}{space 2} 5.58e-08{col 34}{space 2} 1.22e-08{col 45}{space 1}    4.57{col 54}{space 3}0.000{col 62}{space 4} 3.19e-08{col 75}{space 3} 7.97e-08
{txt}{space 20} {c |}
{space 15}_cons {c |}{col 22}{res}{space 2} -10.3623{col 34}{space 2} .0160024{col 45}{space 1} -647.55{col 54}{space 3}0.000{col 62}{space 4}-10.39367{col 75}{space 3}-10.33093
{txt}{hline 21}{c BT}{hline 11}{hline 11}{hline 9}{hline 8}{hline 13}{hline 12}
{res}
{com}. regress y center_GVC c.center_GVC#c.ECAo4 i.b4

{txt}      Source {c |}       SS           df       MS      Number of obs   ={res}     2,678
{txt}{hline 13}{c +}{hline 34}   F(4, 2673)      = {res}    16.85
{txt}       Model {c |} {res} 74.6296311         4  18.6574078   {txt}Prob > F        ={res}    0.0000
{txt}    Residual {c |} {res} 2958.99097     2,673   1.1069925   {txt}R-squared       ={res}    0.0246
{txt}{hline 13}{c +}{hline 34}   Adj R-squared   ={res}    0.0231
{txt}       Total {c |} {res}  3033.6206     2,677  1.13321651   {txt}Root MSE        =   {res} 1.0521

{txt}{hline 21}{c TT}{hline 11}{hline 11}{hline 9}{hline 8}{hline 13}{hline 12}
{col 1}                   y{col 22}{c |} Coefficient{col 34}  Std. err.{col 46}      t{col 54}   P>|t|{col 62}     [95% con{col 75}f. interval]
{hline 21}{c +}{hline 11}{hline 11}{hline 9}{hline 8}{hline 13}{hline 12}
{space 10}center_GVC {c |}{col 22}{res}{space 2} .0734912{col 34}{space 2} .0203992{col 45}{space 1}    3.60{col 54}{space 3}0.000{col 62}{space 4} .0334914{col 75}{space 3}  .113491
{txt}{space 20} {c |}
c.center_GVC#c.ECAo4 {c |}{col 22}{res}{space 2} 8.43e-08{col 34}{space 2} 1.49e-08{col 45}{space 1}    5.67{col 54}{space 3}0.000{col 62}{space 4} 5.51e-08{col 75}{space 3} 1.13e-07
{txt}{space 20} {c |}
{space 18}b4 {c |}
{space 16}Yes  {c |}{col 22}{res}{space 2} 1.002716{col 34}{space 2} .2577483{col 45}{space 1}    3.89{col 54}{space 3}0.000{col 62}{space 4} .4973098{col 75}{space 3} 1.508122
{txt}{space 17}No  {c |}{col 22}{res}{space 2} .8998976{col 34}{space 2} .2564918{col 45}{space 1}    3.51{col 54}{space 3}0.000{col 62}{space 4} .3969552{col 75}{space 3}  1.40284
{txt}{space 20} {c |}
{space 15}_cons {c |}{col 22}{res}{space 2}-11.41208{col 34}{space 2} .2552333{col 45}{space 1}  -44.71{col 54}{space 3}0.000{col 62}{space 4}-11.91256{col 75}{space 3}-10.91161
{txt}{hline 21}{c BT}{hline 11}{hline 11}{hline 9}{hline 8}{hline 13}{hline 12}
{res}
{com}. regress y center_GVC c.center_GVC#c.ECAo4 b4

{txt}      Source {c |}       SS           df       MS      Number of obs   ={res}     2,678
{txt}{hline 13}{c +}{hline 34}   F(3, 2674)      = {res}    16.62
{txt}       Model {c |} {res} 55.5419718         3  18.5139906   {txt}Prob > F        ={res}    0.0000
{txt}    Residual {c |} {res} 2978.07862     2,674  1.11371676   {txt}R-squared       ={res}    0.0183
{txt}{hline 13}{c +}{hline 34}   Adj R-squared   ={res}    0.0172
{txt}       Total {c |} {res}  3033.6206     2,677  1.13321651   {txt}Root MSE        =   {res} 1.0553

{txt}{hline 21}{c TT}{hline 11}{hline 11}{hline 9}{hline 8}{hline 13}{hline 12}
{col 1}                   y{col 22}{c |} Coefficient{col 34}  Std. err.{col 46}      t{col 54}   P>|t|{col 62}     [95% con{col 75}f. interval]
{hline 21}{c +}{hline 11}{hline 11}{hline 9}{hline 8}{hline 13}{hline 12}
{space 10}center_GVC {c |}{col 22}{res}{space 2} .0748155{col 34}{space 2} .0204586{col 45}{space 1}    3.66{col 54}{space 3}0.000{col 62}{space 4} .0346993{col 75}{space 3} .1149317
{txt}{space 20} {c |}
c.center_GVC#c.ECAo4 {c |}{col 22}{res}{space 2} 8.40e-08{col 34}{space 2} 1.49e-08{col 45}{space 1}    5.63{col 54}{space 3}0.000{col 62}{space 4} 5.47e-08{col 75}{space 3} 1.13e-07
{txt}{space 20} {c |}
{space 18}b4 {c |}{col 22}{res}{space 2}-.0533079{col 34}{space 2} .0420643{col 45}{space 1}   -1.27{col 54}{space 3}0.205{col 62}{space 4}-.1357897{col 75}{space 3}  .029174
{txt}{space 15}_cons {c |}{col 22}{res}{space 2}-10.39611{col 34}{space 2} .0728988{col 45}{space 1} -142.61{col 54}{space 3}0.000{col 62}{space 4}-10.53906{col 75}{space 3}-10.25317
{txt}{hline 21}{c BT}{hline 11}{hline 11}{hline 9}{hline 8}{hline 13}{hline 12}
{res}
{com}. regress y center_GVC c.center_GVC#c.ECAo4 d3a

{txt}      Source {c |}       SS           df       MS      Number of obs   ={res}     4,398
{txt}{hline 13}{c +}{hline 34}   F(3, 4394)      = {res}    34.87
{txt}       Model {c |} {res} 116.007477         3  38.6691589   {txt}Prob > F        ={res}    0.0000
{txt}    Residual {c |} {res} 4873.27456     4,394  1.10907477   {txt}R-squared       ={res}    0.0233
{txt}{hline 13}{c +}{hline 34}   Adj R-squared   ={res}    0.0226
{txt}       Total {c |} {res} 4989.28203     4,397  1.13470139   {txt}Root MSE        =   {res} 1.0531

{txt}{hline 21}{c TT}{hline 11}{hline 11}{hline 9}{hline 8}{hline 13}{hline 12}
{col 1}                   y{col 22}{c |} Coefficient{col 34}  Std. err.{col 46}      t{col 54}   P>|t|{col 62}     [95% con{col 75}f. interval]
{hline 21}{c +}{hline 11}{hline 11}{hline 9}{hline 8}{hline 13}{hline 12}
{space 10}center_GVC {c |}{col 22}{res}{space 2} .0344654{col 34}{space 2} .0171116{col 45}{space 1}    2.01{col 54}{space 3}0.044{col 62}{space 4}  .000918{col 75}{space 3} .0680129
{txt}{space 20} {c |}
c.center_GVC#c.ECAo4 {c |}{col 22}{res}{space 2} 5.14e-08{col 34}{space 2} 1.21e-08{col 45}{space 1}    4.24{col 54}{space 3}0.000{col 62}{space 4} 2.77e-08{col 75}{space 3} 7.52e-08
{txt}{space 20} {c |}
{space 17}d3a {c |}{col 22}{res}{space 2} .0049444{col 34}{space 2} .0005947{col 45}{space 1}    8.31{col 54}{space 3}0.000{col 62}{space 4} .0037784{col 75}{space 3} .0061103
{txt}{space 15}_cons {c |}{col 22}{res}{space 2} -10.7893{col 34}{space 2} .0536884{col 45}{space 1} -200.96{col 54}{space 3}0.000{col 62}{space 4}-10.89456{col 75}{space 3}-10.68405
{txt}{hline 21}{c BT}{hline 11}{hline 11}{hline 9}{hline 8}{hline 13}{hline 12}
{res}
{com}. regress y center_GVC c.center_GVC#c.ECAo4 n2a

{txt}      Source {c |}       SS           df       MS      Number of obs   ={res}     3,428
{txt}{hline 13}{c +}{hline 34}   F(3, 3424)      = {res}    42.69
{txt}       Model {c |} {res} 131.790112         3  43.9300374   {txt}Prob > F        ={res}    0.0000
{txt}    Residual {c |} {res} 3523.69191     3,424  1.02911563   {txt}R-squared       ={res}    0.0361
{txt}{hline 13}{c +}{hline 34}   Adj R-squared   ={res}    0.0352
{txt}       Total {c |} {res} 3655.48203     3,427  1.06667115   {txt}Root MSE        =   {res} 1.0145

{txt}{hline 21}{c TT}{hline 11}{hline 11}{hline 9}{hline 8}{hline 13}{hline 12}
{col 1}                   y{col 22}{c |} Coefficient{col 34}  Std. err.{col 46}      t{col 54}   P>|t|{col 62}     [95% con{col 75}f. interval]
{hline 21}{c +}{hline 11}{hline 11}{hline 9}{hline 8}{hline 13}{hline 12}
{space 10}center_GVC {c |}{col 22}{res}{space 2} .0870085{col 34}{space 2} .0178355{col 45}{space 1}    4.88{col 54}{space 3}0.000{col 62}{space 4} .0520392{col 75}{space 3} .1219777
{txt}{space 20} {c |}
c.center_GVC#c.ECAo4 {c |}{col 22}{res}{space 2}-7.30e-08{col 34}{space 2} 2.44e-08{col 45}{space 1}   -2.99{col 54}{space 3}0.003{col 62}{space 4}-1.21e-07{col 75}{space 3}-2.51e-08
{txt}{space 20} {c |}
{space 17}n2a {c |}{col 22}{res}{space 2}-1.80e-08{col 34}{space 2} 2.21e-09{col 45}{space 1}   -8.15{col 54}{space 3}0.000{col 62}{space 4}-2.24e-08{col 75}{space 3}-1.37e-08
{txt}{space 15}_cons {c |}{col 22}{res}{space 2}-10.47198{col 34}{space 2}  .017491{col 45}{space 1} -598.71{col 54}{space 3}0.000{col 62}{space 4}-10.50627{col 75}{space 3}-10.43768
{txt}{hline 21}{c BT}{hline 11}{hline 11}{hline 9}{hline 8}{hline 13}{hline 12}
{res}
{com}. regress y center_GVC c.center_GVC#c.ECAo4

{txt}      Source {c |}       SS           df       MS      Number of obs   ={res}     4,407
{txt}{hline 13}{c +}{hline 34}   F(2, 4404)      = {res}    17.43
{txt}       Model {c |} {res} 39.2682386         2  19.6341193   {txt}Prob > F        ={res}    0.0000
{txt}    Residual {c |} {res} 4961.75724     4,404  1.12664787   {txt}R-squared       ={res}    0.0079
{txt}{hline 13}{c +}{hline 34}   Adj R-squared   ={res}    0.0074
{txt}       Total {c |} {res} 5001.02548     4,406  1.13504891   {txt}Root MSE        =   {res} 1.0614

{txt}{hline 21}{c TT}{hline 11}{hline 11}{hline 9}{hline 8}{hline 13}{hline 12}
{col 1}                   y{col 22}{c |} Coefficient{col 34}  Std. err.{col 46}      t{col 54}   P>|t|{col 62}     [95% con{col 75}f. interval]
{hline 21}{c +}{hline 11}{hline 11}{hline 9}{hline 8}{hline 13}{hline 12}
{space 10}center_GVC {c |}{col 22}{res}{space 2}  .056507{col 34}{space 2} .0170262{col 45}{space 1}    3.32{col 54}{space 3}0.001{col 62}{space 4} .0231271{col 75}{space 3} .0898869
{txt}{space 20} {c |}
c.center_GVC#c.ECAo4 {c |}{col 22}{res}{space 2} 5.58e-08{col 34}{space 2} 1.22e-08{col 45}{space 1}    4.57{col 54}{space 3}0.000{col 62}{space 4} 3.19e-08{col 75}{space 3} 7.97e-08
{txt}{space 20} {c |}
{space 15}_cons {c |}{col 22}{res}{space 2} -10.3623{col 34}{space 2} .0160024{col 45}{space 1} -647.55{col 54}{space 3}0.000{col 62}{space 4}-10.39367{col 75}{space 3}-10.33093
{txt}{hline 21}{c BT}{hline 11}{hline 11}{hline 9}{hline 8}{hline 13}{hline 12}
{res}
{com}. regress y center_GVC c.center_GVC#c.ECAo4 ECAo4

{txt}      Source {c |}       SS           df       MS      Number of obs   ={res}     4,407
{txt}{hline 13}{c +}{hline 34}   F(3, 4403)      = {res}    32.72
{txt}       Model {c |} {res} 109.076853         3  36.3589509   {txt}Prob > F        ={res}    0.0000
{txt}    Residual {c |} {res} 4891.94862     4,403  1.11104897   {txt}R-squared       ={res}    0.0218
{txt}{hline 13}{c +}{hline 34}   Adj R-squared   ={res}    0.0211
{txt}       Total {c |} {res} 5001.02548     4,406  1.13504891   {txt}Root MSE        =   {res} 1.0541

{txt}{hline 21}{c TT}{hline 11}{hline 11}{hline 9}{hline 8}{hline 13}{hline 12}
{col 1}                   y{col 22}{c |} Coefficient{col 34}  Std. err.{col 46}      t{col 54}   P>|t|{col 62}     [95% con{col 75}f. interval]
{hline 21}{c +}{hline 11}{hline 11}{hline 9}{hline 8}{hline 13}{hline 12}
{space 10}center_GVC {c |}{col 22}{res}{space 2} .0591874{col 34}{space 2} .0169113{col 45}{space 1}    3.50{col 54}{space 3}0.000{col 62}{space 4} .0260327{col 75}{space 3}  .092342
{txt}{space 20} {c |}
c.center_GVC#c.ECAo4 {c |}{col 22}{res}{space 2} 1.81e-08{col 34}{space 2} 1.30e-08{col 45}{space 1}    1.39{col 54}{space 3}0.164{col 62}{space 4}-7.39e-09{col 75}{space 3} 4.37e-08
{txt}{space 20} {c |}
{space 15}ECAo4 {c |}{col 22}{res}{space 2}-9.66e-08{col 34}{space 2} 1.22e-08{col 45}{space 1}   -7.93{col 54}{space 3}0.000{col 62}{space 4}-1.21e-07{col 75}{space 3}-7.27e-08
{txt}{space 15}_cons {c |}{col 22}{res}{space 2}-10.35044{col 34}{space 2} .0159615{col 45}{space 1} -648.46{col 54}{space 3}0.000{col 62}{space 4}-10.38173{col 75}{space 3}-10.31915
{txt}{hline 21}{c BT}{hline 11}{hline 11}{hline 9}{hline 8}{hline 13}{hline 12}
{res}
{com}. regress y center_GVC c.center_GVC#c.ECAo4 ECAo4 ECAd8a

{txt}      Source {c |}       SS           df       MS      Number of obs   ={res}     1,475
{txt}{hline 13}{c +}{hline 34}   F(4, 1470)      = {res}    17.47
{txt}       Model {c |} {res} 89.5163893         4  22.3790973   {txt}Prob > F        ={res}    0.0000
{txt}    Residual {c |} {res}  1883.4658     1,470  1.28126925   {txt}R-squared       ={res}    0.0454
{txt}{hline 13}{c +}{hline 34}   Adj R-squared   ={res}    0.0428
{txt}       Total {c |} {res} 1972.98219     1,474  1.33852252   {txt}Root MSE        =   {res} 1.1319

{txt}{hline 21}{c TT}{hline 11}{hline 11}{hline 9}{hline 8}{hline 13}{hline 12}
{col 1}                   y{col 22}{c |} Coefficient{col 34}  Std. err.{col 46}      t{col 54}   P>|t|{col 62}     [95% con{col 75}f. interval]
{hline 21}{c +}{hline 11}{hline 11}{hline 9}{hline 8}{hline 13}{hline 12}
{space 10}center_GVC {c |}{col 22}{res}{space 2} .0556008{col 34}{space 2} .0356147{col 45}{space 1}    1.56{col 54}{space 3}0.119{col 62}{space 4}-.0142603{col 75}{space 3}  .125462
{txt}{space 20} {c |}
c.center_GVC#c.ECAo4 {c |}{col 22}{res}{space 2}-1.29e-08{col 34}{space 2} 1.63e-08{col 45}{space 1}   -0.79{col 54}{space 3}0.431{col 62}{space 4}-4.49e-08{col 75}{space 3} 1.92e-08
{txt}{space 20} {c |}
{space 15}ECAo4 {c |}{col 22}{res}{space 2}-2.81e-08{col 34}{space 2} 1.69e-08{col 45}{space 1}   -1.67{col 54}{space 3}0.095{col 62}{space 4}-6.12e-08{col 75}{space 3} 4.93e-09
{txt}{space 14}ECAd8a {c |}{col 22}{res}{space 2}-1.37e-09{col 34}{space 2} 3.04e-10{col 45}{space 1}   -4.52{col 54}{space 3}0.000{col 62}{space 4}-1.97e-09{col 75}{space 3}-7.79e-10
{txt}{space 15}_cons {c |}{col 22}{res}{space 2}-10.62286{col 34}{space 2} .0303315{col 45}{space 1} -350.23{col 54}{space 3}0.000{col 62}{space 4}-10.68236{col 75}{space 3}-10.56337
{txt}{hline 21}{c BT}{hline 11}{hline 11}{hline 9}{hline 8}{hline 13}{hline 12}
{res}
{com}. regress y center_GVC c.center_GVC#c.ECAo4 ECAo4 i.b4

{txt}      Source {c |}       SS           df       MS      Number of obs   ={res}     2,678
{txt}{hline 13}{c +}{hline 34}   F(5, 2672)      = {res}    20.30
{txt}       Model {c |} {res}  111.02566         5   22.205132   {txt}Prob > F        ={res}    0.0000
{txt}    Residual {c |} {res} 2922.59494     2,672  1.09378553   {txt}R-squared       ={res}    0.0366
{txt}{hline 13}{c +}{hline 34}   Adj R-squared   ={res}    0.0348
{txt}       Total {c |} {res}  3033.6206     2,677  1.13321651   {txt}Root MSE        =   {res} 1.0458

{txt}{hline 21}{c TT}{hline 11}{hline 11}{hline 9}{hline 8}{hline 13}{hline 12}
{col 1}                   y{col 22}{c |} Coefficient{col 34}  Std. err.{col 46}      t{col 54}   P>|t|{col 62}     [95% con{col 75}f. interval]
{hline 21}{c +}{hline 11}{hline 11}{hline 9}{hline 8}{hline 13}{hline 12}
{space 10}center_GVC {c |}{col 22}{res}{space 2} .0768421{col 34}{space 2} .0202855{col 45}{space 1}    3.79{col 54}{space 3}0.000{col 62}{space 4} .0370653{col 75}{space 3} .1166189
{txt}{space 20} {c |}
c.center_GVC#c.ECAo4 {c |}{col 22}{res}{space 2} 9.37e-09{col 34}{space 2} 1.97e-08{col 45}{space 1}    0.48{col 54}{space 3}0.634{col 62}{space 4}-2.92e-08{col 75}{space 3} 4.79e-08
{txt}{space 20} {c |}
{space 15}ECAo4 {c |}{col 22}{res}{space 2}-9.17e-08{col 34}{space 2} 1.59e-08{col 45}{space 1}   -5.77{col 54}{space 3}0.000{col 62}{space 4}-1.23e-07{col 75}{space 3}-6.05e-08
{txt}{space 20} {c |}
{space 18}b4 {c |}
{space 16}Yes  {c |}{col 22}{res}{space 2} .9460682{col 34}{space 2} .2563943{col 45}{space 1}    3.69{col 54}{space 3}0.000{col 62}{space 4}  .443317{col 75}{space 3} 1.448819
{txt}{space 17}No  {c |}{col 22}{res}{space 2} .8447323{col 34}{space 2} .2551364{col 45}{space 1}    3.31{col 54}{space 3}0.001{col 62}{space 4} .3444474{col 75}{space 3} 1.345017
{txt}{space 20} {c |}
{space 15}_cons {c |}{col 22}{res}{space 2}-11.34811{col 34}{space 2} .2539484{col 45}{space 1}  -44.69{col 54}{space 3}0.000{col 62}{space 4}-11.84606{col 75}{space 3}-10.85015
{txt}{hline 21}{c BT}{hline 11}{hline 11}{hline 9}{hline 8}{hline 13}{hline 12}
{res}
{com}. regress y center_GVC c.center_GVC#c.ECAo4 ECAo4 b4

{txt}      Source {c |}       SS           df       MS      Number of obs   ={res}     2,678
{txt}{hline 13}{c +}{hline 34}   F(4, 2673)      = {res}    21.35
{txt}       Model {c |} {res} 93.9173334         4  23.4793334   {txt}Prob > F        ={res}    0.0000
{txt}    Residual {c |} {res} 2939.70326     2,673  1.09977675   {txt}R-squared       ={res}    0.0310
{txt}{hline 13}{c +}{hline 34}   Adj R-squared   ={res}    0.0295
{txt}       Total {c |} {res}  3033.6206     2,677  1.13321651   {txt}Root MSE        =   {res} 1.0487

{txt}{hline 21}{c TT}{hline 11}{hline 11}{hline 9}{hline 8}{hline 13}{hline 12}
{col 1}                   y{col 22}{c |} Coefficient{col 34}  Std. err.{col 46}      t{col 54}   P>|t|{col 62}     [95% con{col 75}f. interval]
{hline 21}{c +}{hline 11}{hline 11}{hline 9}{hline 8}{hline 13}{hline 12}
{space 10}center_GVC {c |}{col 22}{res}{space 2} .0781824{col 34}{space 2} .0203381{col 45}{space 1}    3.84{col 54}{space 3}0.000{col 62}{space 4} .0383024{col 75}{space 3} .1180624
{txt}{space 20} {c |}
c.center_GVC#c.ECAo4 {c |}{col 22}{res}{space 2} 7.13e-09{col 34}{space 2} 1.97e-08{col 45}{space 1}    0.36{col 54}{space 3}0.718{col 62}{space 4}-3.15e-08{col 75}{space 3} 4.58e-08
{txt}{space 20} {c |}
{space 15}ECAo4 {c |}{col 22}{res}{space 2}-9.41e-08{col 34}{space 2} 1.59e-08{col 45}{space 1}   -5.91{col 54}{space 3}0.000{col 62}{space 4}-1.25e-07{col 75}{space 3}-6.29e-08
{txt}{space 18}b4 {c |}{col 22}{res}{space 2} -.054458{col 34}{space 2} .0418007{col 45}{space 1}   -1.30{col 54}{space 3}0.193{col 62}{space 4}-.1364229{col 75}{space 3} .0275069
{txt}{space 15}_cons {c |}{col 22}{res}{space 2}-10.38529{col 34}{space 2} .0724643{col 45}{space 1} -143.32{col 54}{space 3}0.000{col 62}{space 4}-10.52738{col 75}{space 3}-10.24319
{txt}{hline 21}{c BT}{hline 11}{hline 11}{hline 9}{hline 8}{hline 13}{hline 12}
{res}
{com}. regress y center_GVC c.center_GVC#c.ECAo4 ECAo4 i.b4

{txt}      Source {c |}       SS           df       MS      Number of obs   ={res}     2,678
{txt}{hline 13}{c +}{hline 34}   F(5, 2672)      = {res}    20.30
{txt}       Model {c |} {res}  111.02566         5   22.205132   {txt}Prob > F        ={res}    0.0000
{txt}    Residual {c |} {res} 2922.59494     2,672  1.09378553   {txt}R-squared       ={res}    0.0366
{txt}{hline 13}{c +}{hline 34}   Adj R-squared   ={res}    0.0348
{txt}       Total {c |} {res}  3033.6206     2,677  1.13321651   {txt}Root MSE        =   {res} 1.0458

{txt}{hline 21}{c TT}{hline 11}{hline 11}{hline 9}{hline 8}{hline 13}{hline 12}
{col 1}                   y{col 22}{c |} Coefficient{col 34}  Std. err.{col 46}      t{col 54}   P>|t|{col 62}     [95% con{col 75}f. interval]
{hline 21}{c +}{hline 11}{hline 11}{hline 9}{hline 8}{hline 13}{hline 12}
{space 10}center_GVC {c |}{col 22}{res}{space 2} .0768421{col 34}{space 2} .0202855{col 45}{space 1}    3.79{col 54}{space 3}0.000{col 62}{space 4} .0370653{col 75}{space 3} .1166189
{txt}{space 20} {c |}
c.center_GVC#c.ECAo4 {c |}{col 22}{res}{space 2} 9.37e-09{col 34}{space 2} 1.97e-08{col 45}{space 1}    0.48{col 54}{space 3}0.634{col 62}{space 4}-2.92e-08{col 75}{space 3} 4.79e-08
{txt}{space 20} {c |}
{space 15}ECAo4 {c |}{col 22}{res}{space 2}-9.17e-08{col 34}{space 2} 1.59e-08{col 45}{space 1}   -5.77{col 54}{space 3}0.000{col 62}{space 4}-1.23e-07{col 75}{space 3}-6.05e-08
{txt}{space 20} {c |}
{space 18}b4 {c |}
{space 16}Yes  {c |}{col 22}{res}{space 2} .9460682{col 34}{space 2} .2563943{col 45}{space 1}    3.69{col 54}{space 3}0.000{col 62}{space 4}  .443317{col 75}{space 3} 1.448819
{txt}{space 17}No  {c |}{col 22}{res}{space 2} .8447323{col 34}{space 2} .2551364{col 45}{space 1}    3.31{col 54}{space 3}0.001{col 62}{space 4} .3444474{col 75}{space 3} 1.345017
{txt}{space 20} {c |}
{space 15}_cons {c |}{col 22}{res}{space 2}-11.34811{col 34}{space 2} .2539484{col 45}{space 1}  -44.69{col 54}{space 3}0.000{col 62}{space 4}-11.84606{col 75}{space 3}-10.85015
{txt}{hline 21}{c BT}{hline 11}{hline 11}{hline 9}{hline 8}{hline 13}{hline 12}
{res}
{com}. regress y center_GVC c.center_GVC#c.ECAo4 ECAo4 i.b4 i.ECAo3

{txt}      Source {c |}       SS           df       MS      Number of obs   ={res}     2,678
{txt}{hline 13}{c +}{hline 34}   F(6, 2671)      = {res}    29.75
{txt}       Model {c |} {res} 190.052552         6  31.6754253   {txt}Prob > F        ={res}    0.0000
{txt}    Residual {c |} {res} 2843.56804     2,671  1.06460803   {txt}R-squared       ={res}    0.0626
{txt}{hline 13}{c +}{hline 34}   Adj R-squared   ={res}    0.0605
{txt}       Total {c |} {res}  3033.6206     2,677  1.13321651   {txt}Root MSE        =   {res} 1.0318

{txt}{hline 21}{c TT}{hline 11}{hline 11}{hline 9}{hline 8}{hline 13}{hline 12}
{col 1}                   y{col 22}{c |} Coefficient{col 34}  Std. err.{col 46}      t{col 54}   P>|t|{col 62}     [95% con{col 75}f. interval]
{hline 21}{c +}{hline 11}{hline 11}{hline 9}{hline 8}{hline 13}{hline 12}
{space 10}center_GVC {c |}{col 22}{res}{space 2} .0515757{col 34}{space 2} .0202268{col 45}{space 1}    2.55{col 54}{space 3}0.011{col 62}{space 4} .0119139{col 75}{space 3} .0912374
{txt}{space 20} {c |}
c.center_GVC#c.ECAo4 {c |}{col 22}{res}{space 2} 1.85e-08{col 34}{space 2} 1.94e-08{col 45}{space 1}    0.95{col 54}{space 3}0.342{col 62}{space 4}-1.97e-08{col 75}{space 3} 5.66e-08
{txt}{space 20} {c |}
{space 15}ECAo4 {c |}{col 22}{res}{space 2}-7.52e-08{col 34}{space 2} 1.58e-08{col 45}{space 1}   -4.76{col 54}{space 3}0.000{col 62}{space 4}-1.06e-07{col 75}{space 3}-4.42e-08
{txt}{space 20} {c |}
{space 18}b4 {c |}
{space 16}Yes  {c |}{col 22}{res}{space 2} .6938445{col 34}{space 2} .2546398{col 45}{space 1}    2.72{col 54}{space 3}0.006{col 62}{space 4} .1945334{col 75}{space 3} 1.193156
{txt}{space 17}No  {c |}{col 22}{res}{space 2} .5829048{col 34}{space 2} .2535383{col 45}{space 1}    2.30{col 54}{space 3}0.022{col 62}{space 4} .0857535{col 75}{space 3} 1.080056
{txt}{space 20} {c |}
{space 15}ECAo3 {c |}
{space 17}No  {c |}{col 22}{res}{space 2} .3878574{col 34}{space 2} .0450173{col 45}{space 1}    8.62{col 54}{space 3}0.000{col 62}{space 4} .2995851{col 75}{space 3} .4761297
{txt}{space 15}_cons {c |}{col 22}{res}{space 2}-11.36533{col 34}{space 2} .2505464{col 45}{space 1}  -45.36{col 54}{space 3}0.000{col 62}{space 4}-11.85662{col 75}{space 3}-10.87405
{txt}{hline 21}{c BT}{hline 11}{hline 11}{hline 9}{hline 8}{hline 13}{hline 12}
{res}
{com}. regress y center_GVC c.center_GVC#c.ECAo4 ECAo4 i.b4 ECAo3

{txt}      Source {c |}       SS           df       MS      Number of obs   ={res}     2,678
{txt}{hline 13}{c +}{hline 34}   F(6, 2671)      = {res}    29.75
{txt}       Model {c |} {res} 190.052552         6  31.6754253   {txt}Prob > F        ={res}    0.0000
{txt}    Residual {c |} {res} 2843.56804     2,671  1.06460803   {txt}R-squared       ={res}    0.0626
{txt}{hline 13}{c +}{hline 34}   Adj R-squared   ={res}    0.0605
{txt}       Total {c |} {res}  3033.6206     2,677  1.13321651   {txt}Root MSE        =   {res} 1.0318

{txt}{hline 21}{c TT}{hline 11}{hline 11}{hline 9}{hline 8}{hline 13}{hline 12}
{col 1}                   y{col 22}{c |} Coefficient{col 34}  Std. err.{col 46}      t{col 54}   P>|t|{col 62}     [95% con{col 75}f. interval]
{hline 21}{c +}{hline 11}{hline 11}{hline 9}{hline 8}{hline 13}{hline 12}
{space 10}center_GVC {c |}{col 22}{res}{space 2} .0515757{col 34}{space 2} .0202268{col 45}{space 1}    2.55{col 54}{space 3}0.011{col 62}{space 4} .0119139{col 75}{space 3} .0912374
{txt}{space 20} {c |}
c.center_GVC#c.ECAo4 {c |}{col 22}{res}{space 2} 1.85e-08{col 34}{space 2} 1.94e-08{col 45}{space 1}    0.95{col 54}{space 3}0.342{col 62}{space 4}-1.97e-08{col 75}{space 3} 5.66e-08
{txt}{space 20} {c |}
{space 15}ECAo4 {c |}{col 22}{res}{space 2}-7.52e-08{col 34}{space 2} 1.58e-08{col 45}{space 1}   -4.76{col 54}{space 3}0.000{col 62}{space 4}-1.06e-07{col 75}{space 3}-4.42e-08
{txt}{space 20} {c |}
{space 18}b4 {c |}
{space 16}Yes  {c |}{col 22}{res}{space 2} .6938445{col 34}{space 2} .2546398{col 45}{space 1}    2.72{col 54}{space 3}0.006{col 62}{space 4} .1945334{col 75}{space 3} 1.193156
{txt}{space 17}No  {c |}{col 22}{res}{space 2} .5829048{col 34}{space 2} .2535383{col 45}{space 1}    2.30{col 54}{space 3}0.022{col 62}{space 4} .0857535{col 75}{space 3} 1.080056
{txt}{space 20} {c |}
{space 15}ECAo3 {c |}{col 22}{res}{space 2} .3878574{col 34}{space 2} .0450173{col 45}{space 1}    8.62{col 54}{space 3}0.000{col 62}{space 4} .2995851{col 75}{space 3} .4761297
{txt}{space 15}_cons {c |}{col 22}{res}{space 2}-11.75319{col 34}{space 2} .2549119{col 45}{space 1}  -46.11{col 54}{space 3}0.000{col 62}{space 4}-12.25303{col 75}{space 3}-11.25334
{txt}{hline 21}{c BT}{hline 11}{hline 11}{hline 9}{hline 8}{hline 13}{hline 12}
{res}
{com}. regress y center_GVC c.center_GVC#c.ECAo4 ECAo4 ECAo3

{txt}      Source {c |}       SS           df       MS      Number of obs   ={res}     4,407
{txt}{hline 13}{c +}{hline 34}   F(4, 4402)      = {res}    24.59
{txt}       Model {c |} {res} 109.284285         4  27.3210711   {txt}Prob > F        ={res}    0.0000
{txt}    Residual {c |} {res} 4891.74119     4,402  1.11125425   {txt}R-squared       ={res}    0.0219
{txt}{hline 13}{c +}{hline 34}   Adj R-squared   ={res}    0.0210
{txt}       Total {c |} {res} 5001.02548     4,406  1.13504891   {txt}Root MSE        =   {res} 1.0542

{txt}{hline 21}{c TT}{hline 11}{hline 11}{hline 9}{hline 8}{hline 13}{hline 12}
{col 1}                   y{col 22}{c |} Coefficient{col 34}  Std. err.{col 46}      t{col 54}   P>|t|{col 62}     [95% con{col 75}f. interval]
{hline 21}{c +}{hline 11}{hline 11}{hline 9}{hline 8}{hline 13}{hline 12}
{space 10}center_GVC {c |}{col 22}{res}{space 2} .0582895{col 34}{space 2} .0170401{col 45}{space 1}    3.42{col 54}{space 3}0.001{col 62}{space 4} .0248824{col 75}{space 3} .0916966
{txt}{space 20} {c |}
c.center_GVC#c.ECAo4 {c |}{col 22}{res}{space 2} 1.84e-08{col 34}{space 2} 1.30e-08{col 45}{space 1}    1.41{col 54}{space 3}0.159{col 62}{space 4}-7.19e-09{col 75}{space 3} 4.39e-08
{txt}{space 20} {c |}
{space 15}ECAo4 {c |}{col 22}{res}{space 2}-9.60e-08{col 34}{space 2} 1.23e-08{col 45}{space 1}   -7.82{col 54}{space 3}0.000{col 62}{space 4}-1.20e-07{col 75}{space 3}-7.19e-08
{txt}{space 15}ECAo3 {c |}{col 22}{res}{space 2}  .014132{col 34}{space 2} .0327095{col 45}{space 1}    0.43{col 54}{space 3}0.666{col 62}{space 4} -.049995{col 75}{space 3}  .078259
{txt}{space 15}_cons {c |}{col 22}{res}{space 2}-10.37291{col 34}{space 2} .0544141{col 45}{space 1} -190.63{col 54}{space 3}0.000{col 62}{space 4}-10.47959{col 75}{space 3}-10.26624
{txt}{hline 21}{c BT}{hline 11}{hline 11}{hline 9}{hline 8}{hline 13}{hline 12}
{res}
{com}. regress y center_GVC c.center_GVC#c.ECAo4 ECAo4 i.b4 ECAo3

{txt}      Source {c |}       SS           df       MS      Number of obs   ={res}     2,678
{txt}{hline 13}{c +}{hline 34}   F(6, 2671)      = {res}    29.75
{txt}       Model {c |} {res} 190.052552         6  31.6754253   {txt}Prob > F        ={res}    0.0000
{txt}    Residual {c |} {res} 2843.56804     2,671  1.06460803   {txt}R-squared       ={res}    0.0626
{txt}{hline 13}{c +}{hline 34}   Adj R-squared   ={res}    0.0605
{txt}       Total {c |} {res}  3033.6206     2,677  1.13321651   {txt}Root MSE        =   {res} 1.0318

{txt}{hline 21}{c TT}{hline 11}{hline 11}{hline 9}{hline 8}{hline 13}{hline 12}
{col 1}                   y{col 22}{c |} Coefficient{col 34}  Std. err.{col 46}      t{col 54}   P>|t|{col 62}     [95% con{col 75}f. interval]
{hline 21}{c +}{hline 11}{hline 11}{hline 9}{hline 8}{hline 13}{hline 12}
{space 10}center_GVC {c |}{col 22}{res}{space 2} .0515757{col 34}{space 2} .0202268{col 45}{space 1}    2.55{col 54}{space 3}0.011{col 62}{space 4} .0119139{col 75}{space 3} .0912374
{txt}{space 20} {c |}
c.center_GVC#c.ECAo4 {c |}{col 22}{res}{space 2} 1.85e-08{col 34}{space 2} 1.94e-08{col 45}{space 1}    0.95{col 54}{space 3}0.342{col 62}{space 4}-1.97e-08{col 75}{space 3} 5.66e-08
{txt}{space 20} {c |}
{space 15}ECAo4 {c |}{col 22}{res}{space 2}-7.52e-08{col 34}{space 2} 1.58e-08{col 45}{space 1}   -4.76{col 54}{space 3}0.000{col 62}{space 4}-1.06e-07{col 75}{space 3}-4.42e-08
{txt}{space 20} {c |}
{space 18}b4 {c |}
{space 16}Yes  {c |}{col 22}{res}{space 2} .6938445{col 34}{space 2} .2546398{col 45}{space 1}    2.72{col 54}{space 3}0.006{col 62}{space 4} .1945334{col 75}{space 3} 1.193156
{txt}{space 17}No  {c |}{col 22}{res}{space 2} .5829048{col 34}{space 2} .2535383{col 45}{space 1}    2.30{col 54}{space 3}0.022{col 62}{space 4} .0857535{col 75}{space 3} 1.080056
{txt}{space 20} {c |}
{space 15}ECAo3 {c |}{col 22}{res}{space 2} .3878574{col 34}{space 2} .0450173{col 45}{space 1}    8.62{col 54}{space 3}0.000{col 62}{space 4} .2995851{col 75}{space 3} .4761297
{txt}{space 15}_cons {c |}{col 22}{res}{space 2}-11.75319{col 34}{space 2} .2549119{col 45}{space 1}  -46.11{col 54}{space 3}0.000{col 62}{space 4}-12.25303{col 75}{space 3}-11.25334
{txt}{hline 21}{c BT}{hline 11}{hline 11}{hline 9}{hline 8}{hline 13}{hline 12}
{res}
{com}. regress y center_GVC c.center_GVC#c.ECAo4

{txt}      Source {c |}       SS           df       MS      Number of obs   ={res}     4,407
{txt}{hline 13}{c +}{hline 34}   F(2, 4404)      = {res}    17.43
{txt}       Model {c |} {res} 39.2682386         2  19.6341193   {txt}Prob > F        ={res}    0.0000
{txt}    Residual {c |} {res} 4961.75724     4,404  1.12664787   {txt}R-squared       ={res}    0.0079
{txt}{hline 13}{c +}{hline 34}   Adj R-squared   ={res}    0.0074
{txt}       Total {c |} {res} 5001.02548     4,406  1.13504891   {txt}Root MSE        =   {res} 1.0614

{txt}{hline 21}{c TT}{hline 11}{hline 11}{hline 9}{hline 8}{hline 13}{hline 12}
{col 1}                   y{col 22}{c |} Coefficient{col 34}  Std. err.{col 46}      t{col 54}   P>|t|{col 62}     [95% con{col 75}f. interval]
{hline 21}{c +}{hline 11}{hline 11}{hline 9}{hline 8}{hline 13}{hline 12}
{space 10}center_GVC {c |}{col 22}{res}{space 2}  .056507{col 34}{space 2} .0170262{col 45}{space 1}    3.32{col 54}{space 3}0.001{col 62}{space 4} .0231271{col 75}{space 3} .0898869
{txt}{space 20} {c |}
c.center_GVC#c.ECAo4 {c |}{col 22}{res}{space 2} 5.58e-08{col 34}{space 2} 1.22e-08{col 45}{space 1}    4.57{col 54}{space 3}0.000{col 62}{space 4} 3.19e-08{col 75}{space 3} 7.97e-08
{txt}{space 20} {c |}
{space 15}_cons {c |}{col 22}{res}{space 2} -10.3623{col 34}{space 2} .0160024{col 45}{space 1} -647.55{col 54}{space 3}0.000{col 62}{space 4}-10.39367{col 75}{space 3}-10.33093
{txt}{hline 21}{c BT}{hline 11}{hline 11}{hline 9}{hline 8}{hline 13}{hline 12}
{res}
{com}. regress y center_GVC c.center_GVC#c.ECAo4 ECAo4

{txt}      Source {c |}       SS           df       MS      Number of obs   ={res}     4,407
{txt}{hline 13}{c +}{hline 34}   F(3, 4403)      = {res}    32.72
{txt}       Model {c |} {res} 109.076853         3  36.3589509   {txt}Prob > F        ={res}    0.0000
{txt}    Residual {c |} {res} 4891.94862     4,403  1.11104897   {txt}R-squared       ={res}    0.0218
{txt}{hline 13}{c +}{hline 34}   Adj R-squared   ={res}    0.0211
{txt}       Total {c |} {res} 5001.02548     4,406  1.13504891   {txt}Root MSE        =   {res} 1.0541

{txt}{hline 21}{c TT}{hline 11}{hline 11}{hline 9}{hline 8}{hline 13}{hline 12}
{col 1}                   y{col 22}{c |} Coefficient{col 34}  Std. err.{col 46}      t{col 54}   P>|t|{col 62}     [95% con{col 75}f. interval]
{hline 21}{c +}{hline 11}{hline 11}{hline 9}{hline 8}{hline 13}{hline 12}
{space 10}center_GVC {c |}{col 22}{res}{space 2} .0591874{col 34}{space 2} .0169113{col 45}{space 1}    3.50{col 54}{space 3}0.000{col 62}{space 4} .0260327{col 75}{space 3}  .092342
{txt}{space 20} {c |}
c.center_GVC#c.ECAo4 {c |}{col 22}{res}{space 2} 1.81e-08{col 34}{space 2} 1.30e-08{col 45}{space 1}    1.39{col 54}{space 3}0.164{col 62}{space 4}-7.39e-09{col 75}{space 3} 4.37e-08
{txt}{space 20} {c |}
{space 15}ECAo4 {c |}{col 22}{res}{space 2}-9.66e-08{col 34}{space 2} 1.22e-08{col 45}{space 1}   -7.93{col 54}{space 3}0.000{col 62}{space 4}-1.21e-07{col 75}{space 3}-7.27e-08
{txt}{space 15}_cons {c |}{col 22}{res}{space 2}-10.35044{col 34}{space 2} .0159615{col 45}{space 1} -648.46{col 54}{space 3}0.000{col 62}{space 4}-10.38173{col 75}{space 3}-10.31915
{txt}{hline 21}{c BT}{hline 11}{hline 11}{hline 9}{hline 8}{hline 13}{hline 12}
{res}
{com}. regress y center_GVC c.center_GVC#c.ECAo4 d12a

{txt}      Source {c |}       SS           df       MS      Number of obs   ={res}     4,297
{txt}{hline 13}{c +}{hline 34}   F(3, 4293)      = {res}    33.54
{txt}       Model {c |} {res}  111.54876         3  37.1829201   {txt}Prob > F        ={res}    0.0000
{txt}    Residual {c |} {res} 4758.58344     4,293  1.10845177   {txt}R-squared       ={res}    0.0229
{txt}{hline 13}{c +}{hline 34}   Adj R-squared   ={res}    0.0222
{txt}       Total {c |} {res}  4870.1322     4,296  1.13364344   {txt}Root MSE        =   {res} 1.0528

{txt}{hline 21}{c TT}{hline 11}{hline 11}{hline 9}{hline 8}{hline 13}{hline 12}
{col 1}                   y{col 22}{c |} Coefficient{col 34}  Std. err.{col 46}      t{col 54}   P>|t|{col 62}     [95% con{col 75}f. interval]
{hline 21}{c +}{hline 11}{hline 11}{hline 9}{hline 8}{hline 13}{hline 12}
{space 10}center_GVC {c |}{col 22}{res}{space 2} .0278931{col 34}{space 2} .0173355{col 45}{space 1}    1.61{col 54}{space 3}0.108{col 62}{space 4}-.0060935{col 75}{space 3} .0618797
{txt}{space 20} {c |}
c.center_GVC#c.ECAo4 {c |}{col 22}{res}{space 2} 5.80e-08{col 34}{space 2} 1.21e-08{col 45}{space 1}    4.79{col 54}{space 3}0.000{col 62}{space 4} 3.42e-08{col 75}{space 3} 8.17e-08
{txt}{space 20} {c |}
{space 16}d12a {c |}{col 22}{res}{space 2} .0036222{col 34}{space 2} .0004404{col 45}{space 1}    8.23{col 54}{space 3}0.000{col 62}{space 4} .0027589{col 75}{space 3} .0044856
{txt}{space 15}_cons {c |}{col 22}{res}{space 2}-10.61329{col 34}{space 2} .0342991{col 45}{space 1} -309.43{col 54}{space 3}0.000{col 62}{space 4}-10.68053{col 75}{space 3}-10.54604
{txt}{hline 21}{c BT}{hline 11}{hline 11}{hline 9}{hline 8}{hline 13}{hline 12}
{res}
{com}. regress y center_GVC c.center_GVC#c.ECAo4 e3

{txt}      Source {c |}       SS           df       MS      Number of obs   ={res}     4,283
{txt}{hline 13}{c +}{hline 34}   F(3, 4279)      = {res}     4.49
{txt}       Model {c |} {res} 14.3644816         3  4.78816054   {txt}Prob > F        ={res}    0.0038
{txt}    Residual {c |} {res} 4562.79454     4,279  1.06632263   {txt}R-squared       ={res}    0.0031
{txt}{hline 13}{c +}{hline 34}   Adj R-squared   ={res}    0.0024
{txt}       Total {c |} {res} 4577.15902     4,282  1.06893018   {txt}Root MSE        =   {res} 1.0326

{txt}{hline 21}{c TT}{hline 11}{hline 11}{hline 9}{hline 8}{hline 13}{hline 12}
{col 1}                   y{col 22}{c |} Coefficient{col 34}  Std. err.{col 46}      t{col 54}   P>|t|{col 62}     [95% con{col 75}f. interval]
{hline 21}{c +}{hline 11}{hline 11}{hline 9}{hline 8}{hline 13}{hline 12}
{space 10}center_GVC {c |}{col 22}{res}{space 2} .0480284{col 34}{space 2} .0168145{col 45}{space 1}    2.86{col 54}{space 3}0.004{col 62}{space 4} .0150633{col 75}{space 3} .0809936
{txt}{space 20} {c |}
c.center_GVC#c.ECAo4 {c |}{col 22}{res}{space 2} 3.14e-08{col 34}{space 2} 1.79e-08{col 45}{space 1}    1.75{col 54}{space 3}0.080{col 62}{space 4}-3.71e-09{col 75}{space 3} 6.65e-08
{txt}{space 20} {c |}
{space 18}e3 {c |}{col 22}{res}{space 2}-.0187757{col 34}{space 2}  .016278{col 45}{space 1}   -1.15{col 54}{space 3}0.249{col 62}{space 4}-.0506889{col 75}{space 3} .0131376
{txt}{space 15}_cons {c |}{col 22}{res}{space 2} -10.3023{col 34}{space 2} .0308642{col 45}{space 1} -333.79{col 54}{space 3}0.000{col 62}{space 4}-10.36281{col 75}{space 3}-10.24179
{txt}{hline 21}{c BT}{hline 11}{hline 11}{hline 9}{hline 8}{hline 13}{hline 12}
{res}
{com}. regress y center_GVC c.center_GVC#c.ECAo4 i.e3
{err}e3:  factor variables may not contain negative values
{txt}{search r(452), local:r(452);}

{com}. regress y center_GVC c.center_GVC#c.ECAo4 ECAo2

{txt}      Source {c |}       SS           df       MS      Number of obs   ={res}       436
{txt}{hline 13}{c +}{hline 34}   F(3, 432)       = {res}     4.83
{txt}       Model {c |} {res} 33.6792547         3  11.2264182   {txt}Prob > F        ={res}    0.0026
{txt}    Residual {c |} {res} 1004.31108       432  2.32479417   {txt}R-squared       ={res}    0.0324
{txt}{hline 13}{c +}{hline 34}   Adj R-squared   ={res}    0.0257
{txt}       Total {c |} {res} 1037.99034       435  2.38618469   {txt}Root MSE        =   {res} 1.5247

{txt}{hline 21}{c TT}{hline 11}{hline 11}{hline 9}{hline 8}{hline 13}{hline 12}
{col 1}                   y{col 22}{c |} Coefficient{col 34}  Std. err.{col 46}      t{col 54}   P>|t|{col 62}     [95% con{col 75}f. interval]
{hline 21}{c +}{hline 11}{hline 11}{hline 9}{hline 8}{hline 13}{hline 12}
{space 10}center_GVC {c |}{col 22}{res}{space 2}-.0027019{col 34}{space 2} .0731005{col 45}{space 1}   -0.04{col 54}{space 3}0.971{col 62}{space 4}-.1463787{col 75}{space 3} .1409749
{txt}{space 20} {c |}
c.center_GVC#c.ECAo4 {c |}{col 22}{res}{space 2} 8.05e-08{col 34}{space 2} 2.18e-08{col 45}{space 1}    3.69{col 54}{space 3}0.000{col 62}{space 4} 3.77e-08{col 75}{space 3} 1.23e-07
{txt}{space 20} {c |}
{space 15}ECAo2 {c |}{col 22}{res}{space 2} .0024962{col 34}{space 2} .0027639{col 45}{space 1}    0.90{col 54}{space 3}0.367{col 62}{space 4}-.0029362{col 75}{space 3} .0079285
{txt}{space 15}_cons {c |}{col 22}{res}{space 2}-11.08236{col 34}{space 2} .1046286{col 45}{space 1} -105.92{col 54}{space 3}0.000{col 62}{space 4}  -11.288{col 75}{space 3}-10.87672
{txt}{hline 21}{c BT}{hline 11}{hline 11}{hline 9}{hline 8}{hline 13}{hline 12}
{res}
{com}. regress y center_GVC c.center_GVC#c.ECAo4 ECAo6

{txt}      Source {c |}       SS           df       MS      Number of obs   ={res}       501
{txt}{hline 13}{c +}{hline 34}   F(3, 497)       = {res}     8.20
{txt}       Model {c |} {res} 57.5452426         3  19.1817475   {txt}Prob > F        ={res}    0.0000
{txt}    Residual {c |} {res} 1162.10357       497  2.33823657   {txt}R-squared       ={res}    0.0472
{txt}{hline 13}{c +}{hline 34}   Adj R-squared   ={res}    0.0414
{txt}       Total {c |} {res} 1219.64882       500  2.43929763   {txt}Root MSE        =   {res} 1.5291

{txt}{hline 21}{c TT}{hline 11}{hline 11}{hline 9}{hline 8}{hline 13}{hline 12}
{col 1}                   y{col 22}{c |} Coefficient{col 34}  Std. err.{col 46}      t{col 54}   P>|t|{col 62}     [95% con{col 75}f. interval]
{hline 21}{c +}{hline 11}{hline 11}{hline 9}{hline 8}{hline 13}{hline 12}
{space 10}center_GVC {c |}{col 22}{res}{space 2}-.0396162{col 34}{space 2} .0677576{col 45}{space 1}   -0.58{col 54}{space 3}0.559{col 62}{space 4}-.1727429{col 75}{space 3} .0935104
{txt}{space 20} {c |}
c.center_GVC#c.ECAo4 {c |}{col 22}{res}{space 2} 8.27e-08{col 34}{space 2} 2.18e-08{col 45}{space 1}    3.79{col 54}{space 3}0.000{col 62}{space 4} 3.99e-08{col 75}{space 3} 1.26e-07
{txt}{space 20} {c |}
{space 15}ECAo6 {c |}{col 22}{res}{space 2}-.0079895{col 34}{space 2}  .002424{col 45}{space 1}   -3.30{col 54}{space 3}0.001{col 62}{space 4} -.012752{col 75}{space 3}-.0032271
{txt}{space 15}_cons {c |}{col 22}{res}{space 2}-10.70352{col 34}{space 2} .1109477{col 45}{space 1}  -96.47{col 54}{space 3}0.000{col 62}{space 4}-10.92151{col 75}{space 3}-10.48554
{txt}{hline 21}{c BT}{hline 11}{hline 11}{hline 9}{hline 8}{hline 13}{hline 12}
{res}
{com}. regress y GVC_OU c.GVC_OU#c.ECAo4 ECAo6

{txt}      Source {c |}       SS           df       MS      Number of obs   ={res}       501
{txt}{hline 13}{c +}{hline 34}   F(3, 497)       = {res}     8.35
{txt}       Model {c |} {res} 58.4939229         3  19.4979743   {txt}Prob > F        ={res}    0.0000
{txt}    Residual {c |} {res} 1161.15489       497  2.33632776   {txt}R-squared       ={res}    0.0480
{txt}{hline 13}{c +}{hline 34}   Adj R-squared   ={res}    0.0422
{txt}       Total {c |} {res} 1219.64882       500  2.43929763   {txt}Root MSE        =   {res} 1.5285

{txt}{hline 17}{c TT}{hline 11}{hline 11}{hline 9}{hline 8}{hline 13}{hline 12}
{col 1}               y{col 18}{c |} Coefficient{col 30}  Std. err.{col 42}      t{col 50}   P>|t|{col 58}     [95% con{col 71}f. interval]
{hline 17}{c +}{hline 11}{hline 11}{hline 9}{hline 8}{hline 13}{hline 12}
{space 10}GVC_OU {c |}{col 18}{res}{space 2} .0107441{col 30}{space 2} .0671405{col 41}{space 1}    0.16{col 50}{space 3}0.873{col 58}{space 4}-.1211702{col 71}{space 3} .1426584
{txt}{space 16} {c |}
c.GVC_OU#c.ECAo4 {c |}{col 18}{res}{space 2}-3.95e-08{col 30}{space 2} 1.03e-08{col 41}{space 1}   -3.85{col 50}{space 3}0.000{col 58}{space 4}-5.97e-08{col 71}{space 3}-1.93e-08
{txt}{space 16} {c |}
{space 11}ECAo6 {c |}{col 18}{res}{space 2}-.0078161{col 30}{space 2} .0024221{col 41}{space 1}   -3.23{col 50}{space 3}0.001{col 58}{space 4}-.0125749{col 71}{space 3}-.0030572
{txt}{space 11}_cons {c |}{col 18}{res}{space 2} -10.6906{col 30}{space 2} .1647793{col 41}{space 1}  -64.88{col 50}{space 3}0.000{col 58}{space 4}-11.01435{col 71}{space 3}-10.36685
{txt}{hline 17}{c BT}{hline 11}{hline 11}{hline 9}{hline 8}{hline 13}{hline 12}
{res}
{com}. regress y center_GVC c.center_GVC#c.ECAo4

{txt}      Source {c |}       SS           df       MS      Number of obs   ={res}     4,407
{txt}{hline 13}{c +}{hline 34}   F(2, 4404)      = {res}    17.43
{txt}       Model {c |} {res} 39.2682386         2  19.6341193   {txt}Prob > F        ={res}    0.0000
{txt}    Residual {c |} {res} 4961.75724     4,404  1.12664787   {txt}R-squared       ={res}    0.0079
{txt}{hline 13}{c +}{hline 34}   Adj R-squared   ={res}    0.0074
{txt}       Total {c |} {res} 5001.02548     4,406  1.13504891   {txt}Root MSE        =   {res} 1.0614

{txt}{hline 21}{c TT}{hline 11}{hline 11}{hline 9}{hline 8}{hline 13}{hline 12}
{col 1}                   y{col 22}{c |} Coefficient{col 34}  Std. err.{col 46}      t{col 54}   P>|t|{col 62}     [95% con{col 75}f. interval]
{hline 21}{c +}{hline 11}{hline 11}{hline 9}{hline 8}{hline 13}{hline 12}
{space 10}center_GVC {c |}{col 22}{res}{space 2}  .056507{col 34}{space 2} .0170262{col 45}{space 1}    3.32{col 54}{space 3}0.001{col 62}{space 4} .0231271{col 75}{space 3} .0898869
{txt}{space 20} {c |}
c.center_GVC#c.ECAo4 {c |}{col 22}{res}{space 2} 5.58e-08{col 34}{space 2} 1.22e-08{col 45}{space 1}    4.57{col 54}{space 3}0.000{col 62}{space 4} 3.19e-08{col 75}{space 3} 7.97e-08
{txt}{space 20} {c |}
{space 15}_cons {c |}{col 22}{res}{space 2} -10.3623{col 34}{space 2} .0160024{col 45}{space 1} -647.55{col 54}{space 3}0.000{col 62}{space 4}-10.39367{col 75}{space 3}-10.33093
{txt}{hline 21}{c BT}{hline 11}{hline 11}{hline 9}{hline 8}{hline 13}{hline 12}
{res}
{com}. regress y center_GVC c.center_GVC#c.ECAo4 f2

{txt}      Source {c |}       SS           df       MS      Number of obs   ={res}     3,413
{txt}{hline 13}{c +}{hline 34}   F(3, 3409)      = {res}    24.74
{txt}       Model {c |} {res} 78.1247561         3  26.0415854   {txt}Prob > F        ={res}    0.0000
{txt}    Residual {c |} {res} 3588.68953     3,409  1.05271034   {txt}R-squared       ={res}    0.0213
{txt}{hline 13}{c +}{hline 34}   Adj R-squared   ={res}    0.0204
{txt}       Total {c |} {res} 3666.81429     3,412   1.0746818   {txt}Root MSE        =   {res}  1.026

{txt}{hline 21}{c TT}{hline 11}{hline 11}{hline 9}{hline 8}{hline 13}{hline 12}
{col 1}                   y{col 22}{c |} Coefficient{col 34}  Std. err.{col 46}      t{col 54}   P>|t|{col 62}     [95% con{col 75}f. interval]
{hline 21}{c +}{hline 11}{hline 11}{hline 9}{hline 8}{hline 13}{hline 12}
{space 10}center_GVC {c |}{col 22}{res}{space 2} .0830671{col 34}{space 2} .0180342{col 45}{space 1}    4.61{col 54}{space 3}0.000{col 62}{space 4} .0477081{col 75}{space 3} .1184261
{txt}{space 20} {c |}
c.center_GVC#c.ECAo4 {c |}{col 22}{res}{space 2} 8.72e-08{col 34}{space 2} 1.44e-08{col 45}{space 1}    6.05{col 54}{space 3}0.000{col 62}{space 4} 5.90e-08{col 75}{space 3} 1.15e-07
{txt}{space 20} {c |}
{space 18}f2 {c |}{col 22}{res}{space 2}-.0020252{col 34}{space 2} .0005612{col 45}{space 1}   -3.61{col 54}{space 3}0.000{col 62}{space 4}-.0031256{col 75}{space 3}-.0009249
{txt}{space 15}_cons {c |}{col 22}{res}{space 2}-10.37512{col 34}{space 2}  .035878{col 45}{space 1} -289.18{col 54}{space 3}0.000{col 62}{space 4}-10.44546{col 75}{space 3}-10.30478
{txt}{hline 21}{c BT}{hline 11}{hline 11}{hline 9}{hline 8}{hline 13}{hline 12}
{res}
{com}. regress y center_GVC c.center_GVC#c.ECAo4 f2 f1

{txt}      Source {c |}       SS           df       MS      Number of obs   ={res}     3,384
{txt}{hline 13}{c +}{hline 34}   F(4, 3379)      = {res}    18.73
{txt}       Model {c |} {res} 79.1415376         4  19.7853844   {txt}Prob > F        ={res}    0.0000
{txt}    Residual {c |} {res} 3568.85666     3,379  1.05618723   {txt}R-squared       ={res}    0.0217
{txt}{hline 13}{c +}{hline 34}   Adj R-squared   ={res}    0.0205
{txt}       Total {c |} {res}  3647.9982     3,383  1.07833231   {txt}Root MSE        =   {res} 1.0277

{txt}{hline 21}{c TT}{hline 11}{hline 11}{hline 9}{hline 8}{hline 13}{hline 12}
{col 1}                   y{col 22}{c |} Coefficient{col 34}  Std. err.{col 46}      t{col 54}   P>|t|{col 62}     [95% con{col 75}f. interval]
{hline 21}{c +}{hline 11}{hline 11}{hline 9}{hline 8}{hline 13}{hline 12}
{space 10}center_GVC {c |}{col 22}{res}{space 2} .0808771{col 34}{space 2} .0181479{col 45}{space 1}    4.46{col 54}{space 3}0.000{col 62}{space 4} .0452952{col 75}{space 3}  .116459
{txt}{space 20} {c |}
c.center_GVC#c.ECAo4 {c |}{col 22}{res}{space 2} 8.75e-08{col 34}{space 2} 1.44e-08{col 45}{space 1}    6.06{col 54}{space 3}0.000{col 62}{space 4} 5.92e-08{col 75}{space 3} 1.16e-07
{txt}{space 20} {c |}
{space 18}f2 {c |}{col 22}{res}{space 2}-.0021022{col 34}{space 2}  .000565{col 45}{space 1}   -3.72{col 54}{space 3}0.000{col 62}{space 4}-.0032101{col 75}{space 3}-.0009944
{txt}{space 18}f1 {c |}{col 22}{res}{space 2} .0009487{col 34}{space 2} .0009018{col 45}{space 1}    1.05{col 54}{space 3}0.293{col 62}{space 4}-.0008195{col 75}{space 3} .0027168
{txt}{space 15}_cons {c |}{col 22}{res}{space 2}-10.44775{col 34}{space 2} .0805013{col 45}{space 1} -129.78{col 54}{space 3}0.000{col 62}{space 4}-10.60559{col 75}{space 3}-10.28992
{txt}{hline 21}{c BT}{hline 11}{hline 11}{hline 9}{hline 8}{hline 13}{hline 12}
{res}
{com}. regress y center_GVC c.center_GVC#c.ECAo4 f2 f1 ECAw1

{txt}      Source {c |}       SS           df       MS      Number of obs   ={res}     2,862
{txt}{hline 13}{c +}{hline 34}   F(5, 2856)      = {res}    15.91
{txt}       Model {c |} {res} 89.5434759         5  17.9086952   {txt}Prob > F        ={res}    0.0000
{txt}    Residual {c |} {res}  3214.9863     2,856  1.12569548   {txt}R-squared       ={res}    0.0271
{txt}{hline 13}{c +}{hline 34}   Adj R-squared   ={res}    0.0254
{txt}       Total {c |} {res} 3304.52978     2,861  1.15502614   {txt}Root MSE        =   {res}  1.061

{txt}{hline 21}{c TT}{hline 11}{hline 11}{hline 9}{hline 8}{hline 13}{hline 12}
{col 1}                   y{col 22}{c |} Coefficient{col 34}  Std. err.{col 46}      t{col 54}   P>|t|{col 62}     [95% con{col 75}f. interval]
{hline 21}{c +}{hline 11}{hline 11}{hline 9}{hline 8}{hline 13}{hline 12}
{space 10}center_GVC {c |}{col 22}{res}{space 2} .0861236{col 34}{space 2} .0205277{col 45}{space 1}    4.20{col 54}{space 3}0.000{col 62}{space 4}  .045873{col 75}{space 3} .1263742
{txt}{space 20} {c |}
c.center_GVC#c.ECAo4 {c |}{col 22}{res}{space 2} 8.71e-08{col 34}{space 2} 1.49e-08{col 45}{space 1}    5.84{col 54}{space 3}0.000{col 62}{space 4} 5.78e-08{col 75}{space 3} 1.16e-07
{txt}{space 20} {c |}
{space 18}f2 {c |}{col 22}{res}{space 2}-.0026292{col 34}{space 2} .0006136{col 45}{space 1}   -4.28{col 54}{space 3}0.000{col 62}{space 4}-.0038323{col 75}{space 3}-.0014261
{txt}{space 18}f1 {c |}{col 22}{res}{space 2} .0010593{col 34}{space 2} .0010031{col 45}{space 1}    1.06{col 54}{space 3}0.291{col 62}{space 4}-.0009075{col 75}{space 3} .0030261
{txt}{space 15}ECAw1 {c |}{col 22}{res}{space 2} .0039736{col 34}{space 2} .0016046{col 45}{space 1}    2.48{col 54}{space 3}0.013{col 62}{space 4} .0008272{col 75}{space 3} .0071199
{txt}{space 15}_cons {c |}{col 22}{res}{space 2}-10.43896{col 34}{space 2} .0892818{col 45}{space 1} -116.92{col 54}{space 3}0.000{col 62}{space 4}-10.61402{col 75}{space 3}-10.26389
{txt}{hline 21}{c BT}{hline 11}{hline 11}{hline 9}{hline 8}{hline 13}{hline 12}
{res}
{com}. regress y center_GVC c.center_GVC#c.ECAo4 f2 ECAw1 ECAp3

{txt}      Source {c |}       SS           df       MS      Number of obs   ={res}       319
{txt}{hline 13}{c +}{hline 34}   F(5, 313)       = {res}     2.92
{txt}       Model {c |} {res}  33.785348         5  6.75706961   {txt}Prob > F        ={res}    0.0135
{txt}    Residual {c |} {res} 723.507754       313  2.31152637   {txt}R-squared       ={res}    0.0446
{txt}{hline 13}{c +}{hline 34}   Adj R-squared   ={res}    0.0294
{txt}       Total {c |} {res} 757.293102       318  2.38142485   {txt}Root MSE        =   {res} 1.5204

{txt}{hline 21}{c TT}{hline 11}{hline 11}{hline 9}{hline 8}{hline 13}{hline 12}
{col 1}                   y{col 22}{c |} Coefficient{col 34}  Std. err.{col 46}      t{col 54}   P>|t|{col 62}     [95% con{col 75}f. interval]
{hline 21}{c +}{hline 11}{hline 11}{hline 9}{hline 8}{hline 13}{hline 12}
{space 10}center_GVC {c |}{col 22}{res}{space 2} .0199398{col 34}{space 2} .0810156{col 45}{space 1}    0.25{col 54}{space 3}0.806{col 62}{space 4}-.1394643{col 75}{space 3}  .179344
{txt}{space 20} {c |}
c.center_GVC#c.ECAo4 {c |}{col 22}{res}{space 2} 6.77e-08{col 34}{space 2} 2.20e-08{col 45}{space 1}    3.07{col 54}{space 3}0.002{col 62}{space 4} 2.44e-08{col 75}{space 3} 1.11e-07
{txt}{space 20} {c |}
{space 18}f2 {c |}{col 22}{res}{space 2}-.0043095{col 34}{space 2} .0020819{col 45}{space 1}   -2.07{col 54}{space 3}0.039{col 62}{space 4}-.0084058{col 75}{space 3}-.0002132
{txt}{space 15}ECAw1 {c |}{col 22}{res}{space 2}  .000399{col 34}{space 2} .0056926{col 45}{space 1}    0.07{col 54}{space 3}0.944{col 62}{space 4}-.0108016{col 75}{space 3} .0115997
{txt}{space 15}ECAp3 {c |}{col 22}{res}{space 2} .0005187{col 34}{space 2} .0013233{col 45}{space 1}    0.39{col 54}{space 3}0.695{col 62}{space 4}-.0020849{col 75}{space 3} .0031224
{txt}{space 15}_cons {c |}{col 22}{res}{space 2}-10.90197{col 34}{space 2} .1540261{col 45}{space 1}  -70.78{col 54}{space 3}0.000{col 62}{space 4}-11.20503{col 75}{space 3}-10.59892
{txt}{hline 21}{c BT}{hline 11}{hline 11}{hline 9}{hline 8}{hline 13}{hline 12}
{res}
{com}. regress y center_GVC c.center_GVC#c.ECAo4 f2 ECAw1

{txt}      Source {c |}       SS           df       MS      Number of obs   ={res}     2,884
{txt}{hline 13}{c +}{hline 34}   F(4, 2879)      = {res}    19.81
{txt}       Model {c |} {res}  88.955673         4  22.2389182   {txt}Prob > F        ={res}    0.0000
{txt}    Residual {c |} {res} 3231.58967     2,879  1.12246949   {txt}R-squared       ={res}    0.0268
{txt}{hline 13}{c +}{hline 34}   Adj R-squared   ={res}    0.0254
{txt}       Total {c |} {res} 3320.54534     2,883  1.15176737   {txt}Root MSE        =   {res} 1.0595

{txt}{hline 21}{c TT}{hline 11}{hline 11}{hline 9}{hline 8}{hline 13}{hline 12}
{col 1}                   y{col 22}{c |} Coefficient{col 34}  Std. err.{col 46}      t{col 54}   P>|t|{col 62}     [95% con{col 75}f. interval]
{hline 21}{c +}{hline 11}{hline 11}{hline 9}{hline 8}{hline 13}{hline 12}
{space 10}center_GVC {c |}{col 22}{res}{space 2} .0882582{col 34}{space 2} .0204047{col 45}{space 1}    4.33{col 54}{space 3}0.000{col 62}{space 4} .0482489{col 75}{space 3} .1282674
{txt}{space 20} {c |}
c.center_GVC#c.ECAo4 {c |}{col 22}{res}{space 2} 8.68e-08{col 34}{space 2} 1.49e-08{col 45}{space 1}    5.83{col 54}{space 3}0.000{col 62}{space 4} 5.76e-08{col 75}{space 3} 1.16e-07
{txt}{space 20} {c |}
{space 18}f2 {c |}{col 22}{res}{space 2}-.0025526{col 34}{space 2}  .000609{col 45}{space 1}   -4.19{col 54}{space 3}0.000{col 62}{space 4}-.0037468{col 75}{space 3}-.0013584
{txt}{space 15}ECAw1 {c |}{col 22}{res}{space 2} .0040902{col 34}{space 2}  .001596{col 45}{space 1}    2.56{col 54}{space 3}0.010{col 62}{space 4} .0009608{col 75}{space 3} .0072196
{txt}{space 15}_cons {c |}{col 22}{res}{space 2}-10.35793{col 34}{space 2} .0406321{col 45}{space 1} -254.92{col 54}{space 3}0.000{col 62}{space 4} -10.4376{col 75}{space 3}-10.27826
{txt}{hline 21}{c BT}{hline 11}{hline 11}{hline 9}{hline 8}{hline 13}{hline 12}
{res}
{com}. regress y center_GVC c.center_GVC#c.ECAo4 f2 ECAw1 g5a
{err}no observations
{txt}{search r(2000), local:r(2000);}

{com}. regress y center_GVC c.center_GVC#c.ECAo4 f2 ECAw1 i2a

{txt}      Source {c |}       SS           df       MS      Number of obs   ={res}     2,200
{txt}{hline 13}{c +}{hline 34}   F(5, 2194)      = {res}     7.53
{txt}       Model {c |} {res} 33.9650614         5  6.79301228   {txt}Prob > F        ={res}    0.0000
{txt}    Residual {c |} {res} 1978.80567     2,194  .901916895   {txt}R-squared       ={res}    0.0169
{txt}{hline 13}{c +}{hline 34}   Adj R-squared   ={res}    0.0146
{txt}       Total {c |} {res} 2012.77073     2,199  .915311837   {txt}Root MSE        =   {res} .94969

{txt}{hline 21}{c TT}{hline 11}{hline 11}{hline 9}{hline 8}{hline 13}{hline 12}
{col 1}                   y{col 22}{c |} Coefficient{col 34}  Std. err.{col 46}      t{col 54}   P>|t|{col 62}     [95% con{col 75}f. interval]
{hline 21}{c +}{hline 11}{hline 11}{hline 9}{hline 8}{hline 13}{hline 12}
{space 10}center_GVC {c |}{col 22}{res}{space 2} .0753972{col 34}{space 2} .0215636{col 45}{space 1}    3.50{col 54}{space 3}0.000{col 62}{space 4} .0331099{col 75}{space 3} .1176844
{txt}{space 20} {c |}
c.center_GVC#c.ECAo4 {c |}{col 22}{res}{space 2} 1.22e-07{col 34}{space 2} 2.97e-08{col 45}{space 1}    4.12{col 54}{space 3}0.000{col 62}{space 4} 6.40e-08{col 75}{space 3} 1.80e-07
{txt}{space 20} {c |}
{space 18}f2 {c |}{col 22}{res}{space 2}-.0014068{col 34}{space 2} .0006479{col 45}{space 1}   -2.17{col 54}{space 3}0.030{col 62}{space 4}-.0026773{col 75}{space 3}-.0001363
{txt}{space 15}ECAw1 {c |}{col 22}{res}{space 2} .0012691{col 34}{space 2}  .001653{col 45}{space 1}    0.77{col 54}{space 3}0.443{col 62}{space 4}-.0019726{col 75}{space 3} .0045107
{txt}{space 17}i2a {c |}{col 22}{res}{space 2}  .008869{col 34}{space 2} .0095726{col 45}{space 1}    0.93{col 54}{space 3}0.354{col 62}{space 4}-.0099033{col 75}{space 3} .0276414
{txt}{space 15}_cons {c |}{col 22}{res}{space 2}-10.34511{col 34}{space 2} .0433861{col 45}{space 1} -238.44{col 54}{space 3}0.000{col 62}{space 4}-10.43019{col 75}{space 3}-10.26003
{txt}{hline 21}{c BT}{hline 11}{hline 11}{hline 9}{hline 8}{hline 13}{hline 12}
{res}
{com}. regress y center_GVC c.center_GVC#c.ECAo4 f2 ECAw1

{txt}      Source {c |}       SS           df       MS      Number of obs   ={res}     2,884
{txt}{hline 13}{c +}{hline 34}   F(4, 2879)      = {res}    19.81
{txt}       Model {c |} {res}  88.955673         4  22.2389182   {txt}Prob > F        ={res}    0.0000
{txt}    Residual {c |} {res} 3231.58967     2,879  1.12246949   {txt}R-squared       ={res}    0.0268
{txt}{hline 13}{c +}{hline 34}   Adj R-squared   ={res}    0.0254
{txt}       Total {c |} {res} 3320.54534     2,883  1.15176737   {txt}Root MSE        =   {res} 1.0595

{txt}{hline 21}{c TT}{hline 11}{hline 11}{hline 9}{hline 8}{hline 13}{hline 12}
{col 1}                   y{col 22}{c |} Coefficient{col 34}  Std. err.{col 46}      t{col 54}   P>|t|{col 62}     [95% con{col 75}f. interval]
{hline 21}{c +}{hline 11}{hline 11}{hline 9}{hline 8}{hline 13}{hline 12}
{space 10}center_GVC {c |}{col 22}{res}{space 2} .0882582{col 34}{space 2} .0204047{col 45}{space 1}    4.33{col 54}{space 3}0.000{col 62}{space 4} .0482489{col 75}{space 3} .1282674
{txt}{space 20} {c |}
c.center_GVC#c.ECAo4 {c |}{col 22}{res}{space 2} 8.68e-08{col 34}{space 2} 1.49e-08{col 45}{space 1}    5.83{col 54}{space 3}0.000{col 62}{space 4} 5.76e-08{col 75}{space 3} 1.16e-07
{txt}{space 20} {c |}
{space 18}f2 {c |}{col 22}{res}{space 2}-.0025526{col 34}{space 2}  .000609{col 45}{space 1}   -4.19{col 54}{space 3}0.000{col 62}{space 4}-.0037468{col 75}{space 3}-.0013584
{txt}{space 15}ECAw1 {c |}{col 22}{res}{space 2} .0040902{col 34}{space 2}  .001596{col 45}{space 1}    2.56{col 54}{space 3}0.010{col 62}{space 4} .0009608{col 75}{space 3} .0072196
{txt}{space 15}_cons {c |}{col 22}{res}{space 2}-10.35793{col 34}{space 2} .0406321{col 45}{space 1} -254.92{col 54}{space 3}0.000{col 62}{space 4} -10.4376{col 75}{space 3}-10.27826
{txt}{hline 21}{c BT}{hline 11}{hline 11}{hline 9}{hline 8}{hline 13}{hline 12}
{res}
{com}. regress y center_GVC c.center_GVC#c.ECAo4 f2 ECAw1 i2b

{txt}      Source {c |}       SS           df       MS      Number of obs   ={res}     1,593
{txt}{hline 13}{c +}{hline 34}   F(5, 1587)      = {res}    12.81
{txt}       Model {c |} {res} 69.6742416         5  13.9348483   {txt}Prob > F        ={res}    0.0000
{txt}    Residual {c |} {res} 1726.67539     1,587  1.08801222   {txt}R-squared       ={res}    0.0388
{txt}{hline 13}{c +}{hline 34}   Adj R-squared   ={res}    0.0358
{txt}       Total {c |} {res} 1796.34963     1,592  1.12836032   {txt}Root MSE        =   {res} 1.0431

{txt}{hline 21}{c TT}{hline 11}{hline 11}{hline 9}{hline 8}{hline 13}{hline 12}
{col 1}                   y{col 22}{c |} Coefficient{col 34}  Std. err.{col 46}      t{col 54}   P>|t|{col 62}     [95% con{col 75}f. interval]
{hline 21}{c +}{hline 11}{hline 11}{hline 9}{hline 8}{hline 13}{hline 12}
{space 10}center_GVC {c |}{col 22}{res}{space 2} .0833365{col 34}{space 2} .0264527{col 45}{space 1}    3.15{col 54}{space 3}0.002{col 62}{space 4} .0314506{col 75}{space 3} .1352224
{txt}{space 20} {c |}
c.center_GVC#c.ECAo4 {c |}{col 22}{res}{space 2}-4.48e-08{col 34}{space 2} 3.13e-08{col 45}{space 1}   -1.43{col 54}{space 3}0.152{col 62}{space 4}-1.06e-07{col 75}{space 3} 1.65e-08
{txt}{space 20} {c |}
{space 18}f2 {c |}{col 22}{res}{space 2}-.0021666{col 34}{space 2} .0008626{col 45}{space 1}   -2.51{col 54}{space 3}0.012{col 62}{space 4}-.0038586{col 75}{space 3}-.0004747
{txt}{space 15}ECAw1 {c |}{col 22}{res}{space 2} .0046512{col 34}{space 2} .0021744{col 45}{space 1}    2.14{col 54}{space 3}0.033{col 62}{space 4} .0003861{col 75}{space 3} .0089163
{txt}{space 17}i2b {c |}{col 22}{res}{space 2}-4.34e-07{col 34}{space 2} 9.68e-08{col 45}{space 1}   -4.49{col 54}{space 3}0.000{col 62}{space 4}-6.24e-07{col 75}{space 3}-2.44e-07
{txt}{space 15}_cons {c |}{col 22}{res}{space 2}-10.33044{col 34}{space 2} .0554994{col 45}{space 1} -186.14{col 54}{space 3}0.000{col 62}{space 4} -10.4393{col 75}{space 3}-10.22158
{txt}{hline 21}{c BT}{hline 11}{hline 11}{hline 9}{hline 8}{hline 13}{hline 12}
{res}
{com}. regress y center_GVC c.center_GVC#c.ECAo4 f2 ECAw1 k1e

{txt}      Source {c |}       SS           df       MS      Number of obs   ={res}     2,765
{txt}{hline 13}{c +}{hline 34}   F(5, 2759)      = {res}    77.12
{txt}       Model {c |} {res} 365.500661         5  73.1001321   {txt}Prob > F        ={res}    0.0000
{txt}    Residual {c |} {res} 2615.34303     2,759  .947931508   {txt}R-squared       ={res}    0.1226
{txt}{hline 13}{c +}{hline 34}   Adj R-squared   ={res}    0.1210
{txt}       Total {c |} {res} 2980.84369     2,764  1.07845286   {txt}Root MSE        =   {res} .97362

{txt}{hline 21}{c TT}{hline 11}{hline 11}{hline 9}{hline 8}{hline 13}{hline 12}
{col 1}                   y{col 22}{c |} Coefficient{col 34}  Std. err.{col 46}      t{col 54}   P>|t|{col 62}     [95% con{col 75}f. interval]
{hline 21}{c +}{hline 11}{hline 11}{hline 9}{hline 8}{hline 13}{hline 12}
{space 10}center_GVC {c |}{col 22}{res}{space 2} .0449025{col 34}{space 2} .0195154{col 45}{space 1}    2.30{col 54}{space 3}0.021{col 62}{space 4} .0066362{col 75}{space 3} .0831688
{txt}{space 20} {c |}
c.center_GVC#c.ECAo4 {c |}{col 22}{res}{space 2} 1.22e-07{col 34}{space 2} 2.62e-08{col 45}{space 1}    4.64{col 54}{space 3}0.000{col 62}{space 4} 7.03e-08{col 75}{space 3} 1.73e-07
{txt}{space 20} {c |}
{space 18}f2 {c |}{col 22}{res}{space 2}-.0016375{col 34}{space 2}   .00057{col 45}{space 1}   -2.87{col 54}{space 3}0.004{col 62}{space 4}-.0027552{col 75}{space 3}-.0005198
{txt}{space 15}ECAw1 {c |}{col 22}{res}{space 2} .0045739{col 34}{space 2} .0014759{col 45}{space 1}    3.10{col 54}{space 3}0.002{col 62}{space 4} .0016798{col 75}{space 3} .0074679
{txt}{space 17}k1e {c |}{col 22}{res}{space 2}-.0084329{col 34}{space 2} .0004848{col 45}{space 1}  -17.39{col 54}{space 3}0.000{col 62}{space 4}-.0093836{col 75}{space 3}-.0074822
{txt}{space 15}_cons {c |}{col 22}{res}{space 2}-10.01323{col 34}{space 2} .0434025{col 45}{space 1} -230.71{col 54}{space 3}0.000{col 62}{space 4}-10.09834{col 75}{space 3}-9.928128
{txt}{hline 21}{c BT}{hline 11}{hline 11}{hline 9}{hline 8}{hline 13}{hline 12}
{res}
{com}. regress y center_GVC c.center_GVC#c.ECAo4 f2 ECAw1 k1e k2a

{txt}      Source {c |}       SS           df       MS      Number of obs   ={res}     2,764
{txt}{hline 13}{c +}{hline 34}   F(6, 2757)      = {res}    65.06
{txt}       Model {c |} {res}  369.63157         6  61.6052617   {txt}Prob > F        ={res}    0.0000
{txt}    Residual {c |} {res} 2610.47781     2,757  .946854481   {txt}R-squared       ={res}    0.1240
{txt}{hline 13}{c +}{hline 34}   Adj R-squared   ={res}    0.1221
{txt}       Total {c |} {res} 2980.10938     2,763  1.07857741   {txt}Root MSE        =   {res} .97306

{txt}{hline 21}{c TT}{hline 11}{hline 11}{hline 9}{hline 8}{hline 13}{hline 12}
{col 1}                   y{col 22}{c |} Coefficient{col 34}  Std. err.{col 46}      t{col 54}   P>|t|{col 62}     [95% con{col 75}f. interval]
{hline 21}{c +}{hline 11}{hline 11}{hline 9}{hline 8}{hline 13}{hline 12}
{space 10}center_GVC {c |}{col 22}{res}{space 2} .0445783{col 34}{space 2} .0195099{col 45}{space 1}    2.28{col 54}{space 3}0.022{col 62}{space 4} .0063227{col 75}{space 3} .0828338
{txt}{space 20} {c |}
c.center_GVC#c.ECAo4 {c |}{col 22}{res}{space 2} 1.21e-07{col 34}{space 2} 2.62e-08{col 45}{space 1}    4.60{col 54}{space 3}0.000{col 62}{space 4} 6.91e-08{col 75}{space 3} 1.72e-07
{txt}{space 20} {c |}
{space 18}f2 {c |}{col 22}{res}{space 2}-.0016273{col 34}{space 2} .0005697{col 45}{space 1}   -2.86{col 54}{space 3}0.004{col 62}{space 4}-.0027445{col 75}{space 3}-.0005102
{txt}{space 15}ECAw1 {c |}{col 22}{res}{space 2} .0045516{col 34}{space 2} .0014751{col 45}{space 1}    3.09{col 54}{space 3}0.002{col 62}{space 4} .0016591{col 75}{space 3} .0074441
{txt}{space 17}k1e {c |}{col 22}{res}{space 2}-.0082468{col 34}{space 2}  .000493{col 45}{space 1}  -16.73{col 54}{space 3}0.000{col 62}{space 4}-.0092135{col 75}{space 3}  -.00728
{txt}{space 17}k2a {c |}{col 22}{res}{space 2} .0017475{col 34}{space 2} .0008541{col 45}{space 1}    2.05{col 54}{space 3}0.041{col 62}{space 4} .0000727{col 75}{space 3} .0034223
{txt}{space 15}_cons {c |}{col 22}{res}{space 2}-10.04345{col 34}{space 2} .0459152{col 45}{space 1} -218.74{col 54}{space 3}0.000{col 62}{space 4}-10.13348{col 75}{space 3}-9.953418
{txt}{hline 21}{c BT}{hline 11}{hline 11}{hline 9}{hline 8}{hline 13}{hline 12}
{res}
{com}. regress y center_GVC c.center_GVC#c.ECAo4 f2 ECAw1 k1e n5a

{txt}      Source {c |}       SS           df       MS      Number of obs   ={res}     2,280
{txt}{hline 13}{c +}{hline 34}   F(6, 2273)      = {res}    70.39
{txt}       Model {c |} {res} 386.403736         6  64.4006227   {txt}Prob > F        ={res}    0.0000
{txt}    Residual {c |} {res} 2079.47085     2,273  .914857393   {txt}R-squared       ={res}    0.1567
{txt}{hline 13}{c +}{hline 34}   Adj R-squared   ={res}    0.1545
{txt}       Total {c |} {res} 2465.87459     2,279   1.0819985   {txt}Root MSE        =   {res} .95648

{txt}{hline 21}{c TT}{hline 11}{hline 11}{hline 9}{hline 8}{hline 13}{hline 12}
{col 1}                   y{col 22}{c |} Coefficient{col 34}  Std. err.{col 46}      t{col 54}   P>|t|{col 62}     [95% con{col 75}f. interval]
{hline 21}{c +}{hline 11}{hline 11}{hline 9}{hline 8}{hline 13}{hline 12}
{space 10}center_GVC {c |}{col 22}{res}{space 2} .0490897{col 34}{space 2} .0211872{col 45}{space 1}    2.32{col 54}{space 3}0.021{col 62}{space 4} .0075415{col 75}{space 3} .0906379
{txt}{space 20} {c |}
c.center_GVC#c.ECAo4 {c |}{col 22}{res}{space 2} 1.27e-07{col 34}{space 2} 2.60e-08{col 45}{space 1}    4.89{col 54}{space 3}0.000{col 62}{space 4} 7.60e-08{col 75}{space 3} 1.78e-07
{txt}{space 20} {c |}
{space 18}f2 {c |}{col 22}{res}{space 2}-.0011151{col 34}{space 2}  .000612{col 45}{space 1}   -1.82{col 54}{space 3}0.069{col 62}{space 4}-.0023152{col 75}{space 3}  .000085
{txt}{space 15}ECAw1 {c |}{col 22}{res}{space 2} .0040248{col 34}{space 2} .0015669{col 45}{space 1}    2.57{col 54}{space 3}0.010{col 62}{space 4}  .000952{col 75}{space 3} .0070976
{txt}{space 17}k1e {c |}{col 22}{res}{space 2}-.0084048{col 34}{space 2} .0005267{col 45}{space 1}  -15.96{col 54}{space 3}0.000{col 62}{space 4}-.0094376{col 75}{space 3}-.0073719
{txt}{space 17}n5a {c |}{col 22}{res}{space 2}-4.73e-08{col 34}{space 2} 5.51e-09{col 45}{space 1}   -8.58{col 54}{space 3}0.000{col 62}{space 4}-5.81e-08{col 75}{space 3}-3.65e-08
{txt}{space 15}_cons {c |}{col 22}{res}{space 2} -10.0511{col 34}{space 2} .0466859{col 45}{space 1} -215.29{col 54}{space 3}0.000{col 62}{space 4}-10.14265{col 75}{space 3} -9.95955
{txt}{hline 21}{c BT}{hline 11}{hline 11}{hline 9}{hline 8}{hline 13}{hline 12}
{res}
{com}. regress y center_GVC c.center_GVC#c.ECAo4 f2 ECAw1 k1e n5a n5b

{txt}      Source {c |}       SS           df       MS      Number of obs   ={res}     2,280
{txt}{hline 13}{c +}{hline 34}   F(7, 2272)      = {res}    64.70
{txt}       Model {c |} {res} 409.832453         7  58.5474933   {txt}Prob > F        ={res}    0.0000
{txt}    Residual {c |} {res} 2056.04214     2,272  .904948124   {txt}R-squared       ={res}    0.1662
{txt}{hline 13}{c +}{hline 34}   Adj R-squared   ={res}    0.1636
{txt}       Total {c |} {res} 2465.87459     2,279   1.0819985   {txt}Root MSE        =   {res} .95129

{txt}{hline 21}{c TT}{hline 11}{hline 11}{hline 9}{hline 8}{hline 13}{hline 12}
{col 1}                   y{col 22}{c |} Coefficient{col 34}  Std. err.{col 46}      t{col 54}   P>|t|{col 62}     [95% con{col 75}f. interval]
{hline 21}{c +}{hline 11}{hline 11}{hline 9}{hline 8}{hline 13}{hline 12}
{space 10}center_GVC {c |}{col 22}{res}{space 2} .0456983{col 34}{space 2} .0210826{col 45}{space 1}    2.17{col 54}{space 3}0.030{col 62}{space 4} .0043551{col 75}{space 3} .0870416
{txt}{space 20} {c |}
c.center_GVC#c.ECAo4 {c |}{col 22}{res}{space 2} 1.23e-07{col 34}{space 2} 2.59e-08{col 45}{space 1}    4.76{col 54}{space 3}0.000{col 62}{space 4} 7.24e-08{col 75}{space 3} 1.74e-07
{txt}{space 20} {c |}
{space 18}f2 {c |}{col 22}{res}{space 2}-.0011234{col 34}{space 2} .0006087{col 45}{space 1}   -1.85{col 54}{space 3}0.065{col 62}{space 4} -.002317{col 75}{space 3} .0000702
{txt}{space 15}ECAw1 {c |}{col 22}{res}{space 2} .0039793{col 34}{space 2} .0015585{col 45}{space 1}    2.55{col 54}{space 3}0.011{col 62}{space 4} .0009232{col 75}{space 3} .0070355
{txt}{space 17}k1e {c |}{col 22}{res}{space 2}-.0084133{col 34}{space 2} .0005238{col 45}{space 1}  -16.06{col 54}{space 3}0.000{col 62}{space 4}-.0094405{col 75}{space 3} -.007386
{txt}{space 17}n5a {c |}{col 22}{res}{space 2}-4.29e-08{col 34}{space 2} 5.55e-09{col 45}{space 1}   -7.73{col 54}{space 3}0.000{col 62}{space 4}-5.38e-08{col 75}{space 3}-3.20e-08
{txt}{space 17}n5b {c |}{col 22}{res}{space 2}-3.41e-08{col 34}{space 2} 6.69e-09{col 45}{space 1}   -5.09{col 54}{space 3}0.000{col 62}{space 4}-4.72e-08{col 75}{space 3}-2.09e-08
{txt}{space 15}_cons {c |}{col 22}{res}{space 2}-10.04557{col 34}{space 2} .0464452{col 45}{space 1} -216.29{col 54}{space 3}0.000{col 62}{space 4}-10.13665{col 75}{space 3}-9.954488
{txt}{hline 21}{c BT}{hline 11}{hline 11}{hline 9}{hline 8}{hline 13}{hline 12}
{res}
{com}. regress y center_GVC c.center_GVC#c.ECAo4 f2 ECAw1 k1e n5b

{txt}      Source {c |}       SS           df       MS      Number of obs   ={res}     2,280
{txt}{hline 13}{c +}{hline 34}   F(6, 2273)      = {res}    63.87
{txt}       Model {c |} {res} 355.776275         6  59.2960459   {txt}Prob > F        ={res}    0.0000
{txt}    Residual {c |} {res} 2110.09831     2,273  .928331859   {txt}R-squared       ={res}    0.1443
{txt}{hline 13}{c +}{hline 34}   Adj R-squared   ={res}    0.1420
{txt}       Total {c |} {res} 2465.87459     2,279   1.0819985   {txt}Root MSE        =   {res}  .9635

{txt}{hline 21}{c TT}{hline 11}{hline 11}{hline 9}{hline 8}{hline 13}{hline 12}
{col 1}                   y{col 22}{c |} Coefficient{col 34}  Std. err.{col 46}      t{col 54}   P>|t|{col 62}     [95% con{col 75}f. interval]
{hline 21}{c +}{hline 11}{hline 11}{hline 9}{hline 8}{hline 13}{hline 12}
{space 10}center_GVC {c |}{col 22}{res}{space 2} .0418556{col 34}{space 2} .0213474{col 45}{space 1}    1.96{col 54}{space 3}0.050{col 62}{space 4}-6.71e-06{col 75}{space 3}  .083718
{txt}{space 20} {c |}
c.center_GVC#c.ECAo4 {c |}{col 22}{res}{space 2} 1.15e-07{col 34}{space 2} 2.62e-08{col 45}{space 1}    4.39{col 54}{space 3}0.000{col 62}{space 4} 6.37e-08{col 75}{space 3} 1.66e-07
{txt}{space 20} {c |}
{space 18}f2 {c |}{col 22}{res}{space 2}-.0016162{col 34}{space 2} .0006131{col 45}{space 1}   -2.64{col 54}{space 3}0.008{col 62}{space 4}-.0028185{col 75}{space 3}-.0004139
{txt}{space 15}ECAw1 {c |}{col 22}{res}{space 2} .0041227{col 34}{space 2} .0015784{col 45}{space 1}    2.61{col 54}{space 3}0.009{col 62}{space 4} .0010275{col 75}{space 3} .0072179
{txt}{space 17}k1e {c |}{col 22}{res}{space 2}-.0086712{col 34}{space 2} .0005295{col 45}{space 1}  -16.38{col 54}{space 3}0.000{col 62}{space 4}-.0097095{col 75}{space 3}-.0076329
{txt}{space 17}n5b {c |}{col 22}{res}{space 2}-4.21e-08{col 34}{space 2} 6.70e-09{col 45}{space 1}   -6.29{col 54}{space 3}0.000{col 62}{space 4}-5.52e-08{col 75}{space 3}-2.90e-08
{txt}{space 15}_cons {c |}{col 22}{res}{space 2}-10.02005{col 34}{space 2} .0469224{col 45}{space 1} -213.55{col 54}{space 3}0.000{col 62}{space 4}-10.11207{col 75}{space 3}-9.928035
{txt}{hline 21}{c BT}{hline 11}{hline 11}{hline 9}{hline 8}{hline 13}{hline 12}
{res}
{com}. regress y center_GVC c.center_GVC#c.ECAo4 f2 ECAw1 k1e n5a n5b

{txt}      Source {c |}       SS           df       MS      Number of obs   ={res}     2,280
{txt}{hline 13}{c +}{hline 34}   F(7, 2272)      = {res}    64.70
{txt}       Model {c |} {res} 409.832453         7  58.5474933   {txt}Prob > F        ={res}    0.0000
{txt}    Residual {c |} {res} 2056.04214     2,272  .904948124   {txt}R-squared       ={res}    0.1662
{txt}{hline 13}{c +}{hline 34}   Adj R-squared   ={res}    0.1636
{txt}       Total {c |} {res} 2465.87459     2,279   1.0819985   {txt}Root MSE        =   {res} .95129

{txt}{hline 21}{c TT}{hline 11}{hline 11}{hline 9}{hline 8}{hline 13}{hline 12}
{col 1}                   y{col 22}{c |} Coefficient{col 34}  Std. err.{col 46}      t{col 54}   P>|t|{col 62}     [95% con{col 75}f. interval]
{hline 21}{c +}{hline 11}{hline 11}{hline 9}{hline 8}{hline 13}{hline 12}
{space 10}center_GVC {c |}{col 22}{res}{space 2} .0456983{col 34}{space 2} .0210826{col 45}{space 1}    2.17{col 54}{space 3}0.030{col 62}{space 4} .0043551{col 75}{space 3} .0870416
{txt}{space 20} {c |}
c.center_GVC#c.ECAo4 {c |}{col 22}{res}{space 2} 1.23e-07{col 34}{space 2} 2.59e-08{col 45}{space 1}    4.76{col 54}{space 3}0.000{col 62}{space 4} 7.24e-08{col 75}{space 3} 1.74e-07
{txt}{space 20} {c |}
{space 18}f2 {c |}{col 22}{res}{space 2}-.0011234{col 34}{space 2} .0006087{col 45}{space 1}   -1.85{col 54}{space 3}0.065{col 62}{space 4} -.002317{col 75}{space 3} .0000702
{txt}{space 15}ECAw1 {c |}{col 22}{res}{space 2} .0039793{col 34}{space 2} .0015585{col 45}{space 1}    2.55{col 54}{space 3}0.011{col 62}{space 4} .0009232{col 75}{space 3} .0070355
{txt}{space 17}k1e {c |}{col 22}{res}{space 2}-.0084133{col 34}{space 2} .0005238{col 45}{space 1}  -16.06{col 54}{space 3}0.000{col 62}{space 4}-.0094405{col 75}{space 3} -.007386
{txt}{space 17}n5a {c |}{col 22}{res}{space 2}-4.29e-08{col 34}{space 2} 5.55e-09{col 45}{space 1}   -7.73{col 54}{space 3}0.000{col 62}{space 4}-5.38e-08{col 75}{space 3}-3.20e-08
{txt}{space 17}n5b {c |}{col 22}{res}{space 2}-3.41e-08{col 34}{space 2} 6.69e-09{col 45}{space 1}   -5.09{col 54}{space 3}0.000{col 62}{space 4}-4.72e-08{col 75}{space 3}-2.09e-08
{txt}{space 15}_cons {c |}{col 22}{res}{space 2}-10.04557{col 34}{space 2} .0464452{col 45}{space 1} -216.29{col 54}{space 3}0.000{col 62}{space 4}-10.13665{col 75}{space 3}-9.954488
{txt}{hline 21}{c BT}{hline 11}{hline 11}{hline 9}{hline 8}{hline 13}{hline 12}
{res}
{com}. regress y center_GVC c.center_GVC#c.ECAo4 f2 ECAw1 k1e n5a n5b k5i

{txt}      Source {c |}       SS           df       MS      Number of obs   ={res}     1,952
{txt}{hline 13}{c +}{hline 34}   F(8, 1943)      = {res}    54.53
{txt}       Model {c |} {res} 401.621759         8  50.2027199   {txt}Prob > F        ={res}    0.0000
{txt}    Residual {c |} {res} 1788.90189     1,943   .92069063   {txt}R-squared       ={res}    0.1833
{txt}{hline 13}{c +}{hline 34}   Adj R-squared   ={res}    0.1800
{txt}       Total {c |} {res} 2190.52365     1,951  1.12276968   {txt}Root MSE        =   {res} .95953

{txt}{hline 21}{c TT}{hline 11}{hline 11}{hline 9}{hline 8}{hline 13}{hline 12}
{col 1}                   y{col 22}{c |} Coefficient{col 34}  Std. err.{col 46}      t{col 54}   P>|t|{col 62}     [95% con{col 75}f. interval]
{hline 21}{c +}{hline 11}{hline 11}{hline 9}{hline 8}{hline 13}{hline 12}
{space 10}center_GVC {c |}{col 22}{res}{space 2} .0251652{col 34}{space 2} .0230253{col 45}{space 1}    1.09{col 54}{space 3}0.275{col 62}{space 4}-.0199916{col 75}{space 3} .0703221
{txt}{space 20} {c |}
c.center_GVC#c.ECAo4 {c |}{col 22}{res}{space 2} 1.15e-07{col 34}{space 2} 2.62e-08{col 45}{space 1}    4.40{col 54}{space 3}0.000{col 62}{space 4} 6.38e-08{col 75}{space 3} 1.67e-07
{txt}{space 20} {c |}
{space 18}f2 {c |}{col 22}{res}{space 2}-.0009594{col 34}{space 2}  .000643{col 45}{space 1}   -1.49{col 54}{space 3}0.136{col 62}{space 4}-.0022206{col 75}{space 3} .0003017
{txt}{space 15}ECAw1 {c |}{col 22}{res}{space 2}  .003592{col 34}{space 2} .0016416{col 45}{space 1}    2.19{col 54}{space 3}0.029{col 62}{space 4} .0003725{col 75}{space 3} .0068114
{txt}{space 17}k1e {c |}{col 22}{res}{space 2}-.0090483{col 34}{space 2} .0005798{col 45}{space 1}  -15.61{col 54}{space 3}0.000{col 62}{space 4}-.0101853{col 75}{space 3}-.0079112
{txt}{space 17}n5a {c |}{col 22}{res}{space 2}-4.18e-08{col 34}{space 2} 5.61e-09{col 45}{space 1}   -7.46{col 54}{space 3}0.000{col 62}{space 4}-5.28e-08{col 75}{space 3}-3.08e-08
{txt}{space 17}n5b {c |}{col 22}{res}{space 2}-3.42e-08{col 34}{space 2} 6.75e-09{col 45}{space 1}   -5.07{col 54}{space 3}0.000{col 62}{space 4}-4.74e-08{col 75}{space 3}-2.10e-08
{txt}{space 17}k5i {c |}{col 22}{res}{space 2}-.0046042{col 34}{space 2} .0011635{col 45}{space 1}   -3.96{col 54}{space 3}0.000{col 62}{space 4} -.006886{col 75}{space 3}-.0023224
{txt}{space 15}_cons {c |}{col 22}{res}{space 2}-10.01391{col 34}{space 2} .0508699{col 45}{space 1} -196.85{col 54}{space 3}0.000{col 62}{space 4}-10.11367{col 75}{space 3} -9.91414
{txt}{hline 21}{c BT}{hline 11}{hline 11}{hline 9}{hline 8}{hline 13}{hline 12}
{res}
{com}. regress y center_GVC c.center_GVC#c.ECAo4 f2 ECAw1 k1e n5a n5b

{txt}      Source {c |}       SS           df       MS      Number of obs   ={res}     2,280
{txt}{hline 13}{c +}{hline 34}   F(7, 2272)      = {res}    64.70
{txt}       Model {c |} {res} 409.832453         7  58.5474933   {txt}Prob > F        ={res}    0.0000
{txt}    Residual {c |} {res} 2056.04214     2,272  .904948124   {txt}R-squared       ={res}    0.1662
{txt}{hline 13}{c +}{hline 34}   Adj R-squared   ={res}    0.1636
{txt}       Total {c |} {res} 2465.87459     2,279   1.0819985   {txt}Root MSE        =   {res} .95129

{txt}{hline 21}{c TT}{hline 11}{hline 11}{hline 9}{hline 8}{hline 13}{hline 12}
{col 1}                   y{col 22}{c |} Coefficient{col 34}  Std. err.{col 46}      t{col 54}   P>|t|{col 62}     [95% con{col 75}f. interval]
{hline 21}{c +}{hline 11}{hline 11}{hline 9}{hline 8}{hline 13}{hline 12}
{space 10}center_GVC {c |}{col 22}{res}{space 2} .0456983{col 34}{space 2} .0210826{col 45}{space 1}    2.17{col 54}{space 3}0.030{col 62}{space 4} .0043551{col 75}{space 3} .0870416
{txt}{space 20} {c |}
c.center_GVC#c.ECAo4 {c |}{col 22}{res}{space 2} 1.23e-07{col 34}{space 2} 2.59e-08{col 45}{space 1}    4.76{col 54}{space 3}0.000{col 62}{space 4} 7.24e-08{col 75}{space 3} 1.74e-07
{txt}{space 20} {c |}
{space 18}f2 {c |}{col 22}{res}{space 2}-.0011234{col 34}{space 2} .0006087{col 45}{space 1}   -1.85{col 54}{space 3}0.065{col 62}{space 4} -.002317{col 75}{space 3} .0000702
{txt}{space 15}ECAw1 {c |}{col 22}{res}{space 2} .0039793{col 34}{space 2} .0015585{col 45}{space 1}    2.55{col 54}{space 3}0.011{col 62}{space 4} .0009232{col 75}{space 3} .0070355
{txt}{space 17}k1e {c |}{col 22}{res}{space 2}-.0084133{col 34}{space 2} .0005238{col 45}{space 1}  -16.06{col 54}{space 3}0.000{col 62}{space 4}-.0094405{col 75}{space 3} -.007386
{txt}{space 17}n5a {c |}{col 22}{res}{space 2}-4.29e-08{col 34}{space 2} 5.55e-09{col 45}{space 1}   -7.73{col 54}{space 3}0.000{col 62}{space 4}-5.38e-08{col 75}{space 3}-3.20e-08
{txt}{space 17}n5b {c |}{col 22}{res}{space 2}-3.41e-08{col 34}{space 2} 6.69e-09{col 45}{space 1}   -5.09{col 54}{space 3}0.000{col 62}{space 4}-4.72e-08{col 75}{space 3}-2.09e-08
{txt}{space 15}_cons {c |}{col 22}{res}{space 2}-10.04557{col 34}{space 2} .0464452{col 45}{space 1} -216.29{col 54}{space 3}0.000{col 62}{space 4}-10.13665{col 75}{space 3}-9.954488
{txt}{hline 21}{c BT}{hline 11}{hline 11}{hline 9}{hline 8}{hline 13}{hline 12}
{res}
{com}. regress y center_GVC c.center_GVC#c.ECAo4 ECAw1 k1e n5a n5b

{txt}      Source {c |}       SS           df       MS      Number of obs   ={res}     2,303
{txt}{hline 13}{c +}{hline 34}   F(6, 2296)      = {res}    73.90
{txt}       Model {c |} {res} 400.477648         6  66.7462747   {txt}Prob > F        ={res}    0.0000
{txt}    Residual {c |} {res} 2073.68834     2,296  .903174366   {txt}R-squared       ={res}    0.1619
{txt}{hline 13}{c +}{hline 34}   Adj R-squared   ={res}    0.1597
{txt}       Total {c |} {res} 2474.16599     2,302  1.07478974   {txt}Root MSE        =   {res} .95035

{txt}{hline 21}{c TT}{hline 11}{hline 11}{hline 9}{hline 8}{hline 13}{hline 12}
{col 1}                   y{col 22}{c |} Coefficient{col 34}  Std. err.{col 46}      t{col 54}   P>|t|{col 62}     [95% con{col 75}f. interval]
{hline 21}{c +}{hline 11}{hline 11}{hline 9}{hline 8}{hline 13}{hline 12}
{space 10}center_GVC {c |}{col 22}{res}{space 2} .0432981{col 34}{space 2} .0209239{col 45}{space 1}    2.07{col 54}{space 3}0.039{col 62}{space 4} .0022664{col 75}{space 3} .0843298
{txt}{space 20} {c |}
c.center_GVC#c.ECAo4 {c |}{col 22}{res}{space 2} 1.27e-07{col 34}{space 2} 2.58e-08{col 45}{space 1}    4.91{col 54}{space 3}0.000{col 62}{space 4} 7.60e-08{col 75}{space 3} 1.77e-07
{txt}{space 20} {c |}
{space 15}ECAw1 {c |}{col 22}{res}{space 2} .0030379{col 34}{space 2} .0015083{col 45}{space 1}    2.01{col 54}{space 3}0.044{col 62}{space 4} .0000801{col 75}{space 3} .0059957
{txt}{space 17}k1e {c |}{col 22}{res}{space 2}-.0083108{col 34}{space 2} .0005184{col 45}{space 1}  -16.03{col 54}{space 3}0.000{col 62}{space 4}-.0093275{col 75}{space 3}-.0072941
{txt}{space 17}n5a {c |}{col 22}{res}{space 2}-4.42e-08{col 34}{space 2} 5.51e-09{col 45}{space 1}   -8.01{col 54}{space 3}0.000{col 62}{space 4}-5.50e-08{col 75}{space 3}-3.34e-08
{txt}{space 17}n5b {c |}{col 22}{res}{space 2}-3.41e-08{col 34}{space 2} 6.69e-09{col 45}{space 1}   -5.10{col 54}{space 3}0.000{col 62}{space 4}-4.72e-08{col 75}{space 3}-2.10e-08
{txt}{space 15}_cons {c |}{col 22}{res}{space 2}-10.10512{col 34}{space 2} .0334968{col 45}{space 1} -301.67{col 54}{space 3}0.000{col 62}{space 4} -10.1708{col 75}{space 3}-10.03943
{txt}{hline 21}{c BT}{hline 11}{hline 11}{hline 9}{hline 8}{hline 13}{hline 12}
{res}
{com}. regress y center_GVC c.center_GVC#c.ECAo4 ECAw1 k1e n5a n5b j4

{txt}      Source {c |}       SS           df       MS      Number of obs   ={res}     1,491
{txt}{hline 13}{c +}{hline 34}   F(7, 1483)      = {res}    37.82
{txt}       Model {c |} {res}  265.60128         7  37.9430401   {txt}Prob > F        ={res}    0.0000
{txt}    Residual {c |} {res} 1487.71094     1,483  1.00317663   {txt}R-squared       ={res}    0.1515
{txt}{hline 13}{c +}{hline 34}   Adj R-squared   ={res}    0.1475
{txt}       Total {c |} {res} 1753.31222     1,490  1.17671961   {txt}Root MSE        =   {res} 1.0016

{txt}{hline 21}{c TT}{hline 11}{hline 11}{hline 9}{hline 8}{hline 13}{hline 12}
{col 1}                   y{col 22}{c |} Coefficient{col 34}  Std. err.{col 46}      t{col 54}   P>|t|{col 62}     [95% con{col 75}f. interval]
{hline 21}{c +}{hline 11}{hline 11}{hline 9}{hline 8}{hline 13}{hline 12}
{space 10}center_GVC {c |}{col 22}{res}{space 2} .0322274{col 34}{space 2} .0269137{col 45}{space 1}    1.20{col 54}{space 3}0.231{col 62}{space 4}-.0205656{col 75}{space 3} .0850203
{txt}{space 20} {c |}
c.center_GVC#c.ECAo4 {c |}{col 22}{res}{space 2} 1.57e-07{col 34}{space 2} 3.62e-08{col 45}{space 1}    4.34{col 54}{space 3}0.000{col 62}{space 4} 8.61e-08{col 75}{space 3} 2.28e-07
{txt}{space 20} {c |}
{space 15}ECAw1 {c |}{col 22}{res}{space 2} .0054111{col 34}{space 2} .0021014{col 45}{space 1}    2.58{col 54}{space 3}0.010{col 62}{space 4} .0012891{col 75}{space 3} .0095331
{txt}{space 17}k1e {c |}{col 22}{res}{space 2}-.0080132{col 34}{space 2} .0006851{col 45}{space 1}  -11.70{col 54}{space 3}0.000{col 62}{space 4}-.0093571{col 75}{space 3}-.0066693
{txt}{space 17}n5a {c |}{col 22}{res}{space 2}-4.09e-08{col 34}{space 2} 6.03e-09{col 45}{space 1}   -6.78{col 54}{space 3}0.000{col 62}{space 4}-5.27e-08{col 75}{space 3}-2.91e-08
{txt}{space 17}n5b {c |}{col 22}{res}{space 2}-3.24e-08{col 34}{space 2} 7.07e-09{col 45}{space 1}   -4.58{col 54}{space 3}0.000{col 62}{space 4}-4.63e-08{col 75}{space 3}-1.85e-08
{txt}{space 18}j4 {c |}{col 22}{res}{space 2}-.0109607{col 34}{space 2}   .00463{col 45}{space 1}   -2.37{col 54}{space 3}0.018{col 62}{space 4}-.0200426{col 75}{space 3}-.0018787
{txt}{space 15}_cons {c |}{col 22}{res}{space 2}-10.07407{col 34}{space 2} .0438826{col 45}{space 1} -229.57{col 54}{space 3}0.000{col 62}{space 4}-10.16015{col 75}{space 3}-9.987996
{txt}{hline 21}{c BT}{hline 11}{hline 11}{hline 9}{hline 8}{hline 13}{hline 12}
{res}
{com}. regress y center_GVC c.center_GVC#c.ECAo4 ECAw1 k1e n5a n5b

{txt}      Source {c |}       SS           df       MS      Number of obs   ={res}     2,303
{txt}{hline 13}{c +}{hline 34}   F(6, 2296)      = {res}    73.90
{txt}       Model {c |} {res} 400.477648         6  66.7462747   {txt}Prob > F        ={res}    0.0000
{txt}    Residual {c |} {res} 2073.68834     2,296  .903174366   {txt}R-squared       ={res}    0.1619
{txt}{hline 13}{c +}{hline 34}   Adj R-squared   ={res}    0.1597
{txt}       Total {c |} {res} 2474.16599     2,302  1.07478974   {txt}Root MSE        =   {res} .95035

{txt}{hline 21}{c TT}{hline 11}{hline 11}{hline 9}{hline 8}{hline 13}{hline 12}
{col 1}                   y{col 22}{c |} Coefficient{col 34}  Std. err.{col 46}      t{col 54}   P>|t|{col 62}     [95% con{col 75}f. interval]
{hline 21}{c +}{hline 11}{hline 11}{hline 9}{hline 8}{hline 13}{hline 12}
{space 10}center_GVC {c |}{col 22}{res}{space 2} .0432981{col 34}{space 2} .0209239{col 45}{space 1}    2.07{col 54}{space 3}0.039{col 62}{space 4} .0022664{col 75}{space 3} .0843298
{txt}{space 20} {c |}
c.center_GVC#c.ECAo4 {c |}{col 22}{res}{space 2} 1.27e-07{col 34}{space 2} 2.58e-08{col 45}{space 1}    4.91{col 54}{space 3}0.000{col 62}{space 4} 7.60e-08{col 75}{space 3} 1.77e-07
{txt}{space 20} {c |}
{space 15}ECAw1 {c |}{col 22}{res}{space 2} .0030379{col 34}{space 2} .0015083{col 45}{space 1}    2.01{col 54}{space 3}0.044{col 62}{space 4} .0000801{col 75}{space 3} .0059957
{txt}{space 17}k1e {c |}{col 22}{res}{space 2}-.0083108{col 34}{space 2} .0005184{col 45}{space 1}  -16.03{col 54}{space 3}0.000{col 62}{space 4}-.0093275{col 75}{space 3}-.0072941
{txt}{space 17}n5a {c |}{col 22}{res}{space 2}-4.42e-08{col 34}{space 2} 5.51e-09{col 45}{space 1}   -8.01{col 54}{space 3}0.000{col 62}{space 4}-5.50e-08{col 75}{space 3}-3.34e-08
{txt}{space 17}n5b {c |}{col 22}{res}{space 2}-3.41e-08{col 34}{space 2} 6.69e-09{col 45}{space 1}   -5.10{col 54}{space 3}0.000{col 62}{space 4}-4.72e-08{col 75}{space 3}-2.10e-08
{txt}{space 15}_cons {c |}{col 22}{res}{space 2}-10.10512{col 34}{space 2} .0334968{col 45}{space 1} -301.67{col 54}{space 3}0.000{col 62}{space 4} -10.1708{col 75}{space 3}-10.03943
{txt}{hline 21}{c BT}{hline 11}{hline 11}{hline 9}{hline 8}{hline 13}{hline 12}
{res}
{com}. regress y center_GVC c.center_GVC#c.ECAo4 ECAw1 k1e n5a n5b ECAq69

{txt}      Source {c |}       SS           df       MS      Number of obs   ={res}     2,284
{txt}{hline 13}{c +}{hline 34}   F(7, 2276)      = {res}    65.11
{txt}       Model {c |} {res} 409.915784         7  58.5593978   {txt}Prob > F        ={res}    0.0000
{txt}    Residual {c |} {res} 2047.11724     2,276  .899436396   {txt}R-squared       ={res}    0.1668
{txt}{hline 13}{c +}{hline 34}   Adj R-squared   ={res}    0.1643
{txt}       Total {c |} {res} 2457.03302     2,283  1.07622997   {txt}Root MSE        =   {res} .94839

{txt}{hline 21}{c TT}{hline 11}{hline 11}{hline 9}{hline 8}{hline 13}{hline 12}
{col 1}                   y{col 22}{c |} Coefficient{col 34}  Std. err.{col 46}      t{col 54}   P>|t|{col 62}     [95% con{col 75}f. interval]
{hline 21}{c +}{hline 11}{hline 11}{hline 9}{hline 8}{hline 13}{hline 12}
{space 10}center_GVC {c |}{col 22}{res}{space 2} .0476114{col 34}{space 2} .0209673{col 45}{space 1}    2.27{col 54}{space 3}0.023{col 62}{space 4} .0064944{col 75}{space 3} .0887283
{txt}{space 20} {c |}
c.center_GVC#c.ECAo4 {c |}{col 22}{res}{space 2} 1.30e-07{col 34}{space 2} 2.58e-08{col 45}{space 1}    5.03{col 54}{space 3}0.000{col 62}{space 4} 7.91e-08{col 75}{space 3} 1.80e-07
{txt}{space 20} {c |}
{space 15}ECAw1 {c |}{col 22}{res}{space 2} .0028937{col 34}{space 2} .0015064{col 45}{space 1}    1.92{col 54}{space 3}0.055{col 62}{space 4}-.0000604{col 75}{space 3} .0058479
{txt}{space 17}k1e {c |}{col 22}{res}{space 2}-.0084159{col 34}{space 2} .0005205{col 45}{space 1}  -16.17{col 54}{space 3}0.000{col 62}{space 4}-.0094366{col 75}{space 3}-.0073951
{txt}{space 17}n5a {c |}{col 22}{res}{space 2}-4.42e-08{col 34}{space 2} 5.50e-09{col 45}{space 1}   -8.04{col 54}{space 3}0.000{col 62}{space 4}-5.50e-08{col 75}{space 3}-3.34e-08
{txt}{space 17}n5b {c |}{col 22}{res}{space 2}-3.38e-08{col 34}{space 2} 6.67e-09{col 45}{space 1}   -5.07{col 54}{space 3}0.000{col 62}{space 4}-4.69e-08{col 75}{space 3}-2.07e-08
{txt}{space 14}ECAq69 {c |}{col 22}{res}{space 2}-.0030859{col 34}{space 2} .0008117{col 45}{space 1}   -3.80{col 54}{space 3}0.000{col 62}{space 4}-.0046776{col 75}{space 3}-.0014941
{txt}{space 15}_cons {c |}{col 22}{res}{space 2}-10.03464{col 34}{space 2} .0385094{col 45}{space 1} -260.58{col 54}{space 3}0.000{col 62}{space 4}-10.11016{col 75}{space 3}-9.959124
{txt}{hline 21}{c BT}{hline 11}{hline 11}{hline 9}{hline 8}{hline 13}{hline 12}
{res}
{com}. regress y center_GVC c.center_GVC#c.ECAo4 ECAw1 k1e n5a n5b ECAq69 n2a

{txt}      Source {c |}       SS           df       MS      Number of obs   ={res}     2,276
{txt}{hline 13}{c +}{hline 34}   F(8, 2267)      = {res}    66.51
{txt}       Model {c |} {res} 465.452486         8  58.1815607   {txt}Prob > F        ={res}    0.0000
{txt}    Residual {c |} {res} 1983.26605     2,267  .874841662   {txt}R-squared       ={res}    0.1901
{txt}{hline 13}{c +}{hline 34}   Adj R-squared   ={res}    0.1872
{txt}       Total {c |} {res} 2448.71853     2,275  1.07635979   {txt}Root MSE        =   {res} .93533

{txt}{hline 21}{c TT}{hline 11}{hline 11}{hline 9}{hline 8}{hline 13}{hline 12}
{col 1}                   y{col 22}{c |} Coefficient{col 34}  Std. err.{col 46}      t{col 54}   P>|t|{col 62}     [95% con{col 75}f. interval]
{hline 21}{c +}{hline 11}{hline 11}{hline 9}{hline 8}{hline 13}{hline 12}
{space 10}center_GVC {c |}{col 22}{res}{space 2} .0463783{col 34}{space 2} .0207045{col 45}{space 1}    2.24{col 54}{space 3}0.025{col 62}{space 4} .0057765{col 75}{space 3} .0869802
{txt}{space 20} {c |}
c.center_GVC#c.ECAo4 {c |}{col 22}{res}{space 2} 7.40e-08{col 34}{space 2} 2.63e-08{col 45}{space 1}    2.81{col 54}{space 3}0.005{col 62}{space 4} 2.24e-08{col 75}{space 3} 1.26e-07
{txt}{space 20} {c |}
{space 15}ECAw1 {c |}{col 22}{res}{space 2} .0028843{col 34}{space 2} .0014862{col 45}{space 1}    1.94{col 54}{space 3}0.052{col 62}{space 4}-.0000301{col 75}{space 3} .0057987
{txt}{space 17}k1e {c |}{col 22}{res}{space 2}-.0080195{col 34}{space 2} .0005165{col 45}{space 1}  -15.53{col 54}{space 3}0.000{col 62}{space 4}-.0090323{col 75}{space 3}-.0070066
{txt}{space 17}n5a {c |}{col 22}{res}{space 2}-2.01e-08{col 34}{space 2} 6.19e-09{col 45}{space 1}   -3.24{col 54}{space 3}0.001{col 62}{space 4}-3.22e-08{col 75}{space 3}-7.91e-09
{txt}{space 17}n5b {c |}{col 22}{res}{space 2}-2.89e-08{col 34}{space 2} 6.61e-09{col 45}{space 1}   -4.37{col 54}{space 3}0.000{col 62}{space 4}-4.19e-08{col 75}{space 3}-1.60e-08
{txt}{space 14}ECAq69 {c |}{col 22}{res}{space 2}-.0030986{col 34}{space 2} .0008011{col 45}{space 1}   -3.87{col 54}{space 3}0.000{col 62}{space 4}-.0046696{col 75}{space 3}-.0015276
{txt}{space 17}n2a {c |}{col 22}{res}{space 2}-3.33e-08{col 34}{space 2} 4.11e-09{col 45}{space 1}   -8.10{col 54}{space 3}0.000{col 62}{space 4}-4.13e-08{col 75}{space 3}-2.52e-08
{txt}{space 15}_cons {c |}{col 22}{res}{space 2}-10.02389{col 34}{space 2} .0380915{col 45}{space 1} -263.15{col 54}{space 3}0.000{col 62}{space 4}-10.09859{col 75}{space 3}-9.949193
{txt}{hline 21}{c BT}{hline 11}{hline 11}{hline 9}{hline 8}{hline 13}{hline 12}
{res}
{com}. regress y center_GVC c.center_GVC#c.ECAo4 ECAw1 k1e n5a n5b n2a

{txt}      Source {c |}       SS           df       MS      Number of obs   ={res}     2,294
{txt}{hline 13}{c +}{hline 34}   F(7, 2286)      = {res}    74.33
{txt}       Model {c |} {res} 457.127363         7   65.303909   {txt}Prob > F        ={res}    0.0000
{txt}    Residual {c |} {res} 2008.36839     2,286  .878551353   {txt}R-squared       ={res}    0.1854
{txt}{hline 13}{c +}{hline 34}   Adj R-squared   ={res}    0.1829
{txt}       Total {c |} {res} 2465.49575     2,293  1.07522711   {txt}Root MSE        =   {res} .93731

{txt}{hline 21}{c TT}{hline 11}{hline 11}{hline 9}{hline 8}{hline 13}{hline 12}
{col 1}                   y{col 22}{c |} Coefficient{col 34}  Std. err.{col 46}      t{col 54}   P>|t|{col 62}     [95% con{col 75}f. interval]
{hline 21}{c +}{hline 11}{hline 11}{hline 9}{hline 8}{hline 13}{hline 12}
{space 10}center_GVC {c |}{col 22}{res}{space 2} .0417196{col 34}{space 2} .0206621{col 45}{space 1}    2.02{col 54}{space 3}0.044{col 62}{space 4} .0012012{col 75}{space 3} .0822381
{txt}{space 20} {c |}
c.center_GVC#c.ECAo4 {c |}{col 22}{res}{space 2} 7.10e-08{col 34}{space 2} 2.63e-08{col 45}{space 1}    2.70{col 54}{space 3}0.007{col 62}{space 4} 1.93e-08{col 75}{space 3} 1.23e-07
{txt}{space 20} {c |}
{space 15}ECAw1 {c |}{col 22}{res}{space 2}  .003051{col 34}{space 2} .0014881{col 45}{space 1}    2.05{col 54}{space 3}0.040{col 62}{space 4} .0001328{col 75}{space 3} .0059693
{txt}{space 17}k1e {c |}{col 22}{res}{space 2}-.0079103{col 34}{space 2} .0005148{col 45}{space 1}  -15.36{col 54}{space 3}0.000{col 62}{space 4}-.0089199{col 75}{space 3}-.0069007
{txt}{space 17}n5a {c |}{col 22}{res}{space 2}-2.00e-08{col 34}{space 2} 6.20e-09{col 45}{space 1}   -3.23{col 54}{space 3}0.001{col 62}{space 4}-3.22e-08{col 75}{space 3}-7.84e-09
{txt}{space 17}n5b {c |}{col 22}{res}{space 2}-2.91e-08{col 34}{space 2} 6.62e-09{col 45}{space 1}   -4.40{col 54}{space 3}0.000{col 62}{space 4}-4.21e-08{col 75}{space 3}-1.61e-08
{txt}{space 17}n2a {c |}{col 22}{res}{space 2}-3.32e-08{col 34}{space 2} 4.10e-09{col 45}{space 1}   -8.11{col 54}{space 3}0.000{col 62}{space 4}-4.13e-08{col 75}{space 3}-2.52e-08
{txt}{space 15}_cons {c |}{col 22}{res}{space 2}-10.09486{col 34}{space 2} .0331319{col 45}{space 1} -304.69{col 54}{space 3}0.000{col 62}{space 4}-10.15984{col 75}{space 3}-10.02989
{txt}{hline 21}{c BT}{hline 11}{hline 11}{hline 9}{hline 8}{hline 13}{hline 12}
{res}
{com}. regress y center_GVC c.center_GVC#c.ECAo4 ECAw1 k1e n5a n5b n2a n2e

{txt}      Source {c |}       SS           df       MS      Number of obs   ={res}     2,276
{txt}{hline 13}{c +}{hline 34}   F(8, 2267)      = {res}    67.72
{txt}       Model {c |} {res}  473.06843         8  59.1335538   {txt}Prob > F        ={res}    0.0000
{txt}    Residual {c |} {res} 1979.43371     2,267  .873151172   {txt}R-squared       ={res}    0.1929
{txt}{hline 13}{c +}{hline 34}   Adj R-squared   ={res}    0.1900
{txt}       Total {c |} {res} 2452.50214     2,275  1.07802292   {txt}Root MSE        =   {res} .93443

{txt}{hline 21}{c TT}{hline 11}{hline 11}{hline 9}{hline 8}{hline 13}{hline 12}
{col 1}                   y{col 22}{c |} Coefficient{col 34}  Std. err.{col 46}      t{col 54}   P>|t|{col 62}     [95% con{col 75}f. interval]
{hline 21}{c +}{hline 11}{hline 11}{hline 9}{hline 8}{hline 13}{hline 12}
{space 10}center_GVC {c |}{col 22}{res}{space 2} .0366851{col 34}{space 2} .0206858{col 45}{space 1}    1.77{col 54}{space 3}0.076{col 62}{space 4}  -.00388{col 75}{space 3} .0772502
{txt}{space 20} {c |}
c.center_GVC#c.ECAo4 {c |}{col 22}{res}{space 2} 9.80e-08{col 34}{space 2} 2.70e-08{col 45}{space 1}    3.64{col 54}{space 3}0.000{col 62}{space 4} 4.51e-08{col 75}{space 3} 1.51e-07
{txt}{space 20} {c |}
{space 15}ECAw1 {c |}{col 22}{res}{space 2} .0029597{col 34}{space 2} .0014859{col 45}{space 1}    1.99{col 54}{space 3}0.047{col 62}{space 4} .0000459{col 75}{space 3} .0058736
{txt}{space 17}k1e {c |}{col 22}{res}{space 2}-.0079848{col 34}{space 2} .0005157{col 45}{space 1}  -15.48{col 54}{space 3}0.000{col 62}{space 4}-.0089962{col 75}{space 3}-.0069735
{txt}{space 17}n5a {c |}{col 22}{res}{space 2}-2.03e-08{col 34}{space 2} 6.18e-09{col 45}{space 1}   -3.28{col 54}{space 3}0.001{col 62}{space 4}-3.24e-08{col 75}{space 3}-8.14e-09
{txt}{space 17}n5b {c |}{col 22}{res}{space 2}-2.67e-08{col 34}{space 2} 6.62e-09{col 45}{space 1}   -4.04{col 54}{space 3}0.000{col 62}{space 4}-3.97e-08{col 75}{space 3}-1.37e-08
{txt}{space 17}n2a {c |}{col 22}{res}{space 2}-1.59e-08{col 34}{space 2} 5.65e-09{col 45}{space 1}   -2.81{col 54}{space 3}0.005{col 62}{space 4}-2.69e-08{col 75}{space 3}-4.78e-09
{txt}{space 17}n2e {c |}{col 22}{res}{space 2}-3.33e-09{col 34}{space 2} 7.48e-10{col 45}{space 1}   -4.45{col 54}{space 3}0.000{col 62}{space 4}-4.79e-09{col 75}{space 3}-1.86e-09
{txt}{space 15}_cons {c |}{col 22}{res}{space 2}-10.09668{col 34}{space 2} .0331517{col 45}{space 1} -304.56{col 54}{space 3}0.000{col 62}{space 4}-10.16169{col 75}{space 3}-10.03167
{txt}{hline 21}{c BT}{hline 11}{hline 11}{hline 9}{hline 8}{hline 13}{hline 12}
{res}
{com}. regress y center_GVC c.center_GVC#c.ECAo4 ECAw1 k1e n5a n5b n2a n2e ECAq69

{txt}      Source {c |}       SS           df       MS      Number of obs   ={res}     2,258
{txt}{hline 13}{c +}{hline 34}   F(9, 2248)      = {res}    61.18
{txt}       Model {c |} {res} 479.249783         9  53.2499759   {txt}Prob > F        ={res}    0.0000
{txt}    Residual {c |} {res} 1956.47867     2,248  .870319694   {txt}R-squared       ={res}    0.1968
{txt}{hline 13}{c +}{hline 34}   Adj R-squared   ={res}    0.1935
{txt}       Total {c |} {res} 2435.72846     2,257  1.07918851   {txt}Root MSE        =   {res} .93291

{txt}{hline 21}{c TT}{hline 11}{hline 11}{hline 9}{hline 8}{hline 13}{hline 12}
{col 1}                   y{col 22}{c |} Coefficient{col 34}  Std. err.{col 46}      t{col 54}   P>|t|{col 62}     [95% con{col 75}f. interval]
{hline 21}{c +}{hline 11}{hline 11}{hline 9}{hline 8}{hline 13}{hline 12}
{space 10}center_GVC {c |}{col 22}{res}{space 2} .0412607{col 34}{space 2} .0207387{col 45}{space 1}    1.99{col 54}{space 3}0.047{col 62}{space 4} .0005916{col 75}{space 3} .0819298
{txt}{space 20} {c |}
c.center_GVC#c.ECAo4 {c |}{col 22}{res}{space 2} 9.99e-08{col 34}{space 2} 2.69e-08{col 45}{space 1}    3.71{col 54}{space 3}0.000{col 62}{space 4} 4.70e-08{col 75}{space 3} 1.53e-07
{txt}{space 20} {c |}
{space 15}ECAw1 {c |}{col 22}{res}{space 2} .0028058{col 34}{space 2} .0014846{col 45}{space 1}    1.89{col 54}{space 3}0.059{col 62}{space 4}-.0001056{col 75}{space 3} .0057172
{txt}{space 17}k1e {c |}{col 22}{res}{space 2}-.0080804{col 34}{space 2} .0005175{col 45}{space 1}  -15.61{col 54}{space 3}0.000{col 62}{space 4}-.0090952{col 75}{space 3}-.0070655
{txt}{space 17}n5a {c |}{col 22}{res}{space 2}-2.03e-08{col 34}{space 2} 6.18e-09{col 45}{space 1}   -3.29{col 54}{space 3}0.001{col 62}{space 4}-3.24e-08{col 75}{space 3}-8.21e-09
{txt}{space 17}n5b {c |}{col 22}{res}{space 2}-2.66e-08{col 34}{space 2} 6.61e-09{col 45}{space 1}   -4.03{col 54}{space 3}0.000{col 62}{space 4}-3.96e-08{col 75}{space 3}-1.37e-08
{txt}{space 17}n2a {c |}{col 22}{res}{space 2}-1.66e-08{col 34}{space 2} 5.67e-09{col 45}{space 1}   -2.92{col 54}{space 3}0.003{col 62}{space 4}-2.77e-08{col 75}{space 3}-5.47e-09
{txt}{space 17}n2e {c |}{col 22}{res}{space 2}-3.19e-09{col 34}{space 2} 7.50e-10{col 45}{space 1}   -4.25{col 54}{space 3}0.000{col 62}{space 4}-4.66e-09{col 75}{space 3}-1.72e-09
{txt}{space 14}ECAq69 {c |}{col 22}{res}{space 2}-.0029814{col 34}{space 2} .0008023{col 45}{space 1}   -3.72{col 54}{space 3}0.000{col 62}{space 4}-.0045548{col 75}{space 3} -.001408
{txt}{space 15}_cons {c |}{col 22}{res}{space 2}-10.02891{col 34}{space 2} .0380727{col 45}{space 1} -263.41{col 54}{space 3}0.000{col 62}{space 4}-10.10358{col 75}{space 3}-9.954253
{txt}{hline 21}{c BT}{hline 11}{hline 11}{hline 9}{hline 8}{hline 13}{hline 12}
{res}
{com}. regress y center_GVC c.center_GVC#c.ECAo4 ECAw1 k1e n5a n5b n2a n2e ECAq69 n2i
{err}no observations
{txt}{search r(2000), local:r(2000);}

{com}. regress y center_GVC c.center_GVC#c.ECAo4 ECAw1 k1e n5a n5b n2a n2e ECAq69 n3

{txt}      Source {c |}       SS           df       MS      Number of obs   ={res}     2,229
{txt}{hline 13}{c +}{hline 34}   F(10, 2218)     = {res}    63.65
{txt}       Model {c |} {res} 537.874744        10  53.7874744   {txt}Prob > F        ={res}    0.0000
{txt}    Residual {c |} {res} 1874.34642     2,218  .845061504   {txt}R-squared       ={res}    0.2230
{txt}{hline 13}{c +}{hline 34}   Adj R-squared   ={res}    0.2195
{txt}       Total {c |} {res} 2412.22116     2,228  1.08268454   {txt}Root MSE        =   {res} .91927

{txt}{hline 21}{c TT}{hline 11}{hline 11}{hline 9}{hline 8}{hline 13}{hline 12}
{col 1}                   y{col 22}{c |} Coefficient{col 34}  Std. err.{col 46}      t{col 54}   P>|t|{col 62}     [95% con{col 75}f. interval]
{hline 21}{c +}{hline 11}{hline 11}{hline 9}{hline 8}{hline 13}{hline 12}
{space 10}center_GVC {c |}{col 22}{res}{space 2} .0349048{col 34}{space 2} .0205304{col 45}{space 1}    1.70{col 54}{space 3}0.089{col 62}{space 4} -.005356{col 75}{space 3} .0751656
{txt}{space 20} {c |}
c.center_GVC#c.ECAo4 {c |}{col 22}{res}{space 2} 1.20e-07{col 34}{space 2} 2.67e-08{col 45}{space 1}    4.51{col 54}{space 3}0.000{col 62}{space 4} 6.79e-08{col 75}{space 3} 1.72e-07
{txt}{space 20} {c |}
{space 15}ECAw1 {c |}{col 22}{res}{space 2} .0032775{col 34}{space 2} .0014673{col 45}{space 1}    2.23{col 54}{space 3}0.026{col 62}{space 4}    .0004{col 75}{space 3}  .006155
{txt}{space 17}k1e {c |}{col 22}{res}{space 2}-.0079024{col 34}{space 2}  .000514{col 45}{space 1}  -15.38{col 54}{space 3}0.000{col 62}{space 4}-.0089103{col 75}{space 3}-.0068945
{txt}{space 17}n5a {c |}{col 22}{res}{space 2}-9.55e-09{col 34}{space 2} 6.21e-09{col 45}{space 1}   -1.54{col 54}{space 3}0.124{col 62}{space 4}-2.17e-08{col 75}{space 3} 2.62e-09
{txt}{space 17}n5b {c |}{col 22}{res}{space 2}-2.11e-08{col 34}{space 2} 6.55e-09{col 45}{space 1}   -3.23{col 54}{space 3}0.001{col 62}{space 4}-3.40e-08{col 75}{space 3}-8.28e-09
{txt}{space 17}n2a {c |}{col 22}{res}{space 2} 2.41e-09{col 34}{space 2} 5.99e-09{col 45}{space 1}    0.40{col 54}{space 3}0.688{col 62}{space 4}-9.34e-09{col 75}{space 3} 1.42e-08
{txt}{space 17}n2e {c |}{col 22}{res}{space 2}-4.23e-09{col 34}{space 2} 7.49e-10{col 45}{space 1}   -5.66{col 54}{space 3}0.000{col 62}{space 4}-5.70e-09{col 75}{space 3}-2.77e-09
{txt}{space 14}ECAq69 {c |}{col 22}{res}{space 2}-.0029631{col 34}{space 2} .0007953{col 45}{space 1}   -3.73{col 54}{space 3}0.000{col 62}{space 4}-.0045226{col 75}{space 3}-.0014035
{txt}{space 18}n3 {c |}{col 22}{res}{space 2}-5.63e-09{col 34}{space 2} 6.45e-10{col 45}{space 1}   -8.72{col 54}{space 3}0.000{col 62}{space 4}-6.89e-09{col 75}{space 3}-4.36e-09
{txt}{space 15}_cons {c |}{col 22}{res}{space 2} -10.0307{col 34}{space 2}  .037821{col 45}{space 1} -265.22{col 54}{space 3}0.000{col 62}{space 4}-10.10487{col 75}{space 3}-9.956532
{txt}{hline 21}{c BT}{hline 11}{hline 11}{hline 9}{hline 8}{hline 13}{hline 12}
{res}
{com}. regress y center_GVC c.center_GVC#c.ECAo4 ECAw1 k1e n5a n5b n2a n2e n3

{txt}      Source {c |}       SS           df       MS      Number of obs   ={res}     2,247
{txt}{hline 13}{c +}{hline 34}   F(9, 2237)      = {res}    69.90
{txt}       Model {c |} {res} 533.146782         9  59.2385313   {txt}Prob > F        ={res}    0.0000
{txt}    Residual {c |} {res} 1895.82824     2,237  .847486919   {txt}R-squared       ={res}    0.2195
{txt}{hline 13}{c +}{hline 34}   Adj R-squared   ={res}    0.2164
{txt}       Total {c |} {res} 2428.97502     2,246  1.08146706   {txt}Root MSE        =   {res} .92059

{txt}{hline 21}{c TT}{hline 11}{hline 11}{hline 9}{hline 8}{hline 13}{hline 12}
{col 1}                   y{col 22}{c |} Coefficient{col 34}  Std. err.{col 46}      t{col 54}   P>|t|{col 62}     [95% con{col 75}f. interval]
{hline 21}{c +}{hline 11}{hline 11}{hline 9}{hline 8}{hline 13}{hline 12}
{space 10}center_GVC {c |}{col 22}{res}{space 2} .0303484{col 34}{space 2} .0204743{col 45}{space 1}    1.48{col 54}{space 3}0.138{col 62}{space 4}-.0098021{col 75}{space 3}  .070499
{txt}{space 20} {c |}
c.center_GVC#c.ECAo4 {c |}{col 22}{res}{space 2} 1.18e-07{col 34}{space 2} 2.67e-08{col 45}{space 1}    4.43{col 54}{space 3}0.000{col 62}{space 4} 6.59e-08{col 75}{space 3} 1.70e-07
{txt}{space 20} {c |}
{space 15}ECAw1 {c |}{col 22}{res}{space 2}  .003441{col 34}{space 2} .0014683{col 45}{space 1}    2.34{col 54}{space 3}0.019{col 62}{space 4} .0005616{col 75}{space 3} .0063205
{txt}{space 17}k1e {c |}{col 22}{res}{space 2}-.0077861{col 34}{space 2} .0005121{col 45}{space 1}  -15.20{col 54}{space 3}0.000{col 62}{space 4}-.0087903{col 75}{space 3}-.0067819
{txt}{space 17}n5a {c |}{col 22}{res}{space 2}-9.64e-09{col 34}{space 2} 6.21e-09{col 45}{space 1}   -1.55{col 54}{space 3}0.120{col 62}{space 4}-2.18e-08{col 75}{space 3} 2.53e-09
{txt}{space 17}n5b {c |}{col 22}{res}{space 2}-2.13e-08{col 34}{space 2} 6.55e-09{col 45}{space 1}   -3.24{col 54}{space 3}0.001{col 62}{space 4}-3.41e-08{col 75}{space 3}-8.40e-09
{txt}{space 17}n2a {c |}{col 22}{res}{space 2} 3.06e-09{col 34}{space 2} 5.96e-09{col 45}{space 1}    0.51{col 54}{space 3}0.607{col 62}{space 4}-8.62e-09{col 75}{space 3} 1.47e-08
{txt}{space 17}n2e {c |}{col 22}{res}{space 2}-4.31e-09{col 34}{space 2} 7.45e-10{col 45}{space 1}   -5.78{col 54}{space 3}0.000{col 62}{space 4}-5.77e-09{col 75}{space 3}-2.85e-09
{txt}{space 18}n3 {c |}{col 22}{res}{space 2}-5.64e-09{col 34}{space 2} 6.40e-10{col 45}{space 1}   -8.80{col 54}{space 3}0.000{col 62}{space 4}-6.89e-09{col 75}{space 3}-4.38e-09
{txt}{space 15}_cons {c |}{col 22}{res}{space 2}-10.09842{col 34}{space 2} .0329299{col 45}{space 1} -306.66{col 54}{space 3}0.000{col 62}{space 4}-10.16299{col 75}{space 3}-10.03384
{txt}{hline 21}{c BT}{hline 11}{hline 11}{hline 9}{hline 8}{hline 13}{hline 12}
{res}
{com}. regress y center_GVC c.center_GVC#c.ECAo4 ECAw1 k1e n5a n5b n2a n2e ECAq69

{txt}      Source {c |}       SS           df       MS      Number of obs   ={res}     2,258
{txt}{hline 13}{c +}{hline 34}   F(9, 2248)      = {res}    61.18
{txt}       Model {c |} {res} 479.249783         9  53.2499759   {txt}Prob > F        ={res}    0.0000
{txt}    Residual {c |} {res} 1956.47867     2,248  .870319694   {txt}R-squared       ={res}    0.1968
{txt}{hline 13}{c +}{hline 34}   Adj R-squared   ={res}    0.1935
{txt}       Total {c |} {res} 2435.72846     2,257  1.07918851   {txt}Root MSE        =   {res} .93291

{txt}{hline 21}{c TT}{hline 11}{hline 11}{hline 9}{hline 8}{hline 13}{hline 12}
{col 1}                   y{col 22}{c |} Coefficient{col 34}  Std. err.{col 46}      t{col 54}   P>|t|{col 62}     [95% con{col 75}f. interval]
{hline 21}{c +}{hline 11}{hline 11}{hline 9}{hline 8}{hline 13}{hline 12}
{space 10}center_GVC {c |}{col 22}{res}{space 2} .0412607{col 34}{space 2} .0207387{col 45}{space 1}    1.99{col 54}{space 3}0.047{col 62}{space 4} .0005916{col 75}{space 3} .0819298
{txt}{space 20} {c |}
c.center_GVC#c.ECAo4 {c |}{col 22}{res}{space 2} 9.99e-08{col 34}{space 2} 2.69e-08{col 45}{space 1}    3.71{col 54}{space 3}0.000{col 62}{space 4} 4.70e-08{col 75}{space 3} 1.53e-07
{txt}{space 20} {c |}
{space 15}ECAw1 {c |}{col 22}{res}{space 2} .0028058{col 34}{space 2} .0014846{col 45}{space 1}    1.89{col 54}{space 3}0.059{col 62}{space 4}-.0001056{col 75}{space 3} .0057172
{txt}{space 17}k1e {c |}{col 22}{res}{space 2}-.0080804{col 34}{space 2} .0005175{col 45}{space 1}  -15.61{col 54}{space 3}0.000{col 62}{space 4}-.0090952{col 75}{space 3}-.0070655
{txt}{space 17}n5a {c |}{col 22}{res}{space 2}-2.03e-08{col 34}{space 2} 6.18e-09{col 45}{space 1}   -3.29{col 54}{space 3}0.001{col 62}{space 4}-3.24e-08{col 75}{space 3}-8.21e-09
{txt}{space 17}n5b {c |}{col 22}{res}{space 2}-2.66e-08{col 34}{space 2} 6.61e-09{col 45}{space 1}   -4.03{col 54}{space 3}0.000{col 62}{space 4}-3.96e-08{col 75}{space 3}-1.37e-08
{txt}{space 17}n2a {c |}{col 22}{res}{space 2}-1.66e-08{col 34}{space 2} 5.67e-09{col 45}{space 1}   -2.92{col 54}{space 3}0.003{col 62}{space 4}-2.77e-08{col 75}{space 3}-5.47e-09
{txt}{space 17}n2e {c |}{col 22}{res}{space 2}-3.19e-09{col 34}{space 2} 7.50e-10{col 45}{space 1}   -4.25{col 54}{space 3}0.000{col 62}{space 4}-4.66e-09{col 75}{space 3}-1.72e-09
{txt}{space 14}ECAq69 {c |}{col 22}{res}{space 2}-.0029814{col 34}{space 2} .0008023{col 45}{space 1}   -3.72{col 54}{space 3}0.000{col 62}{space 4}-.0045548{col 75}{space 3} -.001408
{txt}{space 15}_cons {c |}{col 22}{res}{space 2}-10.02891{col 34}{space 2} .0380727{col 45}{space 1} -263.41{col 54}{space 3}0.000{col 62}{space 4}-10.10358{col 75}{space 3}-9.954253
{txt}{hline 21}{c BT}{hline 11}{hline 11}{hline 9}{hline 8}{hline 13}{hline 12}
{res}
{com}. regress y center_GVC c.center_GVC#c.ECAo4 ECAw1 k1e n5a n5b n2a n2e ECAq69 n6a

{txt}      Source {c |}       SS           df       MS      Number of obs   ={res}       354
{txt}{hline 13}{c +}{hline 34}   F(10, 343)      = {res}    11.48
{txt}       Model {c |} {res} 193.280918        10  19.3280918   {txt}Prob > F        ={res}    0.0000
{txt}    Residual {c |} {res} 577.474672       343  1.68359963   {txt}R-squared       ={res}    0.2508
{txt}{hline 13}{c +}{hline 34}   Adj R-squared   ={res}    0.2289
{txt}       Total {c |} {res}  770.75559       353   2.1834436   {txt}Root MSE        =   {res} 1.2975

{txt}{hline 21}{c TT}{hline 11}{hline 11}{hline 9}{hline 8}{hline 13}{hline 12}
{col 1}                   y{col 22}{c |} Coefficient{col 34}  Std. err.{col 46}      t{col 54}   P>|t|{col 62}     [95% con{col 75}f. interval]
{hline 21}{c +}{hline 11}{hline 11}{hline 9}{hline 8}{hline 13}{hline 12}
{space 10}center_GVC {c |}{col 22}{res}{space 2}-.0336375{col 34}{space 2} .0720792{col 45}{space 1}   -0.47{col 54}{space 3}0.641{col 62}{space 4}-.1754104{col 75}{space 3} .1081353
{txt}{space 20} {c |}
c.center_GVC#c.ECAo4 {c |}{col 22}{res}{space 2} 9.46e-08{col 34}{space 2} 3.95e-08{col 45}{space 1}    2.40{col 54}{space 3}0.017{col 62}{space 4} 1.70e-08{col 75}{space 3} 1.72e-07
{txt}{space 20} {c |}
{space 15}ECAw1 {c |}{col 22}{res}{space 2}-.0019766{col 34}{space 2} .0045104{col 45}{space 1}   -0.44{col 54}{space 3}0.661{col 62}{space 4}-.0108481{col 75}{space 3} .0068948
{txt}{space 17}k1e {c |}{col 22}{res}{space 2}-.0139076{col 34}{space 2} .0022247{col 45}{space 1}   -6.25{col 54}{space 3}0.000{col 62}{space 4}-.0182834{col 75}{space 3}-.0095317
{txt}{space 17}n5a {c |}{col 22}{res}{space 2}-1.63e-08{col 34}{space 2} 1.05e-08{col 45}{space 1}   -1.56{col 54}{space 3}0.121{col 62}{space 4}-3.70e-08{col 75}{space 3} 4.31e-09
{txt}{space 17}n5b {c |}{col 22}{res}{space 2}-2.68e-08{col 34}{space 2} 9.26e-09{col 45}{space 1}   -2.90{col 54}{space 3}0.004{col 62}{space 4}-4.51e-08{col 75}{space 3}-8.63e-09
{txt}{space 17}n2a {c |}{col 22}{res}{space 2}-1.05e-08{col 34}{space 2} 9.16e-09{col 45}{space 1}   -1.15{col 54}{space 3}0.252{col 62}{space 4}-2.85e-08{col 75}{space 3} 7.50e-09
{txt}{space 17}n2e {c |}{col 22}{res}{space 2}-2.41e-09{col 34}{space 2} 1.12e-09{col 45}{space 1}   -2.15{col 54}{space 3}0.032{col 62}{space 4}-4.61e-09{col 75}{space 3}-2.08e-10
{txt}{space 14}ECAq69 {c |}{col 22}{res}{space 2}-.0073925{col 34}{space 2} .0033603{col 45}{space 1}   -2.20{col 54}{space 3}0.028{col 62}{space 4}-.0140019{col 75}{space 3} -.000783
{txt}{space 17}n6a {c |}{col 22}{res}{space 2}-2.70e-10{col 34}{space 2} 1.17e-09{col 45}{space 1}   -0.23{col 54}{space 3}0.818{col 62}{space 4}-2.57e-09{col 75}{space 3} 2.03e-09
{txt}{space 15}_cons {c |}{col 22}{res}{space 2} -9.87637{col 34}{space 2} .1913115{col 45}{space 1}  -51.62{col 54}{space 3}0.000{col 62}{space 4}-10.25266{col 75}{space 3}-9.500079
{txt}{hline 21}{c BT}{hline 11}{hline 11}{hline 9}{hline 8}{hline 13}{hline 12}
{res}
{com}. regress y center_GVC c.center_GVC#c.ECAo4 ECAw1 k1e n5a n5b n2a n2e ECAq69 n2b

{txt}      Source {c |}       SS           df       MS      Number of obs   ={res}       354
{txt}{hline 13}{c +}{hline 34}   F(10, 343)      = {res}    12.27
{txt}       Model {c |} {res} 203.057467        10  20.3057467   {txt}Prob > F        ={res}    0.0000
{txt}    Residual {c |} {res} 567.698122       343  1.65509657   {txt}R-squared       ={res}    0.2635
{txt}{hline 13}{c +}{hline 34}   Adj R-squared   ={res}    0.2420
{txt}       Total {c |} {res}  770.75559       353   2.1834436   {txt}Root MSE        =   {res} 1.2865

{txt}{hline 21}{c TT}{hline 11}{hline 11}{hline 9}{hline 8}{hline 13}{hline 12}
{col 1}                   y{col 22}{c |} Coefficient{col 34}  Std. err.{col 46}      t{col 54}   P>|t|{col 62}     [95% con{col 75}f. interval]
{hline 21}{c +}{hline 11}{hline 11}{hline 9}{hline 8}{hline 13}{hline 12}
{space 10}center_GVC {c |}{col 22}{res}{space 2}-.0327424{col 34}{space 2}  .070887{col 45}{space 1}   -0.46{col 54}{space 3}0.644{col 62}{space 4}-.1721703{col 75}{space 3} .1066855
{txt}{space 20} {c |}
c.center_GVC#c.ECAo4 {c |}{col 22}{res}{space 2} 1.02e-07{col 34}{space 2} 3.92e-08{col 45}{space 1}    2.60{col 54}{space 3}0.010{col 62}{space 4} 2.50e-08{col 75}{space 3} 1.79e-07
{txt}{space 20} {c |}
{space 15}ECAw1 {c |}{col 22}{res}{space 2}-.0019913{col 34}{space 2}  .004472{col 45}{space 1}   -0.45{col 54}{space 3}0.656{col 62}{space 4}-.0107873{col 75}{space 3} .0068047
{txt}{space 17}k1e {c |}{col 22}{res}{space 2}-.0137394{col 34}{space 2} .0022068{col 45}{space 1}   -6.23{col 54}{space 3}0.000{col 62}{space 4}  -.01808{col 75}{space 3}-.0093987
{txt}{space 17}n5a {c |}{col 22}{res}{space 2} 3.06e-09{col 34}{space 2} 1.22e-08{col 45}{space 1}    0.25{col 54}{space 3}0.802{col 62}{space 4}-2.09e-08{col 75}{space 3} 2.70e-08
{txt}{space 17}n5b {c |}{col 22}{res}{space 2}-1.74e-08{col 34}{space 2} 9.94e-09{col 45}{space 1}   -1.75{col 54}{space 3}0.081{col 62}{space 4}-3.70e-08{col 75}{space 3} 2.14e-09
{txt}{space 17}n2a {c |}{col 22}{res}{space 2}-5.37e-09{col 34}{space 2} 9.31e-09{col 45}{space 1}   -0.58{col 54}{space 3}0.564{col 62}{space 4}-2.37e-08{col 75}{space 3} 1.29e-08
{txt}{space 17}n2e {c |}{col 22}{res}{space 2}-9.51e-09{col 34}{space 2} 3.11e-09{col 45}{space 1}   -3.06{col 54}{space 3}0.002{col 62}{space 4}-1.56e-08{col 75}{space 3}-3.39e-09
{txt}{space 14}ECAq69 {c |}{col 22}{res}{space 2}-.0073926{col 34}{space 2} .0033212{col 45}{space 1}   -2.23{col 54}{space 3}0.027{col 62}{space 4}-.0139251{col 75}{space 3}  -.00086
{txt}{space 17}n2b {c |}{col 22}{res}{space 2} 1.03e-08{col 34}{space 2} 4.23e-09{col 45}{space 1}    2.44{col 54}{space 3}0.015{col 62}{space 4} 2.01e-09{col 75}{space 3} 1.87e-08
{txt}{space 15}_cons {c |}{col 22}{res}{space 2} -9.86715{col 34}{space 2} .1895275{col 45}{space 1}  -52.06{col 54}{space 3}0.000{col 62}{space 4}-10.23993{col 75}{space 3}-9.494368
{txt}{hline 21}{c BT}{hline 11}{hline 11}{hline 9}{hline 8}{hline 13}{hline 12}
{res}
{com}. regress y center_GVC c.center_GVC#c.ECAo4 ECAw1 k1e n5a n5b n2a n2e ECAq69

{txt}      Source {c |}       SS           df       MS      Number of obs   ={res}     2,258
{txt}{hline 13}{c +}{hline 34}   F(9, 2248)      = {res}    61.18
{txt}       Model {c |} {res} 479.249783         9  53.2499759   {txt}Prob > F        ={res}    0.0000
{txt}    Residual {c |} {res} 1956.47867     2,248  .870319694   {txt}R-squared       ={res}    0.1968
{txt}{hline 13}{c +}{hline 34}   Adj R-squared   ={res}    0.1935
{txt}       Total {c |} {res} 2435.72846     2,257  1.07918851   {txt}Root MSE        =   {res} .93291

{txt}{hline 21}{c TT}{hline 11}{hline 11}{hline 9}{hline 8}{hline 13}{hline 12}
{col 1}                   y{col 22}{c |} Coefficient{col 34}  Std. err.{col 46}      t{col 54}   P>|t|{col 62}     [95% con{col 75}f. interval]
{hline 21}{c +}{hline 11}{hline 11}{hline 9}{hline 8}{hline 13}{hline 12}
{space 10}center_GVC {c |}{col 22}{res}{space 2} .0412607{col 34}{space 2} .0207387{col 45}{space 1}    1.99{col 54}{space 3}0.047{col 62}{space 4} .0005916{col 75}{space 3} .0819298
{txt}{space 20} {c |}
c.center_GVC#c.ECAo4 {c |}{col 22}{res}{space 2} 9.99e-08{col 34}{space 2} 2.69e-08{col 45}{space 1}    3.71{col 54}{space 3}0.000{col 62}{space 4} 4.70e-08{col 75}{space 3} 1.53e-07
{txt}{space 20} {c |}
{space 15}ECAw1 {c |}{col 22}{res}{space 2} .0028058{col 34}{space 2} .0014846{col 45}{space 1}    1.89{col 54}{space 3}0.059{col 62}{space 4}-.0001056{col 75}{space 3} .0057172
{txt}{space 17}k1e {c |}{col 22}{res}{space 2}-.0080804{col 34}{space 2} .0005175{col 45}{space 1}  -15.61{col 54}{space 3}0.000{col 62}{space 4}-.0090952{col 75}{space 3}-.0070655
{txt}{space 17}n5a {c |}{col 22}{res}{space 2}-2.03e-08{col 34}{space 2} 6.18e-09{col 45}{space 1}   -3.29{col 54}{space 3}0.001{col 62}{space 4}-3.24e-08{col 75}{space 3}-8.21e-09
{txt}{space 17}n5b {c |}{col 22}{res}{space 2}-2.66e-08{col 34}{space 2} 6.61e-09{col 45}{space 1}   -4.03{col 54}{space 3}0.000{col 62}{space 4}-3.96e-08{col 75}{space 3}-1.37e-08
{txt}{space 17}n2a {c |}{col 22}{res}{space 2}-1.66e-08{col 34}{space 2} 5.67e-09{col 45}{space 1}   -2.92{col 54}{space 3}0.003{col 62}{space 4}-2.77e-08{col 75}{space 3}-5.47e-09
{txt}{space 17}n2e {c |}{col 22}{res}{space 2}-3.19e-09{col 34}{space 2} 7.50e-10{col 45}{space 1}   -4.25{col 54}{space 3}0.000{col 62}{space 4}-4.66e-09{col 75}{space 3}-1.72e-09
{txt}{space 14}ECAq69 {c |}{col 22}{res}{space 2}-.0029814{col 34}{space 2} .0008023{col 45}{space 1}   -3.72{col 54}{space 3}0.000{col 62}{space 4}-.0045548{col 75}{space 3} -.001408
{txt}{space 15}_cons {c |}{col 22}{res}{space 2}-10.02891{col 34}{space 2} .0380727{col 45}{space 1} -263.41{col 54}{space 3}0.000{col 62}{space 4}-10.10358{col 75}{space 3}-9.954253
{txt}{hline 21}{c BT}{hline 11}{hline 11}{hline 9}{hline 8}{hline 13}{hline 12}
{res}
{com}. regress y center_GVC c.center_GVC#c.ECAo4 k1e n5a n5b n2a n2e ECAq69

{txt}      Source {c |}       SS           df       MS      Number of obs   ={res}     2,661
{txt}{hline 13}{c +}{hline 34}   F(8, 2652)      = {res}    74.04
{txt}       Model {c |} {res} 488.298979         8  61.0373724   {txt}Prob > F        ={res}    0.0000
{txt}    Residual {c |} {res} 2186.14021     2,652  .824336428   {txt}R-squared       ={res}    0.1826
{txt}{hline 13}{c +}{hline 34}   Adj R-squared   ={res}    0.1801
{txt}       Total {c |} {res} 2674.43919     2,660  1.00542827   {txt}Root MSE        =   {res} .90793

{txt}{hline 21}{c TT}{hline 11}{hline 11}{hline 9}{hline 8}{hline 13}{hline 12}
{col 1}                   y{col 22}{c |} Coefficient{col 34}  Std. err.{col 46}      t{col 54}   P>|t|{col 62}     [95% con{col 75}f. interval]
{hline 21}{c +}{hline 11}{hline 11}{hline 9}{hline 8}{hline 13}{hline 12}
{space 10}center_GVC {c |}{col 22}{res}{space 2} .0335984{col 34}{space 2}  .018482{col 45}{space 1}    1.82{col 54}{space 3}0.069{col 62}{space 4}-.0026422{col 75}{space 3}  .069839
{txt}{space 20} {c |}
c.center_GVC#c.ECAo4 {c |}{col 22}{res}{space 2} 1.00e-07{col 34}{space 2} 2.62e-08{col 45}{space 1}    3.83{col 54}{space 3}0.000{col 62}{space 4} 4.89e-08{col 75}{space 3} 1.52e-07
{txt}{space 20} {c |}
{space 17}k1e {c |}{col 22}{res}{space 2}-.0075877{col 34}{space 2} .0004626{col 45}{space 1}  -16.40{col 54}{space 3}0.000{col 62}{space 4}-.0084948{col 75}{space 3}-.0066806
{txt}{space 17}n5a {c |}{col 22}{res}{space 2}-2.00e-08{col 34}{space 2} 6.00e-09{col 45}{space 1}   -3.33{col 54}{space 3}0.001{col 62}{space 4}-3.17e-08{col 75}{space 3}-8.21e-09
{txt}{space 17}n5b {c |}{col 22}{res}{space 2}-2.66e-08{col 34}{space 2} 6.43e-09{col 45}{space 1}   -4.13{col 54}{space 3}0.000{col 62}{space 4}-3.92e-08{col 75}{space 3}-1.39e-08
{txt}{space 17}n2a {c |}{col 22}{res}{space 2}-1.63e-08{col 34}{space 2} 5.50e-09{col 45}{space 1}   -2.97{col 54}{space 3}0.003{col 62}{space 4}-2.71e-08{col 75}{space 3}-5.53e-09
{txt}{space 17}n2e {c |}{col 22}{res}{space 2}-3.30e-09{col 34}{space 2} 7.28e-10{col 45}{space 1}   -4.54{col 54}{space 3}0.000{col 62}{space 4}-4.73e-09{col 75}{space 3}-1.87e-09
{txt}{space 14}ECAq69 {c |}{col 22}{res}{space 2}-.0025954{col 34}{space 2} .0006626{col 45}{space 1}   -3.92{col 54}{space 3}0.000{col 62}{space 4}-.0038946{col 75}{space 3}-.0012961
{txt}{space 15}_cons {c |}{col 22}{res}{space 2}-10.05826{col 34}{space 2} .0320735{col 45}{space 1} -313.60{col 54}{space 3}0.000{col 62}{space 4}-10.12115{col 75}{space 3} -9.99537
{txt}{hline 21}{c BT}{hline 11}{hline 11}{hline 9}{hline 8}{hline 13}{hline 12}
{res}
{com}. regress y center_GVC c.center_GVC#c.ECAo4 ECAw1 k1e n5a n5b n2a n2e ECAq69

{txt}      Source {c |}       SS           df       MS      Number of obs   ={res}     2,258
{txt}{hline 13}{c +}{hline 34}   F(9, 2248)      = {res}    61.18
{txt}       Model {c |} {res} 479.249783         9  53.2499759   {txt}Prob > F        ={res}    0.0000
{txt}    Residual {c |} {res} 1956.47867     2,248  .870319694   {txt}R-squared       ={res}    0.1968
{txt}{hline 13}{c +}{hline 34}   Adj R-squared   ={res}    0.1935
{txt}       Total {c |} {res} 2435.72846     2,257  1.07918851   {txt}Root MSE        =   {res} .93291

{txt}{hline 21}{c TT}{hline 11}{hline 11}{hline 9}{hline 8}{hline 13}{hline 12}
{col 1}                   y{col 22}{c |} Coefficient{col 34}  Std. err.{col 46}      t{col 54}   P>|t|{col 62}     [95% con{col 75}f. interval]
{hline 21}{c +}{hline 11}{hline 11}{hline 9}{hline 8}{hline 13}{hline 12}
{space 10}center_GVC {c |}{col 22}{res}{space 2} .0412607{col 34}{space 2} .0207387{col 45}{space 1}    1.99{col 54}{space 3}0.047{col 62}{space 4} .0005916{col 75}{space 3} .0819298
{txt}{space 20} {c |}
c.center_GVC#c.ECAo4 {c |}{col 22}{res}{space 2} 9.99e-08{col 34}{space 2} 2.69e-08{col 45}{space 1}    3.71{col 54}{space 3}0.000{col 62}{space 4} 4.70e-08{col 75}{space 3} 1.53e-07
{txt}{space 20} {c |}
{space 15}ECAw1 {c |}{col 22}{res}{space 2} .0028058{col 34}{space 2} .0014846{col 45}{space 1}    1.89{col 54}{space 3}0.059{col 62}{space 4}-.0001056{col 75}{space 3} .0057172
{txt}{space 17}k1e {c |}{col 22}{res}{space 2}-.0080804{col 34}{space 2} .0005175{col 45}{space 1}  -15.61{col 54}{space 3}0.000{col 62}{space 4}-.0090952{col 75}{space 3}-.0070655
{txt}{space 17}n5a {c |}{col 22}{res}{space 2}-2.03e-08{col 34}{space 2} 6.18e-09{col 45}{space 1}   -3.29{col 54}{space 3}0.001{col 62}{space 4}-3.24e-08{col 75}{space 3}-8.21e-09
{txt}{space 17}n5b {c |}{col 22}{res}{space 2}-2.66e-08{col 34}{space 2} 6.61e-09{col 45}{space 1}   -4.03{col 54}{space 3}0.000{col 62}{space 4}-3.96e-08{col 75}{space 3}-1.37e-08
{txt}{space 17}n2a {c |}{col 22}{res}{space 2}-1.66e-08{col 34}{space 2} 5.67e-09{col 45}{space 1}   -2.92{col 54}{space 3}0.003{col 62}{space 4}-2.77e-08{col 75}{space 3}-5.47e-09
{txt}{space 17}n2e {c |}{col 22}{res}{space 2}-3.19e-09{col 34}{space 2} 7.50e-10{col 45}{space 1}   -4.25{col 54}{space 3}0.000{col 62}{space 4}-4.66e-09{col 75}{space 3}-1.72e-09
{txt}{space 14}ECAq69 {c |}{col 22}{res}{space 2}-.0029814{col 34}{space 2} .0008023{col 45}{space 1}   -3.72{col 54}{space 3}0.000{col 62}{space 4}-.0045548{col 75}{space 3} -.001408
{txt}{space 15}_cons {c |}{col 22}{res}{space 2}-10.02891{col 34}{space 2} .0380727{col 45}{space 1} -263.41{col 54}{space 3}0.000{col 62}{space 4}-10.10358{col 75}{space 3}-9.954253
{txt}{hline 21}{c BT}{hline 11}{hline 11}{hline 9}{hline 8}{hline 13}{hline 12}
{res}
{com}. regress y center_GVC c.center_GVC#c.ECAo4 ECAw1 k1e n5a n5b n2a n2e ECAq69 f2

{txt}      Source {c |}       SS           df       MS      Number of obs   ={res}     2,237
{txt}{hline 13}{c +}{hline 34}   F(10, 2226)     = {res}    56.02
{txt}       Model {c |} {res} 488.323003        10  48.8323003   {txt}Prob > F        ={res}    0.0000
{txt}    Residual {c |} {res} 1940.35523     2,226     .871678   {txt}R-squared       ={res}    0.2011
{txt}{hline 13}{c +}{hline 34}   Adj R-squared   ={res}    0.1975
{txt}       Total {c |} {res} 2428.67823     2,236  1.08617094   {txt}Root MSE        =   {res} .93364

{txt}{hline 21}{c TT}{hline 11}{hline 11}{hline 9}{hline 8}{hline 13}{hline 12}
{col 1}                   y{col 22}{c |} Coefficient{col 34}  Std. err.{col 46}      t{col 54}   P>|t|{col 62}     [95% con{col 75}f. interval]
{hline 21}{c +}{hline 11}{hline 11}{hline 9}{hline 8}{hline 13}{hline 12}
{space 10}center_GVC {c |}{col 22}{res}{space 2} .0438888{col 34}{space 2} .0208908{col 45}{space 1}    2.10{col 54}{space 3}0.036{col 62}{space 4} .0029214{col 75}{space 3} .0848562
{txt}{space 20} {c |}
c.center_GVC#c.ECAo4 {c |}{col 22}{res}{space 2} 9.76e-08{col 34}{space 2} 2.70e-08{col 45}{space 1}    3.61{col 54}{space 3}0.000{col 62}{space 4} 4.46e-08{col 75}{space 3} 1.51e-07
{txt}{space 20} {c |}
{space 15}ECAw1 {c |}{col 22}{res}{space 2} .0036756{col 34}{space 2} .0015342{col 45}{space 1}    2.40{col 54}{space 3}0.017{col 62}{space 4} .0006671{col 75}{space 3} .0066841
{txt}{space 17}k1e {c |}{col 22}{res}{space 2}-.0081785{col 34}{space 2} .0005229{col 45}{space 1}  -15.64{col 54}{space 3}0.000{col 62}{space 4}-.0092039{col 75}{space 3}-.0071531
{txt}{space 17}n5a {c |}{col 22}{res}{space 2}-1.93e-08{col 34}{space 2} 6.22e-09{col 45}{space 1}   -3.11{col 54}{space 3}0.002{col 62}{space 4}-3.15e-08{col 75}{space 3}-7.12e-09
{txt}{space 17}n5b {c |}{col 22}{res}{space 2}-2.67e-08{col 34}{space 2} 6.62e-09{col 45}{space 1}   -4.04{col 54}{space 3}0.000{col 62}{space 4}-3.97e-08{col 75}{space 3}-1.37e-08
{txt}{space 17}n2a {c |}{col 22}{res}{space 2}-1.66e-08{col 34}{space 2} 5.84e-09{col 45}{space 1}   -2.84{col 54}{space 3}0.005{col 62}{space 4}-2.80e-08{col 75}{space 3}-5.13e-09
{txt}{space 17}n2e {c |}{col 22}{res}{space 2}-3.15e-09{col 34}{space 2} 7.58e-10{col 45}{space 1}   -4.15{col 54}{space 3}0.000{col 62}{space 4}-4.63e-09{col 75}{space 3}-1.66e-09
{txt}{space 14}ECAq69 {c |}{col 22}{res}{space 2}-.0031189{col 34}{space 2} .0008078{col 45}{space 1}   -3.86{col 54}{space 3}0.000{col 62}{space 4} -.004703{col 75}{space 3}-.0015348
{txt}{space 18}f2 {c |}{col 22}{res}{space 2}-.0010839{col 34}{space 2} .0006057{col 45}{space 1}   -1.79{col 54}{space 3}0.074{col 62}{space 4}-.0022717{col 75}{space 3}  .000104
{txt}{space 15}_cons {c |}{col 22}{res}{space 2}-9.968279{col 34}{space 2} .0504332{col 45}{space 1} -197.65{col 54}{space 3}0.000{col 62}{space 4}-10.06718{col 75}{space 3}-9.869378
{txt}{hline 21}{c BT}{hline 11}{hline 11}{hline 9}{hline 8}{hline 13}{hline 12}
{res}
{com}. save "C:\Users\hp\Downloads\Analysis1.0.dta", replace
{txt}{p 0 4 2}
file {bf}
C:\Users\hp\Downloads\Analysis1.0.dta{rm}
saved
{p_end}

{com}. save "C:\Users\hp\Downloads\Analysis1.0.dta", replace
{txt}{p 0 4 2}
file {bf}
C:\Users\hp\Downloads\Analysis1.0.dta{rm}
saved
{p_end}

{com}. exit, clear
